Overriding config with config/hw1_baseline.py:
# HW1 Q4 variant: baseline. Same as train_shakespeare_char.py, one change only.
exec(open('config/train_shakespeare_char.py').read())
out_dir = 'out-hw1-baseline'
compile = False # torch.compile needs triton, which isn't available on Windows/MPS

tokens per iteration will be: 16,384
found vocab_size = 65 (inside data\shakespeare_char\meta.pkl)
Initializing a new model from scratch
number of parameters: 10.65M
D:\hw1\Gengerative-AI\train.py:201: FutureWarning: `torch.cuda.amp.GradScaler(args...)` is deprecated. Please use `torch.amp.GradScaler('cuda', args...)` instead.
  scaler = torch.cuda.amp.GradScaler(enabled=(dtype == 'float16'))
num decayed parameter tensors: 26, with 10,740,096 parameters
num non-decayed parameter tensors: 13, with 4,992 parameters
using fused AdamW: True
step 0: train loss 4.3704, val loss 4.3597
iter 0: loss 4.3375, time 4847.77ms, mfu -100.00%
iter 10: loss 3.1389, time 31.60ms, mfu 11.79%
iter 20: loss 2.7418, time 47.47ms, mfu 11.40%
iter 30: loss 2.6186, time 31.55ms, mfu 11.44%
iter 40: loss 2.5729, time 31.47ms, mfu 11.48%
iter 50: loss 2.5238, time 31.63ms, mfu 11.51%
iter 60: loss 2.5065, time 31.97ms, mfu 11.52%
iter 70: loss 2.4888, time 31.54ms, mfu 11.55%
iter 80: loss 2.4983, time 47.55ms, mfu 11.18%
iter 90: loss 2.4639, time 47.29ms, mfu 10.85%
iter 100: loss 2.4675, time 33.92ms, mfu 10.86%
iter 110: loss 2.4497, time 31.86ms, mfu 10.95%
iter 120: loss 2.4311, time 42.44ms, mfu 10.73%
iter 130: loss 2.4093, time 36.35ms, mfu 10.68%
iter 140: loss 2.3929, time 31.85ms, mfu 10.78%
iter 150: loss 2.4070, time 31.82ms, mfu 10.88%
iter 160: loss 2.3701, time 32.07ms, mfu 10.95%
iter 170: loss 2.3518, time 32.02ms, mfu 11.02%
iter 180: loss 2.3159, time 47.94ms, mfu 10.70%
iter 190: loss 2.2509, time 31.87ms, mfu 10.79%
iter 200: loss 2.2036, time 47.47ms, mfu 10.50%
iter 210: loss 2.1356, time 31.67ms, mfu 10.63%
iter 220: loss 2.1319, time 31.38ms, mfu 10.75%
iter 230: loss 2.0656, time 31.34ms, mfu 10.87%
iter 240: loss 2.0743, time 31.85ms, mfu 10.95%
step 250: train loss 1.9670, val loss 2.0689
saving checkpoint to out-hw1-baseline
iter 250: loss 2.0366, time 4795.57ms, mfu 9.86%
iter 260: loss 1.9681, time 31.68ms, mfu 10.05%
iter 270: loss 1.9763, time 46.68ms, mfu 9.84%
iter 280: loss 1.9749, time 47.18ms, mfu 9.65%
iter 290: loss 1.9117, time 31.67ms, mfu 9.86%
iter 300: loss 1.9044, time 31.55ms, mfu 10.06%
iter 310: loss 1.8650, time 31.67ms, mfu 10.23%
iter 320: loss 1.8489, time 31.83ms, mfu 10.38%
iter 330: loss 1.8195, time 31.68ms, mfu 10.51%
iter 340: loss 1.7838, time 31.37ms, mfu 10.65%
iter 350: loss 1.8266, time 31.44ms, mfu 10.77%
iter 360: loss 1.7711, time 31.94ms, mfu 10.86%
iter 370: loss 1.7421, time 47.48ms, mfu 10.56%
iter 380: loss 1.7242, time 32.69ms, mfu 10.64%
iter 390: loss 1.7371, time 31.28ms, mfu 10.77%
iter 400: loss 1.7639, time 31.32ms, mfu 10.88%
iter 410: loss 1.6929, time 31.37ms, mfu 10.98%
iter 420: loss 1.7131, time 30.61ms, mfu 11.10%
iter 430: loss 1.6925, time 47.12ms, mfu 10.78%
iter 440: loss 1.6598, time 31.28ms, mfu 10.90%
iter 450: loss 1.6572, time 31.36ms, mfu 10.99%
iter 460: loss 1.5924, time 32.83ms, mfu 11.03%
iter 470: loss 1.6593, time 31.61ms, mfu 11.11%
iter 480: loss 1.6181, time 31.61ms, mfu 11.17%
iter 490: loss 1.6101, time 47.82ms, mfu 10.84%
step 500: train loss 1.5310, val loss 1.7353
saving checkpoint to out-hw1-baseline
iter 500: loss 1.5991, time 4966.75ms, mfu 9.76%
iter 510: loss 1.6119, time 47.56ms, mfu 9.57%
iter 520: loss 1.5914, time 31.36ms, mfu 9.80%
iter 530: loss 1.5537, time 47.09ms, mfu 9.61%
iter 540: loss 1.6126, time 31.52ms, mfu 9.83%
iter 550: loss 1.5638, time 47.01ms, mfu 9.64%
iter 560: loss 1.5587, time 31.37ms, mfu 9.86%
iter 570: loss 1.5634, time 31.75ms, mfu 10.05%
iter 580: loss 1.5279, time 31.98ms, mfu 10.21%
iter 590: loss 1.5010, time 31.58ms, mfu 10.37%
iter 600: loss 1.5174, time 31.77ms, mfu 10.51%
iter 610: loss 1.5432, time 31.91ms, mfu 10.62%
iter 620: loss 1.5241, time 47.15ms, mfu 10.35%
iter 630: loss 1.5117, time 47.30ms, mfu 10.10%
iter 640: loss 1.4627, time 31.64ms, mfu 10.27%
iter 650: loss 1.4989, time 47.22ms, mfu 10.03%
iter 660: loss 1.4946, time 31.77ms, mfu 10.20%
iter 670: loss 1.4434, time 43.14ms, mfu 10.05%
iter 680: loss 1.5024, time 31.42ms, mfu 10.23%
iter 690: loss 1.4592, time 31.43ms, mfu 10.39%
iter 700: loss 1.4809, time 31.40ms, mfu 10.54%
iter 710: loss 1.4537, time 47.35ms, mfu 10.27%
iter 720: loss 1.4378, time 31.73ms, mfu 10.42%
iter 730: loss 1.4194, time 47.30ms, mfu 10.16%
iter 740: loss 1.4224, time 31.39ms, mfu 10.34%
step 750: train loss 1.3573, val loss 1.5875
saving checkpoint to out-hw1-baseline
iter 750: loss 1.4213, time 4852.04ms, mfu 9.31%
iter 760: loss 1.4348, time 31.35ms, mfu 9.57%
iter 770: loss 1.4289, time 47.27ms, mfu 9.40%
iter 780: loss 1.4163, time 31.28ms, mfu 9.65%
iter 790: loss 1.4154, time 31.57ms, mfu 9.87%
iter 800: loss 1.4324, time 31.67ms, mfu 10.06%
iter 810: loss 1.3935, time 31.35ms, mfu 10.24%
iter 820: loss 1.4037, time 31.31ms, mfu 10.40%
iter 830: loss 1.3842, time 31.62ms, mfu 10.54%
iter 840: loss 1.3997, time 45.11ms, mfu 10.31%
iter 850: loss 1.3905, time 31.50ms, mfu 10.47%
iter 860: loss 1.3890, time 31.46ms, mfu 10.60%
iter 870: loss 1.3881, time 31.74ms, mfu 10.72%
iter 880: loss 1.3712, time 47.20ms, mfu 10.44%
iter 890: loss 1.3811, time 31.01ms, mfu 10.59%
iter 900: loss 1.3603, time 31.84ms, mfu 10.70%
iter 910: loss 1.3131, time 31.34ms, mfu 10.82%
iter 920: loss 1.3544, time 40.61ms, mfu 10.66%
iter 930: loss 1.3597, time 31.72ms, mfu 10.77%
iter 940: loss 1.3450, time 31.30ms, mfu 10.88%
iter 950: loss 1.3526, time 31.70ms, mfu 10.97%
iter 960: loss 1.3637, time 47.23ms, mfu 10.66%
iter 970: loss 1.3474, time 31.72ms, mfu 10.77%
iter 980: loss 1.3476, time 47.86ms, mfu 10.47%
iter 990: loss 1.3299, time 47.04ms, mfu 10.22%
step 1000: train loss 1.2700, val loss 1.5241
saving checkpoint to out-hw1-baseline
iter 1000: loss 1.3261, time 4868.85ms, mfu 9.20%
iter 1010: loss 1.3308, time 31.42ms, mfu 9.47%
iter 1020: loss 1.3092, time 31.33ms, mfu 9.71%
iter 1030: loss 1.3295, time 47.12ms, mfu 9.53%
iter 1040: loss 1.3533, time 31.37ms, mfu 9.76%
iter 1050: loss 1.2828, time 32.79ms, mfu 9.92%
iter 1060: loss 1.3283, time 47.36ms, mfu 9.72%
iter 1070: loss 1.3307, time 31.55ms, mfu 9.93%
iter 1080: loss 1.3316, time 47.44ms, mfu 9.72%
iter 1090: loss 1.3502, time 31.42ms, mfu 9.93%
iter 1100: loss 1.3069, time 31.96ms, mfu 10.11%
iter 1110: loss 1.2904, time 47.69ms, mfu 9.88%
iter 1120: loss 1.2934, time 31.29ms, mfu 10.08%
iter 1130: loss 1.2867, time 31.79ms, mfu 10.24%
iter 1140: loss 1.2946, time 31.35ms, mfu 10.41%
iter 1150: loss 1.2998, time 31.33ms, mfu 10.56%
iter 1160: loss 1.3220, time 47.36ms, mfu 10.29%
iter 1170: loss 1.2973, time 47.41ms, mfu 10.05%
iter 1180: loss 1.3133, time 31.43ms, mfu 10.23%
iter 1190: loss 1.2638, time 47.57ms, mfu 9.99%
iter 1200: loss 1.2940, time 31.50ms, mfu 10.17%
iter 1210: loss 1.2604, time 31.42ms, mfu 10.34%
iter 1220: loss 1.2977, time 31.42ms, mfu 10.49%
iter 1230: loss 1.2907, time 47.34ms, mfu 10.23%
iter 1240: loss 1.2968, time 31.45ms, mfu 10.39%
step 1250: train loss 1.1975, val loss 1.4925
saving checkpoint to out-hw1-baseline
iter 1250: loss 1.2701, time 4897.96ms, mfu 9.36%
iter 1260: loss 1.2794, time 31.30ms, mfu 9.61%
iter 1270: loss 1.2624, time 47.34ms, mfu 9.44%
iter 1280: loss 1.2548, time 31.45ms, mfu 9.68%
iter 1290: loss 1.2777, time 30.97ms, mfu 9.92%
iter 1300: loss 1.2902, time 31.32ms, mfu 10.11%
iter 1310: loss 1.2340, time 47.57ms, mfu 9.89%
iter 1320: loss 1.2938, time 31.48ms, mfu 10.08%
iter 1330: loss 1.2572, time 46.97ms, mfu 9.87%
iter 1340: loss 1.2978, time 47.05ms, mfu 9.67%
iter 1350: loss 1.2505, time 31.41ms, mfu 9.89%
iter 1360: loss 1.2722, time 31.60ms, mfu 10.08%
iter 1370: loss 1.2497, time 31.26ms, mfu 10.27%
iter 1380: loss 1.2609, time 46.98ms, mfu 10.03%
iter 1390: loss 1.2370, time 31.73ms, mfu 10.20%
iter 1400: loss 1.2546, time 31.64ms, mfu 10.36%
iter 1410: loss 1.2438, time 31.39ms, mfu 10.51%
iter 1420: loss 1.2645, time 31.43ms, mfu 10.65%
iter 1430: loss 1.2392, time 31.53ms, mfu 10.76%
iter 1440: loss 1.2503, time 31.75ms, mfu 10.86%
iter 1450: loss 1.2214, time 33.37ms, mfu 10.89%
iter 1460: loss 1.2383, time 47.22ms, mfu 10.59%
iter 1470: loss 1.2223, time 47.02ms, mfu 10.32%
iter 1480: loss 1.2046, time 31.40ms, mfu 10.48%
iter 1490: loss 1.2261, time 31.30ms, mfu 10.62%
step 1500: train loss 1.1481, val loss 1.4759
saving checkpoint to out-hw1-baseline
iter 1500: loss 1.1845, time 4910.29ms, mfu 9.57%
iter 1510: loss 1.2263, time 47.61ms, mfu 9.39%
iter 1520: loss 1.2199, time 31.51ms, mfu 9.64%
iter 1530: loss 1.2507, time 47.82ms, mfu 9.45%
iter 1540: loss 1.1843, time 31.45ms, mfu 9.69%
iter 1550: loss 1.2230, time 31.32ms, mfu 9.91%
iter 1560: loss 1.2050, time 31.35ms, mfu 10.11%
iter 1570: loss 1.2331, time 46.93ms, mfu 9.89%
iter 1580: loss 1.1994, time 47.08ms, mfu 9.69%
iter 1590: loss 1.1909, time 47.71ms, mfu 9.51%
iter 1600: loss 1.1949, time 47.57ms, mfu 9.34%
iter 1610: loss 1.2303, time 47.56ms, mfu 9.19%
iter 1620: loss 1.1754, time 47.38ms, mfu 9.06%
iter 1630: loss 1.2013, time 31.78ms, mfu 9.32%
iter 1640: loss 1.1939, time 37.30ms, mfu 9.39%
iter 1650: loss 1.1775, time 47.09ms, mfu 9.24%
iter 1660: loss 1.2054, time 47.03ms, mfu 9.11%
iter 1670: loss 1.1934, time 47.47ms, mfu 8.98%
iter 1680: loss 1.2024, time 31.33ms, mfu 9.27%
iter 1690: loss 1.1947, time 31.69ms, mfu 9.52%
iter 1700: loss 1.1777, time 47.57ms, mfu 9.35%
iter 1710: loss 1.1738, time 47.45ms, mfu 9.20%
iter 1720: loss 1.1812, time 47.38ms, mfu 9.07%
iter 1730: loss 1.1948, time 47.49ms, mfu 8.95%
iter 1740: loss 1.1562, time 47.04ms, mfu 8.85%
step 1750: train loss 1.0978, val loss 1.4654
saving checkpoint to out-hw1-baseline
iter 1750: loss 1.1844, time 4952.34ms, mfu 7.97%
iter 1760: loss 1.1864, time 47.02ms, mfu 7.96%
iter 1770: loss 1.1960, time 48.88ms, mfu 7.93%
iter 1780: loss 1.1877, time 47.09ms, mfu 7.93%
iter 1790: loss 1.1907, time 34.95ms, mfu 8.20%
iter 1800: loss 1.1713, time 31.33ms, mfu 8.57%
iter 1810: loss 1.1531, time 31.60ms, mfu 8.89%
iter 1820: loss 1.1627, time 31.39ms, mfu 9.19%
iter 1830: loss 1.1627, time 47.28ms, mfu 9.06%
iter 1840: loss 1.1574, time 33.65ms, mfu 9.26%
iter 1850: loss 1.1619, time 47.18ms, mfu 9.12%
iter 1860: loss 1.1715, time 46.50ms, mfu 9.01%
iter 1870: loss 1.1384, time 31.39ms, mfu 9.30%
iter 1880: loss 1.1640, time 31.89ms, mfu 9.54%
iter 1890: loss 1.1765, time 47.44ms, mfu 9.37%
iter 1900: loss 1.1244, time 31.45ms, mfu 9.62%
iter 1910: loss 1.1624, time 31.84ms, mfu 9.83%
iter 1920: loss 1.1683, time 31.56ms, mfu 10.02%
iter 1930: loss 1.1405, time 31.37ms, mfu 10.21%
iter 1940: loss 1.1144, time 31.32ms, mfu 10.38%
iter 1950: loss 1.1355, time 31.47ms, mfu 10.52%
iter 1960: loss 1.1514, time 31.75ms, mfu 10.65%
iter 1970: loss 1.1558, time 47.61ms, mfu 10.36%
iter 1980: loss 1.1498, time 33.81ms, mfu 10.43%
iter 1990: loss 1.1445, time 47.46ms, mfu 10.17%
step 2000: train loss 1.0530, val loss 1.4792
iter 2000: loss 1.1205, time 4880.56ms, mfu 9.16%
iter 2010: loss 1.1229, time 31.43ms, mfu 9.43%
iter 2020: loss 1.1129, time 31.57ms, mfu 9.67%
iter 2030: loss 1.1497, time 31.37ms, mfu 9.89%
iter 2040: loss 1.1386, time 47.00ms, mfu 9.69%
iter 2050: loss 1.1095, time 47.36ms, mfu 9.51%
iter 2060: loss 1.0992, time 47.29ms, mfu 9.35%
iter 2070: loss 1.1233, time 47.02ms, mfu 9.21%
iter 2080: loss 1.1116, time 31.95ms, mfu 9.45%
iter 2090: loss 1.1270, time 31.51ms, mfu 9.69%
iter 2100: loss 1.1246, time 31.30ms, mfu 9.91%
iter 2110: loss 1.1217, time 31.35ms, mfu 10.11%
iter 2120: loss 1.1254, time 46.90ms, mfu 9.89%
iter 2130: loss 1.1374, time 47.06ms, mfu 9.69%
iter 2140: loss 1.1292, time 30.21ms, mfu 9.96%
iter 2150: loss 1.1174, time 31.39ms, mfu 10.15%
iter 2160: loss 1.1357, time 32.15ms, mfu 10.29%
iter 2170: loss 1.1205, time 47.41ms, mfu 10.05%
iter 2180: loss 1.1020, time 46.92ms, mfu 9.84%
iter 2190: loss 1.1043, time 31.86ms, mfu 10.02%
iter 2200: loss 1.1150, time 31.82ms, mfu 10.19%
iter 2210: loss 1.1101, time 31.53ms, mfu 10.36%
iter 2220: loss 1.1139, time 31.41ms, mfu 10.51%
iter 2230: loss 1.1069, time 31.81ms, mfu 10.63%
iter 2240: loss 1.1167, time 47.05ms, mfu 10.36%
step 2250: train loss 1.0040, val loss 1.4899
iter 2250: loss 1.0988, time 4876.10ms, mfu 9.33%
iter 2260: loss 1.0990, time 47.42ms, mfu 9.18%
iter 2270: loss 1.1256, time 47.72ms, mfu 9.04%
iter 2280: loss 1.0871, time 31.71ms, mfu 9.32%
iter 2290: loss 1.1321, time 31.53ms, mfu 9.57%
iter 2300: loss 1.1158, time 47.00ms, mfu 9.40%
iter 2310: loss 1.0845, time 47.00ms, mfu 9.25%
iter 2320: loss 1.0881, time 47.50ms, mfu 9.11%
iter 2330: loss 1.0932, time 31.43ms, mfu 9.39%
iter 2340: loss 1.1043, time 31.40ms, mfu 9.64%
iter 2350: loss 1.0958, time 31.54ms, mfu 9.85%
iter 2360: loss 1.0978, time 47.27ms, mfu 9.66%
iter 2370: loss 1.0770, time 31.37ms, mfu 9.88%
iter 2380: loss 1.0746, time 31.50ms, mfu 10.07%
iter 2390: loss 1.0725, time 31.47ms, mfu 10.25%
iter 2400: loss 1.0707, time 47.24ms, mfu 10.01%
iter 2410: loss 1.0555, time 31.67ms, mfu 10.19%
iter 2420: loss 1.0678, time 31.63ms, mfu 10.35%
iter 2430: loss 1.0467, time 31.41ms, mfu 10.50%
iter 2440: loss 1.0476, time 31.65ms, mfu 10.63%
iter 2450: loss 1.0635, time 46.98ms, mfu 10.36%
iter 2460: loss 1.0759, time 31.76ms, mfu 10.49%
iter 2470: loss 1.0829, time 31.59ms, mfu 10.63%
iter 2480: loss 1.0806, time 31.40ms, mfu 10.75%
iter 2490: loss 1.0503, time 31.41ms, mfu 10.86%
step 2500: train loss 0.9504, val loss 1.5064
iter 2500: loss 1.0710, time 4895.67ms, mfu 9.78%
iter 2510: loss 1.0651, time 31.30ms, mfu 9.99%
iter 2520: loss 1.0286, time 31.49ms, mfu 10.18%
iter 2530: loss 1.0464, time 31.49ms, mfu 10.34%
iter 2540: loss 1.0452, time 46.99ms, mfu 10.10%
iter 2550: loss 1.0660, time 31.48ms, mfu 10.28%
iter 2560: loss 1.0474, time 31.77ms, mfu 10.42%
iter 2570: loss 1.0679, time 31.32ms, mfu 10.57%
iter 2580: loss 1.0559, time 31.71ms, mfu 10.69%
iter 2590: loss 1.0607, time 47.24ms, mfu 10.41%
iter 2600: loss 1.0604, time 31.78ms, mfu 10.54%
iter 2610: loss 1.0429, time 31.40ms, mfu 10.67%
iter 2620: loss 1.0432, time 46.72ms, mfu 10.40%
iter 2630: loss 1.0195, time 47.64ms, mfu 10.14%
iter 2640: loss 1.0287, time 47.21ms, mfu 9.92%
iter 2650: loss 1.0575, time 31.30ms, mfu 10.12%
iter 2660: loss 1.0325, time 32.60ms, mfu 10.25%
iter 2670: loss 1.0123, time 31.36ms, mfu 10.41%
iter 2680: loss 1.0390, time 31.58ms, mfu 10.55%
iter 2690: loss 1.0467, time 31.76ms, mfu 10.67%
iter 2700: loss 1.0149, time 31.59ms, mfu 10.78%
iter 2710: loss 1.0349, time 33.40ms, mfu 10.82%
iter 2720: loss 1.0365, time 47.28ms, mfu 10.53%
iter 2730: loss 1.0486, time 31.31ms, mfu 10.66%
iter 2740: loss 1.0165, time 31.83ms, mfu 10.77%
step 2750: train loss 0.9048, val loss 1.5195
iter 2750: loss 1.0306, time 4890.89ms, mfu 9.70%
iter 2760: loss 1.0206, time 31.38ms, mfu 9.92%
iter 2770: loss 1.0142, time 31.29ms, mfu 10.12%
iter 2780: loss 1.0141, time 47.34ms, mfu 9.89%
iter 2790: loss 1.0377, time 31.58ms, mfu 10.08%
iter 2800: loss 0.9994, time 31.40ms, mfu 10.26%
iter 2810: loss 1.0289, time 31.58ms, mfu 10.41%
iter 2820: loss 1.0135, time 47.25ms, mfu 10.16%
iter 2830: loss 1.0185, time 31.82ms, mfu 10.32%
iter 2840: loss 0.9844, time 30.20ms, mfu 10.52%
iter 2850: loss 1.0199, time 31.87ms, mfu 10.64%
iter 2860: loss 1.0138, time 36.01ms, mfu 10.61%
iter 2870: loss 0.9984, time 31.35ms, mfu 10.73%
iter 2880: loss 1.0263, time 31.36ms, mfu 10.85%
iter 2890: loss 1.0020, time 47.08ms, mfu 10.56%
iter 2900: loss 0.9838, time 43.76ms, mfu 10.35%
iter 2910: loss 1.0311, time 31.42ms, mfu 10.50%
iter 2920: loss 0.9988, time 31.61ms, mfu 10.63%
iter 2930: loss 0.9876, time 47.24ms, mfu 10.36%
iter 2940: loss 0.9796, time 47.35ms, mfu 10.11%
iter 2950: loss 1.0176, time 31.65ms, mfu 10.27%
iter 2960: loss 0.9911, time 47.34ms, mfu 10.03%
iter 2970: loss 0.9875, time 31.72ms, mfu 10.21%
iter 2980: loss 0.9882, time 30.97ms, mfu 10.39%
iter 2990: loss 0.9778, time 29.33ms, mfu 10.62%
step 3000: train loss 0.8576, val loss 1.5337
iter 3000: loss 0.9733, time 4880.39ms, mfu 9.57%
iter 3010: loss 0.9806, time 47.11ms, mfu 9.40%
iter 3020: loss 0.9930, time 31.66ms, mfu 9.64%
iter 3030: loss 0.9938, time 31.68ms, mfu 9.85%
iter 3040: loss 1.0193, time 47.19ms, mfu 9.65%
iter 3050: loss 0.9711, time 31.66ms, mfu 9.87%
iter 3060: loss 0.9948, time 31.52ms, mfu 10.06%
iter 3070: loss 1.0081, time 47.80ms, mfu 9.83%
iter 3080: loss 0.9920, time 47.11ms, mfu 9.64%
iter 3090: loss 0.9659, time 42.81ms, mfu 9.55%
iter 3100: loss 0.9930, time 31.66ms, mfu 9.77%
iter 3110: loss 0.9527, time 47.22ms, mfu 9.58%
iter 3120: loss 0.9914, time 47.13ms, mfu 9.41%
iter 3130: loss 0.9833, time 31.85ms, mfu 9.64%
iter 3140: loss 0.9716, time 46.96ms, mfu 9.47%
iter 3150: loss 0.9826, time 46.97ms, mfu 9.32%
iter 3160: loss 0.9939, time 31.35ms, mfu 9.58%
iter 3170: loss 0.9513, time 31.55ms, mfu 9.80%
iter 3180: loss 0.9580, time 31.77ms, mfu 9.99%
iter 3190: loss 0.9894, time 31.80ms, mfu 10.16%
iter 3200: loss 0.9549, time 31.33ms, mfu 10.34%
iter 3210: loss 0.9636, time 31.62ms, mfu 10.48%
iter 3220: loss 0.9528, time 31.77ms, mfu 10.61%
iter 3230: loss 0.9480, time 47.01ms, mfu 10.34%
iter 3240: loss 0.9546, time 31.39ms, mfu 10.49%
step 3250: train loss 0.8115, val loss 1.5695
iter 3250: loss 0.9638, time 4911.15ms, mfu 9.45%
iter 3260: loss 0.9536, time 31.63ms, mfu 9.68%
iter 3270: loss 0.9645, time 31.86ms, mfu 9.88%
iter 3280: loss 0.9430, time 31.83ms, mfu 10.07%
iter 3290: loss 0.9423, time 47.13ms, mfu 9.85%
iter 3300: loss 0.9336, time 47.18ms, mfu 9.66%
iter 3310: loss 0.9391, time 31.62ms, mfu 9.87%
iter 3320: loss 0.9520, time 47.20ms, mfu 9.67%
iter 3330: loss 0.9515, time 47.02ms, mfu 9.50%
iter 3340: loss 0.9497, time 31.60ms, mfu 9.73%
iter 3350: loss 0.9466, time 31.36ms, mfu 9.94%
iter 3360: loss 0.9181, time 47.01ms, mfu 9.74%
iter 3370: loss 0.9482, time 31.63ms, mfu 9.94%
iter 3380: loss 0.9344, time 31.51ms, mfu 10.13%
iter 3390: loss 0.9452, time 46.85ms, mfu 9.91%
iter 3400: loss 0.9446, time 47.37ms, mfu 9.71%
iter 3410: loss 0.9373, time 31.79ms, mfu 9.91%
iter 3420: loss 0.9352, time 32.14ms, mfu 10.08%
iter 3430: loss 0.9304, time 47.66ms, mfu 9.85%
iter 3440: loss 0.9551, time 47.26ms, mfu 9.66%
iter 3450: loss 0.9465, time 31.38ms, mfu 9.88%
iter 3460: loss 0.9410, time 31.59ms, mfu 10.07%
iter 3470: loss 0.9346, time 47.38ms, mfu 9.85%
iter 3480: loss 0.9435, time 31.32ms, mfu 10.05%
iter 3490: loss 0.9064, time 31.30ms, mfu 10.24%
step 3500: train loss 0.7713, val loss 1.5842
iter 3500: loss 0.8997, time 4900.59ms, mfu 9.22%
iter 3510: loss 0.9057, time 31.93ms, mfu 9.47%
iter 3520: loss 0.9069, time 31.52ms, mfu 9.70%
iter 3530: loss 0.9441, time 31.81ms, mfu 9.90%
iter 3540: loss 0.9240, time 31.63ms, mfu 10.09%
iter 3550: loss 0.9160, time 35.88ms, mfu 10.12%
iter 3560: loss 0.9475, time 31.69ms, mfu 10.28%
iter 3570: loss 0.9204, time 29.90ms, mfu 10.50%
iter 3580: loss 0.9154, time 31.29ms, mfu 10.64%
iter 3590: loss 0.9131, time 46.37ms, mfu 10.38%
iter 3600: loss 0.9111, time 31.75ms, mfu 10.52%
iter 3610: loss 0.8991, time 31.49ms, mfu 10.65%
iter 3620: loss 0.8971, time 31.73ms, mfu 10.76%
iter 3630: loss 0.9135, time 47.46ms, mfu 10.47%
iter 3640: loss 0.9069, time 32.21ms, mfu 10.58%
iter 3650: loss 0.8995, time 31.43ms, mfu 10.71%
iter 3660: loss 0.9247, time 47.28ms, mfu 10.42%
iter 3670: loss 0.9271, time 47.35ms, mfu 10.17%
iter 3680: loss 0.8879, time 31.28ms, mfu 10.34%
iter 3690: loss 0.9274, time 31.53ms, mfu 10.49%
iter 3700: loss 0.8563, time 48.28ms, mfu 10.21%
iter 3710: loss 0.8782, time 31.45ms, mfu 10.38%
iter 3720: loss 0.8834, time 31.29ms, mfu 10.53%
iter 3730: loss 0.8967, time 47.33ms, mfu 10.26%
iter 3740: loss 0.8972, time 31.42ms, mfu 10.42%
step 3750: train loss 0.7298, val loss 1.6108
iter 3750: loss 0.8863, time 4893.74ms, mfu 9.39%
iter 3760: loss 0.9177, time 47.12ms, mfu 9.24%
iter 3770: loss 0.9236, time 31.62ms, mfu 9.50%
iter 3780: loss 0.9152, time 31.64ms, mfu 9.72%
iter 3790: loss 0.8931, time 31.46ms, mfu 9.94%
iter 3800: loss 0.9018, time 31.51ms, mfu 10.12%
iter 3810: loss 0.9034, time 31.77ms, mfu 10.28%
iter 3820: loss 0.8741, time 47.04ms, mfu 10.05%
iter 3830: loss 0.8972, time 42.83ms, mfu 9.91%
iter 3840: loss 0.8815, time 31.31ms, mfu 10.11%
iter 3850: loss 0.8812, time 31.34ms, mfu 10.29%
iter 3860: loss 0.8587, time 47.46ms, mfu 10.05%
iter 3870: loss 0.8672, time 31.31ms, mfu 10.23%
iter 3880: loss 0.8816, time 31.67ms, mfu 10.39%
iter 3890: loss 0.8766, time 47.52ms, mfu 10.13%
iter 3900: loss 0.8783, time 31.79ms, mfu 10.29%
iter 3910: loss 0.8725, time 31.58ms, mfu 10.44%
iter 3920: loss 0.8595, time 47.22ms, mfu 10.19%
iter 3930: loss 0.8851, time 31.74ms, mfu 10.34%
iter 3940: loss 0.8716, time 31.40ms, mfu 10.49%
iter 3950: loss 0.8666, time 48.26ms, mfu 10.22%
iter 3960: loss 0.8900, time 31.89ms, mfu 10.36%
iter 3970: loss 0.8819, time 31.57ms, mfu 10.51%
iter 3980: loss 0.8847, time 31.48ms, mfu 10.64%
iter 3990: loss 0.8694, time 46.94ms, mfu 10.37%
step 4000: train loss 0.6961, val loss 1.6384
iter 4000: loss 0.8526, time 4904.31ms, mfu 9.34%
iter 4010: loss 0.8685, time 31.61ms, mfu 9.59%
iter 4020: loss 0.8756, time 47.63ms, mfu 9.41%
iter 4030: loss 0.8761, time 31.38ms, mfu 9.66%
iter 4040: loss 0.8612, time 31.86ms, mfu 9.86%
iter 4050: loss 0.8592, time 47.39ms, mfu 9.66%
iter 4060: loss 0.8535, time 35.11ms, mfu 9.76%
iter 4070: loss 0.8540, time 31.68ms, mfu 9.96%
iter 4080: loss 0.8740, time 30.97ms, mfu 10.16%
iter 4090: loss 0.8371, time 30.31ms, mfu 10.38%
iter 4100: loss 0.8877, time 31.47ms, mfu 10.52%
iter 4110: loss 0.8572, time 31.47ms, mfu 10.66%
iter 4120: loss 0.8651, time 47.03ms, mfu 10.38%
iter 4130: loss 0.8454, time 31.55ms, mfu 10.52%
iter 4140: loss 0.8704, time 31.66ms, mfu 10.65%
iter 4150: loss 0.8621, time 31.78ms, mfu 10.76%
iter 4160: loss 0.8493, time 42.51ms, mfu 10.56%
iter 4170: loss 0.8557, time 31.33ms, mfu 10.69%
iter 4180: loss 0.8661, time 31.53ms, mfu 10.80%
iter 4190: loss 0.8650, time 46.93ms, mfu 10.52%
iter 4200: loss 0.8365, time 32.59ms, mfu 10.61%
iter 4210: loss 0.8621, time 31.37ms, mfu 10.74%
iter 4220: loss 0.8473, time 31.48ms, mfu 10.85%
iter 4230: loss 0.8753, time 31.44ms, mfu 10.95%
iter 4240: loss 0.8498, time 31.45ms, mfu 11.04%
step 4250: train loss 0.6655, val loss 1.6590
iter 4250: loss 0.8588, time 4925.85ms, mfu 9.94%
iter 4260: loss 0.8451, time 31.65ms, mfu 10.12%
iter 4270: loss 0.8523, time 31.52ms, mfu 10.29%
iter 4280: loss 0.8434, time 47.77ms, mfu 10.04%
iter 4290: loss 0.8141, time 31.96ms, mfu 10.21%
iter 4300: loss 0.8236, time 31.53ms, mfu 10.37%
iter 4310: loss 0.8387, time 31.64ms, mfu 10.51%
iter 4320: loss 0.8248, time 47.14ms, mfu 10.25%
iter 4330: loss 0.8530, time 31.65ms, mfu 10.40%
iter 4340: loss 0.8187, time 31.61ms, mfu 10.54%
iter 4350: loss 0.8305, time 31.69ms, mfu 10.66%
iter 4360: loss 0.8441, time 31.78ms, mfu 10.77%
iter 4370: loss 0.8437, time 31.81ms, mfu 10.86%
iter 4380: loss 0.8251, time 31.35ms, mfu 10.96%
iter 4390: loss 0.8676, time 47.37ms, mfu 10.65%
iter 4400: loss 0.8295, time 47.25ms, mfu 10.38%
iter 4410: loss 0.8574, time 31.32ms, mfu 10.53%
iter 4420: loss 0.8408, time 31.40ms, mfu 10.66%
iter 4430: loss 0.8351, time 31.16ms, mfu 10.79%
iter 4440: loss 0.8318, time 31.33ms, mfu 10.90%
iter 4450: loss 0.8381, time 31.24ms, mfu 11.01%
iter 4460: loss 0.8237, time 47.20ms, mfu 10.69%
iter 4470: loss 0.8336, time 31.62ms, mfu 10.80%
iter 4480: loss 0.8172, time 31.73ms, mfu 10.90%
iter 4490: loss 0.8224, time 47.38ms, mfu 10.59%
step 4500: train loss 0.6403, val loss 1.6873
iter 4500: loss 0.8507, time 4909.48ms, mfu 9.54%
iter 4510: loss 0.8383, time 31.81ms, mfu 9.76%
iter 4520: loss 0.8287, time 31.55ms, mfu 9.96%
iter 4530: loss 0.8367, time 32.50ms, mfu 10.11%
iter 4540: loss 0.8363, time 31.33ms, mfu 10.29%
iter 4550: loss 0.8659, time 47.37ms, mfu 10.05%
iter 4560: loss 0.8259, time 31.75ms, mfu 10.22%
iter 4570: loss 0.8394, time 31.50ms, mfu 10.38%
iter 4580: loss 0.8415, time 47.37ms, mfu 10.13%
iter 4590: loss 0.8448, time 31.40ms, mfu 10.30%
iter 4600: loss 0.8131, time 31.62ms, mfu 10.45%
iter 4610: loss 0.8635, time 47.48ms, mfu 10.19%
iter 4620: loss 0.8199, time 31.26ms, mfu 10.36%
iter 4630: loss 0.8179, time 31.84ms, mfu 10.50%
iter 4640: loss 0.8225, time 47.25ms, mfu 10.24%
iter 4650: loss 0.8548, time 31.65ms, mfu 10.39%
iter 4660: loss 0.8350, time 47.05ms, mfu 10.14%
iter 4670: loss 0.8278, time 47.44ms, mfu 9.91%
iter 4680: loss 0.8435, time 31.59ms, mfu 10.10%
iter 4690: loss 0.8350, time 29.31ms, mfu 10.36%
iter 4700: loss 0.8157, time 31.55ms, mfu 10.51%
iter 4710: loss 0.7850, time 31.53ms, mfu 10.64%
iter 4720: loss 0.8214, time 47.48ms, mfu 10.36%
iter 4730: loss 0.8161, time 47.39ms, mfu 10.11%
iter 4740: loss 0.8131, time 31.63ms, mfu 10.28%
step 4750: train loss 0.6223, val loss 1.7026
iter 4750: loss 0.7917, time 4908.80ms, mfu 9.26%
iter 4760: loss 0.8086, time 31.64ms, mfu 9.51%
iter 4770: loss 0.7945, time 32.56ms, mfu 9.70%
iter 4780: loss 0.7994, time 31.47ms, mfu 9.92%
iter 4790: loss 0.8294, time 31.41ms, mfu 10.11%
iter 4800: loss 0.8098, time 31.66ms, mfu 10.28%
iter 4810: loss 0.8326, time 31.67ms, mfu 10.43%
iter 4820: loss 0.8106, time 47.37ms, mfu 10.17%
iter 4830: loss 0.8094, time 30.34ms, mfu 10.38%
iter 4840: loss 0.8198, time 31.58ms, mfu 10.52%
iter 4850: loss 0.8037, time 47.77ms, mfu 10.25%
iter 4860: loss 0.8079, time 31.75ms, mfu 10.40%
iter 4870: loss 0.8006, time 35.84ms, mfu 10.40%
iter 4880: loss 0.8173, time 31.64ms, mfu 10.54%
iter 4890: loss 0.7972, time 31.44ms, mfu 10.67%
iter 4900: loss 0.7961, time 47.31ms, mfu 10.39%
iter 4910: loss 0.8222, time 47.61ms, mfu 10.13%
iter 4920: loss 0.8033, time 31.47ms, mfu 10.30%
iter 4930: loss 0.7918, time 31.28ms, mfu 10.46%
iter 4940: loss 0.7929, time 47.15ms, mfu 10.21%
iter 4950: loss 0.8135, time 31.66ms, mfu 10.36%
iter 4960: loss 0.8183, time 46.96ms, mfu 10.12%
iter 4970: loss 0.7675, time 36.27ms, mfu 10.14%
iter 4980: loss 0.7783, time 31.29ms, mfu 10.31%
iter 4990: loss 0.8120, time 31.53ms, mfu 10.46%
step 5000: train loss 0.6095, val loss 1.7142
iter 5000: loss 0.8084, time 4934.76ms, mfu 9.43%
