Overriding config with config/hw1_baseline_lr2e-3.py:
# Same as hw1_baseline.py but with a 2x learning rate (min_lr kept at lr/10).
exec(open('config/hw1_baseline.py').read())
out_dir = 'out-hw1-baseline-lr2e-3'
learning_rate = 2e-3
min_lr = 2e-4

tokens per iteration will be: 16,384
found vocab_size = 65 (inside data\shakespeare_char\meta.pkl)
Initializing a new model from scratch
number of parameters: 10.65M
D:\hw1\Gengerative-AI\train.py:201: FutureWarning: `torch.cuda.amp.GradScaler(args...)` is deprecated. Please use `torch.amp.GradScaler('cuda', args...)` instead.
  scaler = torch.cuda.amp.GradScaler(enabled=(dtype == 'float16'))
num decayed parameter tensors: 26, with 10,740,096 parameters
num non-decayed parameter tensors: 13, with 4,992 parameters
using fused AdamW: True
step 0: train loss 4.3704, val loss 4.3597
iter 0: loss 4.3375, time 5013.48ms, mfu -100.00%
iter 10: loss 3.0375, time 31.47ms, mfu 11.84%
iter 20: loss 2.6482, time 31.31ms, mfu 11.85%
iter 30: loss 2.5784, time 47.06ms, mfu 11.45%
iter 40: loss 2.5441, time 31.42ms, mfu 11.49%
iter 50: loss 2.5074, time 47.09ms, mfu 11.14%
iter 60: loss 2.4941, time 31.94ms, mfu 11.19%
iter 70: loss 2.4878, time 31.42ms, mfu 11.26%
iter 80: loss 2.4864, time 31.65ms, mfu 11.31%
iter 90: loss 2.4611, time 47.19ms, mfu 10.97%
iter 100: loss 2.4579, time 34.67ms, mfu 10.94%
iter 110: loss 2.4310, time 31.75ms, mfu 11.02%
iter 120: loss 2.4260, time 31.49ms, mfu 11.10%
iter 130: loss 2.3761, time 31.62ms, mfu 11.17%
iter 140: loss 2.3598, time 36.14ms, mfu 11.09%
iter 150: loss 2.3051, time 31.55ms, mfu 11.16%
iter 160: loss 2.2309, time 46.98ms, mfu 10.84%
iter 170: loss 2.1709, time 31.67ms, mfu 10.93%
iter 180: loss 2.1240, time 47.27ms, mfu 10.62%
iter 190: loss 2.0649, time 31.78ms, mfu 10.73%
iter 200: loss 2.0265, time 31.77ms, mfu 10.83%
iter 210: loss 1.9849, time 47.54ms, mfu 10.53%
iter 220: loss 1.9879, time 32.16ms, mfu 10.64%
iter 230: loss 1.9317, time 31.98ms, mfu 10.74%
iter 240: loss 1.9514, time 47.56ms, mfu 10.45%
step 250: train loss 1.8374, val loss 1.9764
saving checkpoint to out-hw1-baseline-lr2e-3
iter 250: loss 1.9142, time 5107.20ms, mfu 9.41%
iter 260: loss 1.8630, time 31.59ms, mfu 9.65%
iter 270: loss 1.8751, time 47.53ms, mfu 9.47%
iter 280: loss 1.8762, time 31.53ms, mfu 9.70%
iter 290: loss 1.8120, time 31.46ms, mfu 9.92%
iter 300: loss 1.8006, time 47.51ms, mfu 9.71%
iter 310: loss 1.7735, time 32.07ms, mfu 9.90%
iter 320: loss 1.7762, time 47.27ms, mfu 9.70%
iter 330: loss 1.7339, time 30.68ms, mfu 9.94%
iter 340: loss 1.7264, time 31.68ms, mfu 10.13%
iter 350: loss 1.7653, time 47.19ms, mfu 9.90%
iter 360: loss 1.7104, time 31.39ms, mfu 10.10%
iter 370: loss 1.6807, time 31.43ms, mfu 10.28%
iter 380: loss 1.6748, time 47.36ms, mfu 10.03%
iter 390: loss 1.6886, time 47.07ms, mfu 9.82%
iter 400: loss 1.7200, time 31.40ms, mfu 10.03%
iter 410: loss 1.6567, time 31.83ms, mfu 10.20%
iter 420: loss 1.6831, time 31.70ms, mfu 10.35%
iter 430: loss 1.6609, time 47.65ms, mfu 10.10%
iter 440: loss 1.6214, time 31.37ms, mfu 10.28%
iter 450: loss 1.6291, time 49.72ms, mfu 10.00%
iter 460: loss 1.5805, time 31.66ms, mfu 10.18%
iter 470: loss 1.6363, time 31.30ms, mfu 10.35%
iter 480: loss 1.5963, time 47.01ms, mfu 10.11%
iter 490: loss 1.5890, time 31.72ms, mfu 10.27%
step 500: train loss 1.5114, val loss 1.7133
saving checkpoint to out-hw1-baseline-lr2e-3
iter 500: loss 1.5941, time 5076.07ms, mfu 9.25%
iter 510: loss 1.6002, time 47.52ms, mfu 9.11%
iter 520: loss 1.5880, time 31.67ms, mfu 9.37%
iter 530: loss 1.5393, time 27.55ms, mfu 9.79%
iter 540: loss 1.6120, time 33.49ms, mfu 9.92%
iter 550: loss 1.5561, time 47.13ms, mfu 9.72%
iter 560: loss 1.5547, time 31.52ms, mfu 9.93%
iter 570: loss 1.5592, time 31.57ms, mfu 10.12%
iter 580: loss 1.5313, time 47.01ms, mfu 9.90%
iter 590: loss 1.4982, time 31.44ms, mfu 10.09%
iter 600: loss 1.5181, time 31.73ms, mfu 10.26%
iter 610: loss 1.5448, time 31.29ms, mfu 10.42%
iter 620: loss 1.5279, time 31.86ms, mfu 10.55%
iter 630: loss 1.5108, time 31.80ms, mfu 10.67%
iter 640: loss 1.4591, time 31.56ms, mfu 10.78%
iter 650: loss 1.5119, time 47.12ms, mfu 10.49%
iter 660: loss 1.5052, time 47.23ms, mfu 10.23%
iter 670: loss 1.4520, time 31.64ms, mfu 10.39%
iter 680: loss 1.5096, time 31.61ms, mfu 10.53%
iter 690: loss 1.4680, time 47.70ms, mfu 10.26%
iter 700: loss 1.4950, time 46.86ms, mfu 10.03%
iter 710: loss 1.4560, time 31.47ms, mfu 10.21%
iter 720: loss 1.4484, time 47.61ms, mfu 9.97%
iter 730: loss 1.4300, time 32.06ms, mfu 10.14%
iter 740: loss 1.4337, time 31.39ms, mfu 10.31%
step 750: train loss 1.3633, val loss 1.6013
saving checkpoint to out-hw1-baseline-lr2e-3
iter 750: loss 1.4258, time 5081.18ms, mfu 9.29%
iter 760: loss 1.4416, time 31.68ms, mfu 9.53%
iter 770: loss 1.4341, time 47.27ms, mfu 9.37%
iter 780: loss 1.4239, time 47.32ms, mfu 9.22%
iter 790: loss 1.4258, time 31.74ms, mfu 9.47%
iter 800: loss 1.4390, time 47.40ms, mfu 9.31%
iter 810: loss 1.4056, time 31.39ms, mfu 9.57%
iter 820: loss 1.4124, time 43.44ms, mfu 9.47%
iter 830: loss 1.3944, time 27.46ms, mfu 9.88%
iter 840: loss 1.4034, time 35.26ms, mfu 9.95%
iter 850: loss 1.3975, time 47.68ms, mfu 9.73%
iter 860: loss 1.3989, time 31.34ms, mfu 9.95%
iter 870: loss 1.3970, time 31.66ms, mfu 10.13%
iter 880: loss 1.3815, time 47.91ms, mfu 9.90%
iter 890: loss 1.3893, time 31.55ms, mfu 10.09%
iter 900: loss 1.3848, time 32.20ms, mfu 10.24%
iter 910: loss 1.3268, time 35.41ms, mfu 10.26%
iter 920: loss 1.3719, time 47.01ms, mfu 10.03%
iter 930: loss 1.3619, time 47.47ms, mfu 9.81%
iter 940: loss 1.3473, time 31.77ms, mfu 10.00%
iter 950: loss 1.3595, time 36.17ms, mfu 10.03%
iter 960: loss 1.3703, time 31.40ms, mfu 10.22%
iter 970: loss 1.3654, time 31.70ms, mfu 10.37%
iter 980: loss 1.3541, time 42.87ms, mfu 10.20%
iter 990: loss 1.3407, time 31.32ms, mfu 10.37%
step 1000: train loss 1.2783, val loss 1.5351
saving checkpoint to out-hw1-baseline-lr2e-3
iter 1000: loss 1.3396, time 5085.16ms, mfu 9.34%
iter 1010: loss 1.3361, time 31.63ms, mfu 9.59%
iter 1020: loss 1.3184, time 45.11ms, mfu 9.45%
iter 1030: loss 1.3428, time 31.81ms, mfu 9.68%
iter 1040: loss 1.3639, time 35.51ms, mfu 9.76%
iter 1050: loss 1.2960, time 42.59ms, mfu 9.66%
iter 1060: loss 1.3389, time 47.54ms, mfu 9.48%
iter 1070: loss 1.3338, time 32.55ms, mfu 9.67%
iter 1080: loss 1.3481, time 43.83ms, mfu 9.56%
iter 1090: loss 1.3634, time 35.28ms, mfu 9.66%
iter 1100: loss 1.3241, time 47.37ms, mfu 9.48%
iter 1110: loss 1.3025, time 31.34ms, mfu 9.72%
iter 1120: loss 1.3045, time 47.34ms, mfu 9.54%
iter 1130: loss 1.3023, time 46.71ms, mfu 9.38%
iter 1140: loss 1.3022, time 35.38ms, mfu 9.49%
iter 1150: loss 1.3174, time 43.87ms, mfu 9.39%
iter 1160: loss 1.3362, time 31.47ms, mfu 9.64%
iter 1170: loss 1.3068, time 31.53ms, mfu 9.86%
iter 1180: loss 1.3237, time 47.50ms, mfu 9.66%
iter 1190: loss 1.2746, time 31.77ms, mfu 9.86%
iter 1200: loss 1.2960, time 43.19ms, mfu 9.74%
iter 1210: loss 1.2649, time 47.08ms, mfu 9.56%
iter 1220: loss 1.3101, time 31.37ms, mfu 9.79%
iter 1230: loss 1.2988, time 31.28ms, mfu 10.00%
iter 1240: loss 1.3134, time 47.43ms, mfu 9.79%
step 1250: train loss 1.2064, val loss 1.5049
saving checkpoint to out-hw1-baseline-lr2e-3
iter 1250: loss 1.2827, time 5086.02ms, mfu 8.82%
iter 1260: loss 1.2908, time 35.34ms, mfu 8.99%
iter 1270: loss 1.2736, time 47.54ms, mfu 8.87%
iter 1280: loss 1.2658, time 27.46ms, mfu 9.34%
iter 1290: loss 1.2845, time 42.93ms, mfu 9.28%
iter 1300: loss 1.3064, time 31.46ms, mfu 9.53%
iter 1310: loss 1.2480, time 47.41ms, mfu 9.37%
iter 1320: loss 1.3153, time 47.40ms, mfu 9.22%
iter 1330: loss 1.2734, time 32.46ms, mfu 9.44%
iter 1340: loss 1.2989, time 31.79ms, mfu 9.67%
iter 1350: loss 1.2629, time 31.63ms, mfu 9.88%
iter 1360: loss 1.2791, time 31.66ms, mfu 10.07%
iter 1370: loss 1.2607, time 31.70ms, mfu 10.24%
iter 1380: loss 1.2740, time 31.34ms, mfu 10.40%
iter 1390: loss 1.2546, time 31.70ms, mfu 10.54%
iter 1400: loss 1.2686, time 31.35ms, mfu 10.67%
iter 1410: loss 1.2530, time 32.15ms, mfu 10.76%
iter 1420: loss 1.2763, time 47.03ms, mfu 10.48%
iter 1430: loss 1.2461, time 31.53ms, mfu 10.61%
iter 1440: loss 1.2641, time 30.37ms, mfu 10.78%
iter 1450: loss 1.2304, time 31.45ms, mfu 10.89%
iter 1460: loss 1.2438, time 47.53ms, mfu 10.58%
iter 1470: loss 1.2243, time 31.57ms, mfu 10.70%
iter 1480: loss 1.2121, time 31.31ms, mfu 10.82%
iter 1490: loss 1.2345, time 47.42ms, mfu 10.53%
step 1500: train loss 1.1566, val loss 1.4692
saving checkpoint to out-hw1-baseline-lr2e-3
iter 1500: loss 1.1868, time 5075.05ms, mfu 9.48%
iter 1510: loss 1.2395, time 31.58ms, mfu 9.71%
iter 1520: loss 1.2328, time 31.80ms, mfu 9.91%
iter 1530: loss 1.2636, time 31.30ms, mfu 10.11%
iter 1540: loss 1.1988, time 31.89ms, mfu 10.27%
iter 1550: loss 1.2355, time 47.78ms, mfu 10.02%
iter 1560: loss 1.2115, time 31.55ms, mfu 10.20%
iter 1570: loss 1.2375, time 31.64ms, mfu 10.36%
iter 1580: loss 1.2016, time 32.07ms, mfu 10.49%
iter 1590: loss 1.1992, time 47.40ms, mfu 10.22%
iter 1600: loss 1.1940, time 36.10ms, mfu 10.23%
iter 1610: loss 1.2355, time 33.71ms, mfu 10.31%
iter 1620: loss 1.1869, time 47.66ms, mfu 10.07%
iter 1630: loss 1.2051, time 29.88ms, mfu 10.31%
iter 1640: loss 1.2094, time 31.74ms, mfu 10.45%
iter 1650: loss 1.1831, time 47.39ms, mfu 10.19%
iter 1660: loss 1.2244, time 47.26ms, mfu 9.96%
iter 1670: loss 1.2007, time 31.28ms, mfu 10.16%
iter 1680: loss 1.2115, time 47.22ms, mfu 9.93%
iter 1690: loss 1.2063, time 27.51ms, mfu 10.29%
iter 1700: loss 1.1870, time 31.48ms, mfu 10.45%
iter 1710: loss 1.1848, time 47.29ms, mfu 10.19%
iter 1720: loss 1.1866, time 31.72ms, mfu 10.34%
iter 1730: loss 1.2099, time 47.80ms, mfu 10.09%
iter 1740: loss 1.1634, time 47.19ms, mfu 9.87%
step 1750: train loss 1.1081, val loss 1.4627
saving checkpoint to out-hw1-baseline-lr2e-3
iter 1750: loss 1.1968, time 5091.69ms, mfu 8.89%
iter 1760: loss 1.1974, time 31.37ms, mfu 9.19%
iter 1770: loss 1.2032, time 47.38ms, mfu 9.06%
iter 1780: loss 1.2052, time 47.59ms, mfu 8.93%
iter 1790: loss 1.2006, time 31.70ms, mfu 9.22%
iter 1800: loss 1.1864, time 31.36ms, mfu 9.48%
iter 1810: loss 1.1557, time 47.61ms, mfu 9.32%
iter 1820: loss 1.1756, time 47.27ms, mfu 9.17%
iter 1830: loss 1.1753, time 30.19ms, mfu 9.49%
iter 1840: loss 1.1640, time 31.63ms, mfu 9.72%
iter 1850: loss 1.1601, time 46.96ms, mfu 9.54%
iter 1860: loss 1.1725, time 31.69ms, mfu 9.76%
iter 1870: loss 1.1408, time 31.49ms, mfu 9.97%
iter 1880: loss 1.1880, time 47.12ms, mfu 9.76%
iter 1890: loss 1.1883, time 31.51ms, mfu 9.97%
iter 1900: loss 1.1337, time 31.36ms, mfu 10.16%
iter 1910: loss 1.1743, time 31.58ms, mfu 10.33%
iter 1920: loss 1.1761, time 47.82ms, mfu 10.07%
iter 1930: loss 1.1513, time 31.29ms, mfu 10.26%
iter 1940: loss 1.1273, time 31.73ms, mfu 10.40%
iter 1950: loss 1.1448, time 41.28ms, mfu 10.27%
iter 1960: loss 1.1553, time 47.74ms, mfu 10.02%
iter 1970: loss 1.1522, time 31.45ms, mfu 10.20%
iter 1980: loss 1.1560, time 42.56ms, mfu 10.06%
iter 1990: loss 1.1522, time 31.32ms, mfu 10.24%
step 2000: train loss 1.0630, val loss 1.4805
iter 2000: loss 1.1360, time 4996.47ms, mfu 9.23%
iter 2010: loss 1.1255, time 43.21ms, mfu 9.17%
iter 2020: loss 1.1248, time 47.33ms, mfu 9.04%
iter 2030: loss 1.1629, time 36.33ms, mfu 9.16%
iter 2040: loss 1.1580, time 31.79ms, mfu 9.41%
iter 2050: loss 1.1206, time 47.47ms, mfu 9.26%
iter 2060: loss 1.1059, time 31.73ms, mfu 9.51%
iter 2070: loss 1.1322, time 31.81ms, mfu 9.73%
iter 2080: loss 1.1262, time 31.39ms, mfu 9.94%
iter 2090: loss 1.1382, time 36.43ms, mfu 9.97%
iter 2100: loss 1.1361, time 30.42ms, mfu 10.20%
iter 2110: loss 1.1292, time 31.85ms, mfu 10.35%
iter 2120: loss 1.1320, time 35.47ms, mfu 10.36%
iter 2130: loss 1.1440, time 31.70ms, mfu 10.50%
iter 2140: loss 1.1401, time 31.90ms, mfu 10.62%
iter 2150: loss 1.1210, time 31.31ms, mfu 10.75%
iter 2160: loss 1.1413, time 31.82ms, mfu 10.84%
iter 2170: loss 1.1326, time 46.95ms, mfu 10.55%
iter 2180: loss 1.1141, time 31.67ms, mfu 10.68%
iter 2190: loss 1.1053, time 31.37ms, mfu 10.80%
iter 2200: loss 1.1278, time 31.59ms, mfu 10.90%
iter 2210: loss 1.1063, time 31.64ms, mfu 10.98%
iter 2220: loss 1.1231, time 31.74ms, mfu 11.06%
iter 2230: loss 1.1191, time 47.03ms, mfu 10.75%
iter 2240: loss 1.1391, time 29.27ms, mfu 10.94%
step 2250: train loss 1.0174, val loss 1.4736
iter 2250: loss 1.1104, time 4994.68ms, mfu 9.86%
iter 2260: loss 1.1131, time 31.33ms, mfu 10.06%
iter 2270: loss 1.1335, time 47.26ms, mfu 9.84%
iter 2280: loss 1.0957, time 42.80ms, mfu 9.73%
iter 2290: loss 1.1432, time 31.73ms, mfu 9.93%
iter 2300: loss 1.1242, time 31.34ms, mfu 10.13%
iter 2310: loss 1.1026, time 47.47ms, mfu 9.90%
iter 2320: loss 1.0941, time 47.02ms, mfu 9.70%
iter 2330: loss 1.1031, time 47.40ms, mfu 9.52%
iter 2340: loss 1.1180, time 31.91ms, mfu 9.73%
iter 2350: loss 1.1054, time 30.98ms, mfu 9.96%
iter 2360: loss 1.1106, time 47.26ms, mfu 9.76%
iter 2370: loss 1.0910, time 30.19ms, mfu 10.01%
iter 2380: loss 1.0965, time 34.30ms, mfu 10.10%
iter 2390: loss 1.0804, time 31.63ms, mfu 10.27%
iter 2400: loss 1.0865, time 43.07ms, mfu 10.11%
iter 2410: loss 1.0746, time 47.18ms, mfu 9.88%
iter 2420: loss 1.0878, time 47.29ms, mfu 9.68%
iter 2430: loss 1.0565, time 31.44ms, mfu 9.90%
iter 2440: loss 1.0679, time 31.78ms, mfu 10.08%
iter 2450: loss 1.0753, time 31.42ms, mfu 10.26%
iter 2460: loss 1.0866, time 31.43ms, mfu 10.42%
iter 2470: loss 1.0919, time 31.62ms, mfu 10.56%
iter 2480: loss 1.0901, time 31.52ms, mfu 10.68%
iter 2490: loss 1.0569, time 47.41ms, mfu 10.40%
step 2500: train loss 0.9683, val loss 1.4963
iter 2500: loss 1.0853, time 4993.70ms, mfu 9.37%
iter 2510: loss 1.0710, time 31.29ms, mfu 9.62%
iter 2520: loss 1.0494, time 31.65ms, mfu 9.84%
iter 2530: loss 1.0518, time 31.48ms, mfu 10.04%
iter 2540: loss 1.0533, time 47.22ms, mfu 9.82%
iter 2550: loss 1.0789, time 42.91ms, mfu 9.71%
iter 2560: loss 1.0629, time 31.83ms, mfu 9.91%
iter 2570: loss 1.0845, time 31.75ms, mfu 10.09%
iter 2580: loss 1.0869, time 47.40ms, mfu 9.87%
iter 2590: loss 1.0751, time 31.55ms, mfu 10.06%
iter 2600: loss 1.0729, time 31.36ms, mfu 10.24%
iter 2610: loss 1.0505, time 32.25ms, mfu 10.38%
iter 2620: loss 1.0399, time 47.01ms, mfu 10.13%
iter 2630: loss 1.0221, time 31.70ms, mfu 10.29%
iter 2640: loss 1.0442, time 31.49ms, mfu 10.45%
iter 2650: loss 1.0624, time 31.44ms, mfu 10.59%
iter 2660: loss 1.0479, time 47.38ms, mfu 10.32%
iter 2670: loss 1.0219, time 31.56ms, mfu 10.46%
iter 2680: loss 1.0470, time 31.47ms, mfu 10.60%
iter 2690: loss 1.0544, time 47.14ms, mfu 10.33%
iter 2700: loss 1.0266, time 47.37ms, mfu 10.09%
iter 2710: loss 1.0536, time 31.55ms, mfu 10.26%
iter 2720: loss 1.0491, time 31.38ms, mfu 10.42%
iter 2730: loss 1.0676, time 31.67ms, mfu 10.55%
iter 2740: loss 1.0176, time 47.11ms, mfu 10.29%
step 2750: train loss 0.9191, val loss 1.5194
iter 2750: loss 1.0416, time 4999.67ms, mfu 9.27%
iter 2760: loss 1.0362, time 47.30ms, mfu 9.13%
iter 2770: loss 1.0288, time 31.75ms, mfu 9.39%
iter 2780: loss 1.0286, time 31.51ms, mfu 9.63%
iter 2790: loss 1.0370, time 31.71ms, mfu 9.84%
iter 2800: loss 1.0134, time 46.21ms, mfu 9.67%
iter 2810: loss 1.0355, time 31.38ms, mfu 9.89%
iter 2820: loss 1.0247, time 49.59ms, mfu 9.65%
iter 2830: loss 1.0240, time 47.07ms, mfu 9.48%
iter 2840: loss 0.9970, time 47.06ms, mfu 9.32%
iter 2850: loss 1.0254, time 31.58ms, mfu 9.57%
iter 2860: loss 1.0223, time 31.28ms, mfu 9.80%
iter 2870: loss 1.0105, time 31.44ms, mfu 10.01%
iter 2880: loss 1.0345, time 31.66ms, mfu 10.18%
iter 2890: loss 1.0098, time 31.60ms, mfu 10.34%
iter 2900: loss 0.9904, time 31.74ms, mfu 10.48%
iter 2910: loss 1.0371, time 47.17ms, mfu 10.23%
iter 2920: loss 1.0214, time 46.74ms, mfu 10.00%
iter 2930: loss 0.9956, time 31.84ms, mfu 10.17%
iter 2940: loss 0.9889, time 47.20ms, mfu 9.94%
iter 2950: loss 1.0175, time 31.54ms, mfu 10.13%
iter 2960: loss 0.9980, time 31.44ms, mfu 10.30%
iter 2970: loss 0.9898, time 31.89ms, mfu 10.44%
iter 2980: loss 1.0038, time 47.46ms, mfu 10.18%
iter 2990: loss 0.9826, time 31.69ms, mfu 10.34%
step 3000: train loss 0.8730, val loss 1.5114
iter 3000: loss 0.9828, time 4994.87ms, mfu 9.31%
iter 3010: loss 0.9946, time 47.17ms, mfu 9.17%
iter 3020: loss 0.9997, time 31.67ms, mfu 9.43%
iter 3030: loss 0.9987, time 31.72ms, mfu 9.66%
iter 3040: loss 1.0210, time 48.01ms, mfu 9.47%
iter 3050: loss 0.9814, time 31.67ms, mfu 9.70%
iter 3060: loss 0.9939, time 31.54ms, mfu 9.91%
iter 3070: loss 1.0153, time 31.42ms, mfu 10.11%
iter 3080: loss 0.9967, time 47.30ms, mfu 9.88%
iter 3090: loss 0.9744, time 47.42ms, mfu 9.68%
iter 3100: loss 0.9979, time 31.57ms, mfu 9.89%
iter 3110: loss 0.9740, time 31.55ms, mfu 10.09%
iter 3120: loss 1.0007, time 47.40ms, mfu 9.86%
iter 3130: loss 0.9809, time 31.35ms, mfu 10.07%
iter 3140: loss 0.9732, time 31.48ms, mfu 10.24%
iter 3150: loss 0.9935, time 47.27ms, mfu 10.01%
iter 3160: loss 1.0042, time 47.03ms, mfu 9.80%
iter 3170: loss 0.9580, time 31.42ms, mfu 10.00%
iter 3180: loss 0.9799, time 31.60ms, mfu 10.18%
iter 3190: loss 0.9946, time 47.92ms, mfu 9.94%
iter 3200: loss 0.9651, time 31.53ms, mfu 10.13%
iter 3210: loss 0.9608, time 31.32ms, mfu 10.31%
iter 3220: loss 0.9535, time 47.42ms, mfu 10.06%
iter 3230: loss 0.9631, time 46.96ms, mfu 9.85%
iter 3240: loss 0.9456, time 32.27ms, mfu 10.02%
step 3250: train loss 0.8241, val loss 1.5528
iter 3250: loss 0.9700, time 4996.94ms, mfu 9.02%
iter 3260: loss 0.9616, time 31.65ms, mfu 9.30%
iter 3270: loss 0.9744, time 31.53ms, mfu 9.55%
iter 3280: loss 0.9544, time 31.56ms, mfu 9.78%
iter 3290: loss 0.9372, time 47.14ms, mfu 9.59%
iter 3300: loss 0.9281, time 47.79ms, mfu 9.41%
iter 3310: loss 0.9498, time 34.73ms, mfu 9.54%
iter 3320: loss 0.9627, time 31.33ms, mfu 9.78%
iter 3330: loss 0.9584, time 47.31ms, mfu 9.59%
iter 3340: loss 0.9578, time 31.74ms, mfu 9.80%
iter 3350: loss 0.9560, time 31.34ms, mfu 10.01%
iter 3360: loss 0.9142, time 31.32ms, mfu 10.20%
iter 3370: loss 0.9540, time 31.31ms, mfu 10.37%
iter 3380: loss 0.9487, time 31.75ms, mfu 10.51%
iter 3390: loss 0.9489, time 48.10ms, mfu 10.23%
iter 3400: loss 0.9441, time 31.66ms, mfu 10.38%
iter 3410: loss 0.9449, time 31.34ms, mfu 10.54%
iter 3420: loss 0.9464, time 31.38ms, mfu 10.67%
iter 3430: loss 0.9501, time 47.19ms, mfu 10.39%
iter 3440: loss 0.9741, time 47.29ms, mfu 10.14%
iter 3450: loss 0.9464, time 31.49ms, mfu 10.31%
iter 3460: loss 0.9388, time 31.26ms, mfu 10.47%
iter 3470: loss 0.9384, time 31.48ms, mfu 10.61%
iter 3480: loss 0.9478, time 47.15ms, mfu 10.34%
iter 3490: loss 0.9049, time 31.35ms, mfu 10.49%
step 3500: train loss 0.7787, val loss 1.5694
iter 3500: loss 0.8980, time 4989.61ms, mfu 9.45%
iter 3510: loss 0.9074, time 47.16ms, mfu 9.30%
iter 3520: loss 0.9236, time 47.59ms, mfu 9.15%
iter 3530: loss 0.9459, time 31.41ms, mfu 9.42%
iter 3540: loss 0.9169, time 42.84ms, mfu 9.35%
iter 3550: loss 0.9214, time 38.09ms, mfu 9.39%
iter 3560: loss 0.9514, time 31.66ms, mfu 9.63%
iter 3570: loss 0.9272, time 31.55ms, mfu 9.85%
iter 3580: loss 0.9227, time 47.09ms, mfu 9.65%
iter 3590: loss 0.9233, time 31.30ms, mfu 9.88%
iter 3600: loss 0.9156, time 31.85ms, mfu 10.06%
iter 3610: loss 0.9073, time 31.45ms, mfu 10.24%
iter 3620: loss 0.8899, time 47.28ms, mfu 10.00%
iter 3630: loss 0.9176, time 31.29ms, mfu 10.19%
iter 3640: loss 0.9118, time 31.62ms, mfu 10.35%
iter 3650: loss 0.9095, time 31.71ms, mfu 10.49%
iter 3660: loss 0.9239, time 47.14ms, mfu 10.23%
iter 3670: loss 0.9307, time 31.51ms, mfu 10.39%
iter 3680: loss 0.9030, time 31.52ms, mfu 10.54%
iter 3690: loss 0.9257, time 47.78ms, mfu 10.26%
iter 3700: loss 0.8616, time 46.94ms, mfu 10.03%
iter 3710: loss 0.8788, time 31.66ms, mfu 10.20%
iter 3720: loss 0.8954, time 31.82ms, mfu 10.35%
iter 3730: loss 0.8907, time 47.08ms, mfu 10.11%
iter 3740: loss 0.8952, time 47.34ms, mfu 9.89%
step 3750: train loss 0.7371, val loss 1.5954
iter 3750: loss 0.8925, time 4981.23ms, mfu 8.91%
iter 3760: loss 0.9311, time 31.68ms, mfu 9.19%
iter 3770: loss 0.9281, time 31.61ms, mfu 9.45%
iter 3780: loss 0.9102, time 31.82ms, mfu 9.68%
iter 3790: loss 0.8912, time 47.13ms, mfu 9.50%
iter 3800: loss 0.9080, time 31.74ms, mfu 9.72%
iter 3810: loss 0.9179, time 31.46ms, mfu 9.94%
iter 3820: loss 0.8840, time 31.54ms, mfu 10.12%
iter 3830: loss 0.8847, time 31.49ms, mfu 10.29%
iter 3840: loss 0.8792, time 47.36ms, mfu 10.05%
iter 3850: loss 0.8724, time 31.37ms, mfu 10.23%
iter 3860: loss 0.8608, time 31.67ms, mfu 10.39%
iter 3870: loss 0.8881, time 47.37ms, mfu 10.14%
iter 3880: loss 0.8797, time 47.06ms, mfu 9.91%
iter 3890: loss 0.8901, time 47.26ms, mfu 9.71%
iter 3900: loss 0.8827, time 31.43ms, mfu 9.93%
iter 3910: loss 0.8811, time 31.66ms, mfu 10.11%
iter 3920: loss 0.8603, time 31.45ms, mfu 10.28%
iter 3930: loss 0.8892, time 31.34ms, mfu 10.44%
iter 3940: loss 0.8695, time 31.71ms, mfu 10.58%
iter 3950: loss 0.8754, time 31.67ms, mfu 10.69%
iter 3960: loss 0.8952, time 31.57ms, mfu 10.80%
iter 3970: loss 0.8760, time 31.34ms, mfu 10.91%
iter 3980: loss 0.8797, time 31.38ms, mfu 11.01%
iter 3990: loss 0.8608, time 31.29ms, mfu 11.10%
step 4000: train loss 0.7024, val loss 1.6284
iter 4000: loss 0.8487, time 5003.60ms, mfu 10.00%
iter 4010: loss 0.8701, time 47.50ms, mfu 9.78%
iter 4020: loss 0.8710, time 31.60ms, mfu 9.98%
iter 4030: loss 0.8725, time 31.47ms, mfu 10.17%
iter 4040: loss 0.8635, time 31.60ms, mfu 10.33%
iter 4050: loss 0.8590, time 47.41ms, mfu 10.08%
iter 4060: loss 0.8431, time 31.55ms, mfu 10.26%
iter 4070: loss 0.8446, time 31.39ms, mfu 10.42%
iter 4080: loss 0.8701, time 47.63ms, mfu 10.16%
iter 4090: loss 0.8342, time 31.83ms, mfu 10.31%
iter 4100: loss 0.9001, time 31.60ms, mfu 10.46%
iter 4110: loss 0.8585, time 31.45ms, mfu 10.60%
iter 4120: loss 0.8644, time 47.16ms, mfu 10.33%
iter 4130: loss 0.8554, time 33.43ms, mfu 10.41%
iter 4140: loss 0.8638, time 31.13ms, mfu 10.57%
iter 4150: loss 0.8580, time 31.34ms, mfu 10.70%
iter 4160: loss 0.8430, time 47.75ms, mfu 10.41%
iter 4170: loss 0.8532, time 31.49ms, mfu 10.55%
iter 4180: loss 0.8593, time 31.63ms, mfu 10.68%
iter 4190: loss 0.8669, time 45.71ms, mfu 10.42%
iter 4200: loss 0.8482, time 47.14ms, mfu 10.17%
iter 4210: loss 0.8627, time 31.20ms, mfu 10.35%
iter 4220: loss 0.8416, time 31.86ms, mfu 10.48%
iter 4230: loss 0.8705, time 42.57ms, mfu 10.31%
iter 4240: loss 0.8485, time 31.57ms, mfu 10.46%
step 4250: train loss 0.6672, val loss 1.6524
iter 4250: loss 0.8658, time 4989.21ms, mfu 9.42%
iter 4260: loss 0.8533, time 31.29ms, mfu 9.67%
iter 4270: loss 0.8459, time 31.70ms, mfu 9.88%
iter 4280: loss 0.8356, time 31.29ms, mfu 10.08%
iter 4290: loss 0.8210, time 47.16ms, mfu 9.86%
iter 4300: loss 0.8297, time 31.47ms, mfu 10.06%
iter 4310: loss 0.8312, time 30.44ms, mfu 10.28%
iter 4320: loss 0.8168, time 43.40ms, mfu 10.11%
iter 4330: loss 0.8475, time 47.35ms, mfu 9.89%
iter 4340: loss 0.8183, time 31.31ms, mfu 10.09%
iter 4350: loss 0.8234, time 31.68ms, mfu 10.25%
iter 4360: loss 0.8394, time 47.45ms, mfu 10.01%
iter 4370: loss 0.8312, time 31.64ms, mfu 10.19%
iter 4380: loss 0.8187, time 35.19ms, mfu 10.23%
iter 4390: loss 0.8480, time 34.58ms, mfu 10.28%
iter 4400: loss 0.8273, time 31.65ms, mfu 10.43%
iter 4410: loss 0.8388, time 46.36ms, mfu 10.19%
iter 4420: loss 0.8510, time 47.51ms, mfu 9.96%
iter 4430: loss 0.8355, time 35.59ms, mfu 10.01%
iter 4440: loss 0.8280, time 47.36ms, mfu 9.80%
iter 4450: loss 0.8402, time 30.94ms, mfu 10.02%
iter 4460: loss 0.8197, time 43.91ms, mfu 9.87%
iter 4470: loss 0.8348, time 47.62ms, mfu 9.66%
iter 4480: loss 0.8107, time 31.76ms, mfu 9.87%
iter 4490: loss 0.8235, time 43.86ms, mfu 9.73%
step 4500: train loss 0.6387, val loss 1.6767
iter 4500: loss 0.8422, time 5005.12ms, mfu 8.77%
iter 4510: loss 0.8268, time 35.13ms, mfu 8.95%
iter 4520: loss 0.8161, time 31.45ms, mfu 9.24%
iter 4530: loss 0.8360, time 43.27ms, mfu 9.18%
iter 4540: loss 0.8278, time 31.65ms, mfu 9.44%
iter 4550: loss 0.8544, time 31.75ms, mfu 9.67%
iter 4560: loss 0.8206, time 45.28ms, mfu 9.52%
iter 4570: loss 0.8242, time 47.68ms, mfu 9.35%
iter 4580: loss 0.8306, time 32.00ms, mfu 9.58%
iter 4590: loss 0.8373, time 35.59ms, mfu 9.67%
iter 4600: loss 0.8153, time 47.21ms, mfu 9.49%
iter 4610: loss 0.8469, time 31.34ms, mfu 9.73%
iter 4620: loss 0.8186, time 31.66ms, mfu 9.94%
iter 4630: loss 0.8043, time 47.22ms, mfu 9.73%
iter 4640: loss 0.8312, time 31.77ms, mfu 9.93%
iter 4650: loss 0.8375, time 31.76ms, mfu 10.11%
iter 4660: loss 0.8307, time 48.56ms, mfu 9.87%
iter 4670: loss 0.8228, time 45.45ms, mfu 9.70%
iter 4680: loss 0.8315, time 33.61ms, mfu 9.84%
iter 4690: loss 0.8344, time 31.87ms, mfu 10.02%
iter 4700: loss 0.8016, time 47.48ms, mfu 9.81%
iter 4710: loss 0.7782, time 31.56ms, mfu 10.01%
iter 4720: loss 0.8182, time 31.67ms, mfu 10.18%
iter 4730: loss 0.8072, time 47.02ms, mfu 9.96%
iter 4740: loss 0.8121, time 31.39ms, mfu 10.15%
step 4750: train loss 0.6179, val loss 1.6926
iter 4750: loss 0.7893, time 4983.56ms, mfu 9.14%
iter 4760: loss 0.7969, time 47.55ms, mfu 9.01%
iter 4770: loss 0.7759, time 31.40ms, mfu 9.30%
iter 4780: loss 0.7959, time 46.95ms, mfu 9.16%
iter 4790: loss 0.8203, time 47.54ms, mfu 9.03%
iter 4800: loss 0.8025, time 31.90ms, mfu 9.29%
iter 4810: loss 0.8297, time 31.45ms, mfu 9.55%
iter 4820: loss 0.7997, time 31.32ms, mfu 9.78%
iter 4830: loss 0.8038, time 31.51ms, mfu 9.99%
iter 4840: loss 0.8039, time 31.43ms, mfu 10.17%
iter 4850: loss 0.7966, time 47.22ms, mfu 9.95%
iter 4860: loss 0.7969, time 47.32ms, mfu 9.74%
iter 4870: loss 0.7928, time 31.90ms, mfu 9.93%
iter 4880: loss 0.8192, time 47.68ms, mfu 9.72%
iter 4890: loss 0.7874, time 47.58ms, mfu 9.53%
iter 4900: loss 0.7873, time 47.44ms, mfu 9.36%
iter 4910: loss 0.8131, time 31.81ms, mfu 9.60%
iter 4920: loss 0.8014, time 47.46ms, mfu 9.42%
iter 4930: loss 0.7894, time 32.74ms, mfu 9.62%
iter 4940: loss 0.7900, time 31.36ms, mfu 9.85%
iter 4950: loss 0.8099, time 47.40ms, mfu 9.65%
iter 4960: loss 0.8131, time 31.72ms, mfu 9.86%
iter 4970: loss 0.7669, time 32.11ms, mfu 10.03%
iter 4980: loss 0.7724, time 47.25ms, mfu 9.82%
iter 4990: loss 0.8066, time 31.42ms, mfu 10.02%
step 5000: train loss 0.6029, val loss 1.7134
iter 5000: loss 0.8002, time 5000.63ms, mfu 9.03%
