Overriding config with config/hw1_gqa.py:
# HW1 Q4 variant: gqa. Same as train_shakespeare_char.py, one change only.
exec(open('config/train_shakespeare_char.py').read())
out_dir = 'out-hw1-gqa'
compile = False # torch.compile needs triton, which isn't available on Windows/MPS
n_kv_head = 3 # 6 query heads, group size 2 -> 3 kv heads

tokens per iteration will be: 16,384
found vocab_size = 65 (inside data\shakespeare_char\meta.pkl)
Initializing a new model from scratch
number of parameters: 9.76M
D:\hw1\Gengerative-AI\train.py:201: FutureWarning: `torch.cuda.amp.GradScaler(args...)` is deprecated. Please use `torch.amp.GradScaler('cuda', args...)` instead.
  scaler = torch.cuda.amp.GradScaler(enabled=(dtype == 'float16'))
num decayed parameter tensors: 26, with 9,855,360 parameters
num non-decayed parameter tensors: 13, with 4,992 parameters
using fused AdamW: True
step 0: train loss 4.2592, val loss 4.2589
iter 0: loss 4.2674, time 4918.05ms, mfu -100.00%
iter 10: loss 3.0938, time 31.43ms, mfu 10.97%
iter 20: loss 2.7483, time 47.12ms, mfu 10.60%
iter 30: loss 2.6073, time 31.73ms, mfu 10.63%
iter 40: loss 2.5766, time 31.72ms, mfu 10.65%
iter 50: loss 2.5331, time 47.59ms, mfu 10.31%
iter 60: loss 2.5032, time 31.68ms, mfu 10.37%
iter 70: loss 2.4932, time 31.82ms, mfu 10.42%
iter 80: loss 2.4893, time 31.37ms, mfu 10.47%
iter 90: loss 2.4682, time 47.15ms, mfu 10.16%
iter 100: loss 2.4571, time 31.39ms, mfu 10.24%
iter 110: loss 2.4454, time 31.62ms, mfu 10.31%
iter 120: loss 2.4347, time 47.34ms, mfu 10.00%
iter 130: loss 2.4168, time 31.46ms, mfu 10.10%
iter 140: loss 2.3941, time 31.46ms, mfu 10.18%
iter 150: loss 2.3952, time 31.60ms, mfu 10.26%
iter 160: loss 2.3583, time 31.75ms, mfu 10.32%
iter 170: loss 2.3506, time 31.90ms, mfu 10.37%
iter 180: loss 2.3035, time 31.89ms, mfu 10.41%
iter 190: loss 2.3041, time 31.36ms, mfu 10.47%
iter 200: loss 2.2364, time 31.49ms, mfu 10.52%
iter 210: loss 2.1968, time 31.56ms, mfu 10.56%
iter 220: loss 2.1728, time 31.36ms, mfu 10.60%
iter 230: loss 2.1508, time 47.17ms, mfu 10.27%
iter 240: loss 2.0841, time 47.25ms, mfu 9.97%
step 250: train loss 1.9800, val loss 2.0807
saving checkpoint to out-hw1-gqa
iter 250: loss 2.0451, time 4936.42ms, mfu 8.98%
iter 260: loss 2.0003, time 31.42ms, mfu 9.18%
iter 270: loss 1.9902, time 31.75ms, mfu 9.35%
iter 280: loss 1.9454, time 31.28ms, mfu 9.52%
iter 290: loss 1.9396, time 63.23ms, mfu 9.11%
iter 300: loss 1.9190, time 31.37ms, mfu 9.30%
iter 310: loss 1.9163, time 31.34ms, mfu 9.47%
iter 320: loss 1.8831, time 31.46ms, mfu 9.62%
iter 330: loss 1.8652, time 31.66ms, mfu 9.74%
iter 340: loss 1.8307, time 47.05ms, mfu 9.50%
iter 350: loss 1.7902, time 31.67ms, mfu 9.64%
iter 360: loss 1.8197, time 31.52ms, mfu 9.77%
iter 370: loss 1.7667, time 32.76ms, mfu 9.85%
iter 380: loss 1.7613, time 46.94ms, mfu 9.60%
iter 390: loss 1.7449, time 47.18ms, mfu 9.37%
iter 400: loss 1.6918, time 28.86ms, mfu 9.62%
iter 410: loss 1.7430, time 31.48ms, mfu 9.76%
iter 420: loss 1.6924, time 31.26ms, mfu 9.88%
iter 430: loss 1.7010, time 31.34ms, mfu 10.00%
iter 440: loss 1.6601, time 47.48ms, mfu 9.72%
iter 450: loss 1.6683, time 31.64ms, mfu 9.84%
iter 460: loss 1.6663, time 31.55ms, mfu 9.95%
iter 470: loss 1.6530, time 47.14ms, mfu 9.69%
iter 480: loss 1.6398, time 47.66ms, mfu 9.44%
iter 490: loss 1.6022, time 47.39ms, mfu 9.22%
step 500: train loss 1.5238, val loss 1.7166
saving checkpoint to out-hw1-gqa
iter 500: loss 1.6110, time 4940.57ms, mfu 8.31%
iter 510: loss 1.5843, time 31.88ms, mfu 8.56%
iter 520: loss 1.6063, time 33.02ms, mfu 8.75%
iter 530: loss 1.5745, time 47.11ms, mfu 8.60%
iter 540: loss 1.5789, time 31.56ms, mfu 8.84%
iter 550: loss 1.5908, time 33.91ms, mfu 8.97%
iter 560: loss 1.5430, time 31.56ms, mfu 9.16%
iter 570: loss 1.5442, time 31.72ms, mfu 9.33%
iter 580: loss 1.5186, time 31.64ms, mfu 9.49%
iter 590: loss 1.5306, time 47.05ms, mfu 9.27%
iter 600: loss 1.5530, time 31.38ms, mfu 9.45%
iter 610: loss 1.5294, time 31.83ms, mfu 9.58%
iter 620: loss 1.5652, time 31.29ms, mfu 9.73%
iter 630: loss 1.5076, time 31.38ms, mfu 9.85%
iter 640: loss 1.4980, time 31.65ms, mfu 9.96%
iter 650: loss 1.4923, time 31.51ms, mfu 10.06%
iter 660: loss 1.5244, time 31.44ms, mfu 10.15%
iter 670: loss 1.4637, time 31.26ms, mfu 10.23%
iter 680: loss 1.4330, time 31.57ms, mfu 10.30%
iter 690: loss 1.4551, time 32.43ms, mfu 10.34%
iter 700: loss 1.4553, time 31.33ms, mfu 10.40%
iter 710: loss 1.4573, time 47.02ms, mfu 10.10%
iter 720: loss 1.4451, time 47.74ms, mfu 9.81%
iter 730: loss 1.4362, time 31.67ms, mfu 9.92%
iter 740: loss 1.4331, time 31.76ms, mfu 10.01%
step 750: train loss 1.3599, val loss 1.5828
saving checkpoint to out-hw1-gqa
iter 750: loss 1.4546, time 4940.30ms, mfu 9.02%
iter 760: loss 1.4381, time 31.33ms, mfu 9.21%
iter 770: loss 1.4156, time 47.38ms, mfu 9.02%
iter 780: loss 1.4090, time 46.94ms, mfu 8.85%
iter 790: loss 1.3756, time 31.33ms, mfu 9.07%
iter 800: loss 1.3786, time 20.35ms, mfu 9.86%
iter 810: loss 1.3982, time 31.71ms, mfu 9.96%
iter 820: loss 1.3986, time 31.89ms, mfu 10.04%
iter 830: loss 1.4170, time 47.30ms, mfu 9.77%
iter 840: loss 1.3979, time 31.32ms, mfu 9.89%
iter 850: loss 1.3766, time 31.54ms, mfu 10.00%
iter 860: loss 1.3875, time 27.48ms, mfu 10.25%
iter 870: loss 1.3940, time 31.54ms, mfu 10.32%
iter 880: loss 1.3543, time 31.74ms, mfu 10.37%
iter 890: loss 1.4171, time 47.10ms, mfu 10.07%
iter 900: loss 1.3842, time 47.06ms, mfu 9.79%
iter 910: loss 1.3630, time 30.63ms, mfu 9.94%
iter 920: loss 1.3891, time 31.63ms, mfu 10.04%
iter 930: loss 1.3679, time 31.88ms, mfu 10.11%
iter 940: loss 1.3333, time 47.30ms, mfu 9.83%
iter 950: loss 1.3340, time 29.51ms, mfu 10.02%
iter 960: loss 1.3512, time 31.69ms, mfu 10.10%
iter 970: loss 1.3541, time 31.30ms, mfu 10.19%
iter 980: loss 1.3398, time 47.59ms, mfu 9.90%
iter 990: loss 1.3709, time 31.34ms, mfu 10.01%
step 1000: train loss 1.2712, val loss 1.5301
saving checkpoint to out-hw1-gqa
iter 1000: loss 1.3317, time 4937.07ms, mfu 9.01%
iter 1010: loss 1.3388, time 31.67ms, mfu 9.20%
iter 1020: loss 1.2983, time 47.77ms, mfu 9.00%
iter 1030: loss 1.3368, time 31.97ms, mfu 9.18%
iter 1040: loss 1.3258, time 47.51ms, mfu 8.99%
iter 1050: loss 1.3388, time 31.35ms, mfu 9.19%
iter 1060: loss 1.3043, time 33.63ms, mfu 9.30%
iter 1070: loss 1.3300, time 31.41ms, mfu 9.46%
iter 1080: loss 1.3161, time 45.70ms, mfu 9.27%
iter 1090: loss 1.3004, time 46.89ms, mfu 9.08%
iter 1100: loss 1.2983, time 31.38ms, mfu 9.27%
iter 1110: loss 1.3095, time 31.77ms, mfu 9.43%
iter 1120: loss 1.3411, time 31.67ms, mfu 9.57%
iter 1130: loss 1.3290, time 31.35ms, mfu 9.72%
iter 1140: loss 1.3161, time 47.35ms, mfu 9.47%
iter 1150: loss 1.3191, time 31.75ms, mfu 9.61%
iter 1160: loss 1.3071, time 28.72ms, mfu 9.85%
iter 1170: loss 1.2943, time 31.74ms, mfu 9.95%
iter 1180: loss 1.3010, time 31.43ms, mfu 10.05%
iter 1190: loss 1.2931, time 47.21ms, mfu 9.78%
iter 1200: loss 1.2954, time 47.01ms, mfu 9.53%
iter 1210: loss 1.2868, time 31.30ms, mfu 9.68%
iter 1220: loss 1.2829, time 31.66ms, mfu 9.80%
iter 1230: loss 1.2676, time 31.58ms, mfu 9.91%
iter 1240: loss 1.2847, time 46.81ms, mfu 9.66%
step 1250: train loss 1.2054, val loss 1.4941
saving checkpoint to out-hw1-gqa
iter 1250: loss 1.2440, time 4938.38ms, mfu 8.70%
iter 1260: loss 1.2897, time 31.42ms, mfu 8.93%
iter 1270: loss 1.2674, time 47.02ms, mfu 8.77%
iter 1280: loss 1.2792, time 47.26ms, mfu 8.62%
iter 1290: loss 1.3010, time 31.70ms, mfu 8.85%
iter 1300: loss 1.2850, time 47.25ms, mfu 8.69%
iter 1310: loss 1.2751, time 47.46ms, mfu 8.55%
iter 1320: loss 1.2344, time 47.39ms, mfu 8.42%
iter 1330: loss 1.2316, time 46.99ms, mfu 8.31%
iter 1340: loss 1.2666, time 31.92ms, mfu 8.56%
iter 1350: loss 1.2444, time 31.38ms, mfu 8.80%
iter 1360: loss 1.2423, time 31.29ms, mfu 9.03%
iter 1370: loss 1.2629, time 31.61ms, mfu 9.21%
iter 1380: loss 1.2342, time 31.57ms, mfu 9.38%
iter 1390: loss 1.2485, time 47.69ms, mfu 9.17%
iter 1400: loss 1.2514, time 44.97ms, mfu 9.02%
iter 1410: loss 1.2417, time 31.53ms, mfu 9.21%
iter 1420: loss 1.2347, time 31.68ms, mfu 9.38%
iter 1430: loss 1.2950, time 31.37ms, mfu 9.54%
iter 1440: loss 1.2371, time 31.47ms, mfu 9.68%
iter 1450: loss 1.2671, time 47.36ms, mfu 9.44%
iter 1460: loss 1.2310, time 31.63ms, mfu 9.59%
iter 1470: loss 1.2468, time 33.31ms, mfu 9.66%
iter 1480: loss 1.2263, time 47.09ms, mfu 9.43%
iter 1490: loss 1.2552, time 47.26ms, mfu 9.22%
step 1500: train loss 1.1526, val loss 1.4784
saving checkpoint to out-hw1-gqa
iter 1500: loss 1.2415, time 4937.23ms, mfu 8.30%
iter 1510: loss 1.2401, time 31.66ms, mfu 8.56%
iter 1520: loss 1.2292, time 31.31ms, mfu 8.80%
iter 1530: loss 1.1695, time 31.59ms, mfu 9.02%
iter 1540: loss 1.2270, time 47.75ms, mfu 8.84%
iter 1550: loss 1.2099, time 31.80ms, mfu 9.04%
iter 1560: loss 1.2427, time 31.71ms, mfu 9.22%
iter 1570: loss 1.2137, time 31.47ms, mfu 9.39%
iter 1580: loss 1.2092, time 31.32ms, mfu 9.55%
iter 1590: loss 1.2267, time 31.62ms, mfu 9.69%
iter 1600: loss 1.2149, time 47.46ms, mfu 9.45%
iter 1610: loss 1.2041, time 47.59ms, mfu 9.23%
iter 1620: loss 1.1942, time 47.04ms, mfu 9.04%
iter 1630: loss 1.1855, time 31.87ms, mfu 9.21%
iter 1640: loss 1.1929, time 31.44ms, mfu 9.39%
iter 1650: loss 1.2301, time 31.45ms, mfu 9.55%
iter 1660: loss 1.2011, time 47.13ms, mfu 9.32%
iter 1670: loss 1.2271, time 31.79ms, mfu 9.48%
iter 1680: loss 1.2052, time 31.46ms, mfu 9.62%
iter 1690: loss 1.1960, time 31.60ms, mfu 9.75%
iter 1700: loss 1.1733, time 31.44ms, mfu 9.87%
iter 1710: loss 1.1980, time 31.66ms, mfu 9.98%
iter 1720: loss 1.2005, time 47.11ms, mfu 9.71%
iter 1730: loss 1.1733, time 47.12ms, mfu 9.47%
iter 1740: loss 1.2301, time 31.29ms, mfu 9.63%
step 1750: train loss 1.1045, val loss 1.4757
saving checkpoint to out-hw1-gqa
iter 1750: loss 1.2068, time 4947.68ms, mfu 8.67%
iter 1760: loss 1.2063, time 31.67ms, mfu 8.89%
iter 1770: loss 1.1856, time 31.46ms, mfu 9.10%
iter 1780: loss 1.1839, time 31.75ms, mfu 9.27%
iter 1790: loss 1.1835, time 47.69ms, mfu 9.07%
iter 1800: loss 1.1741, time 25.30ms, mfu 9.52%
iter 1810: loss 1.1694, time 31.67ms, mfu 9.66%
iter 1820: loss 1.1757, time 31.76ms, mfu 9.78%
iter 1830: loss 1.1577, time 31.64ms, mfu 9.89%
iter 1840: loss 1.1807, time 31.90ms, mfu 9.98%
iter 1850: loss 1.1579, time 47.19ms, mfu 9.72%
iter 1860: loss 1.1766, time 47.01ms, mfu 9.48%
iter 1870: loss 1.1742, time 31.75ms, mfu 9.62%
iter 1880: loss 1.1396, time 31.31ms, mfu 9.75%
iter 1890: loss 1.1910, time 31.40ms, mfu 9.88%
iter 1900: loss 1.1764, time 47.15ms, mfu 9.62%
iter 1910: loss 1.1668, time 47.30ms, mfu 9.39%
iter 1920: loss 1.1631, time 47.07ms, mfu 9.18%
iter 1930: loss 1.1861, time 31.75ms, mfu 9.35%
iter 1940: loss 1.1533, time 31.72ms, mfu 9.50%
iter 1950: loss 1.1539, time 31.39ms, mfu 9.65%
iter 1960: loss 1.1274, time 46.99ms, mfu 9.42%
iter 1970: loss 1.1797, time 47.17ms, mfu 9.21%
iter 1980: loss 1.1221, time 31.46ms, mfu 9.38%
iter 1990: loss 1.1143, time 31.45ms, mfu 9.54%
step 2000: train loss 1.0588, val loss 1.4696
saving checkpoint to out-hw1-gqa
iter 2000: loss 1.1417, time 4934.90ms, mfu 8.59%
iter 2010: loss 1.1328, time 31.74ms, mfu 8.82%
iter 2020: loss 1.1473, time 47.06ms, mfu 8.67%
iter 2030: loss 1.1230, time 31.34ms, mfu 8.90%
iter 2040: loss 1.1374, time 31.52ms, mfu 9.11%
iter 2050: loss 1.1501, time 31.43ms, mfu 9.29%
iter 2060: loss 1.1075, time 47.13ms, mfu 9.10%
iter 2070: loss 1.1225, time 47.02ms, mfu 8.92%
iter 2080: loss 1.1203, time 31.74ms, mfu 9.11%
iter 2090: loss 1.1152, time 29.78ms, mfu 9.36%
iter 2100: loss 1.0894, time 31.66ms, mfu 9.51%
iter 2110: loss 1.1332, time 31.70ms, mfu 9.65%
iter 2120: loss 1.1072, time 31.31ms, mfu 9.79%
iter 2130: loss 1.1307, time 47.14ms, mfu 9.54%
iter 2140: loss 1.1592, time 47.01ms, mfu 9.32%
iter 2150: loss 1.1475, time 29.41ms, mfu 9.56%
iter 2160: loss 1.1239, time 31.57ms, mfu 9.69%
iter 2170: loss 1.1124, time 31.80ms, mfu 9.81%
iter 2180: loss 1.1241, time 47.07ms, mfu 9.56%
iter 2190: loss 1.1301, time 46.93ms, mfu 9.34%
iter 2200: loss 1.1188, time 31.49ms, mfu 9.50%
iter 2210: loss 1.1346, time 31.76ms, mfu 9.64%
iter 2220: loss 1.0798, time 31.73ms, mfu 9.76%
iter 2230: loss 1.1014, time 31.72ms, mfu 9.87%
iter 2240: loss 1.1310, time 48.09ms, mfu 9.60%
step 2250: train loss 1.0082, val loss 1.4749
iter 2250: loss 1.1026, time 4861.32ms, mfu 8.65%
iter 2260: loss 1.1261, time 27.36ms, mfu 9.04%
iter 2270: loss 1.1137, time 31.32ms, mfu 9.24%
iter 2280: loss 1.0989, time 31.44ms, mfu 9.41%
iter 2290: loss 1.1011, time 31.46ms, mfu 9.57%
iter 2300: loss 1.0833, time 47.02ms, mfu 9.34%
iter 2310: loss 1.0993, time 47.85ms, mfu 9.13%
iter 2320: loss 1.0978, time 31.34ms, mfu 9.32%
iter 2330: loss 1.1096, time 31.46ms, mfu 9.48%
iter 2340: loss 1.0958, time 31.63ms, mfu 9.62%
iter 2350: loss 1.1194, time 31.62ms, mfu 9.75%
iter 2360: loss 1.1141, time 47.03ms, mfu 9.51%
iter 2370: loss 1.1175, time 45.34ms, mfu 9.32%
iter 2380: loss 1.0902, time 30.94ms, mfu 9.50%
iter 2390: loss 1.1127, time 31.31ms, mfu 9.65%
iter 2400: loss 1.0682, time 31.80ms, mfu 9.77%
iter 2410: loss 1.0928, time 47.06ms, mfu 9.53%
iter 2420: loss 1.0898, time 47.62ms, mfu 9.30%
iter 2430: loss 1.0938, time 31.60ms, mfu 9.46%
iter 2440: loss 1.0686, time 32.48ms, mfu 9.57%
iter 2450: loss 1.0864, time 33.40ms, mfu 9.65%
iter 2460: loss 1.0646, time 31.59ms, mfu 9.78%
iter 2470: loss 1.0408, time 47.50ms, mfu 9.52%
iter 2480: loss 1.0969, time 47.13ms, mfu 9.30%
iter 2490: loss 1.0976, time 31.27ms, mfu 9.47%
step 2500: train loss 0.9654, val loss 1.4907
iter 2500: loss 1.0666, time 4854.61ms, mfu 8.53%
iter 2510: loss 1.0586, time 31.87ms, mfu 8.76%
iter 2520: loss 1.0745, time 31.28ms, mfu 8.99%
iter 2530: loss 1.0624, time 31.26ms, mfu 9.19%
iter 2540: loss 1.0386, time 31.70ms, mfu 9.36%
iter 2550: loss 1.0870, time 47.66ms, mfu 9.15%
iter 2560: loss 1.0761, time 47.27ms, mfu 8.96%
iter 2570: loss 1.0653, time 31.60ms, mfu 9.16%
iter 2580: loss 1.0541, time 31.44ms, mfu 9.34%
iter 2590: loss 1.0756, time 31.36ms, mfu 9.50%
iter 2600: loss 1.0699, time 31.55ms, mfu 9.65%
iter 2610: loss 1.0663, time 47.36ms, mfu 9.41%
iter 2620: loss 1.0376, time 31.58ms, mfu 9.56%
iter 2630: loss 1.0581, time 32.11ms, mfu 9.68%
iter 2640: loss 1.0366, time 31.73ms, mfu 9.80%
iter 2650: loss 1.0420, time 30.82ms, mfu 9.94%
iter 2660: loss 1.0428, time 31.48ms, mfu 10.04%
iter 2670: loss 1.0682, time 47.27ms, mfu 9.76%
iter 2680: loss 1.0545, time 31.33ms, mfu 9.89%
iter 2690: loss 1.0480, time 31.46ms, mfu 9.99%
iter 2700: loss 1.0250, time 31.48ms, mfu 10.09%
iter 2710: loss 1.0566, time 33.56ms, mfu 10.11%
iter 2720: loss 1.0370, time 47.15ms, mfu 9.83%
iter 2730: loss 1.0236, time 47.09ms, mfu 9.58%
iter 2740: loss 1.0512, time 31.68ms, mfu 9.71%
step 2750: train loss 0.9174, val loss 1.5179
iter 2750: loss 1.0176, time 4851.81ms, mfu 8.74%
iter 2760: loss 1.0077, time 31.77ms, mfu 8.95%
iter 2770: loss 1.0321, time 31.71ms, mfu 9.15%
iter 2780: loss 1.0344, time 31.29ms, mfu 9.33%
iter 2790: loss 1.0357, time 31.50ms, mfu 9.49%
iter 2800: loss 1.0644, time 34.05ms, mfu 9.56%
iter 2810: loss 1.0309, time 31.63ms, mfu 9.69%
iter 2820: loss 1.0471, time 30.43ms, mfu 9.86%
iter 2830: loss 1.0185, time 47.00ms, mfu 9.60%
iter 2840: loss 1.0259, time 47.62ms, mfu 9.37%
iter 2850: loss 1.0103, time 31.55ms, mfu 9.52%
iter 2860: loss 1.0275, time 31.35ms, mfu 9.67%
iter 2870: loss 0.9943, time 31.43ms, mfu 9.80%
iter 2880: loss 1.0279, time 31.54ms, mfu 9.91%
iter 2890: loss 1.0473, time 47.83ms, mfu 9.64%
iter 2900: loss 1.0060, time 31.76ms, mfu 9.76%
iter 2910: loss 1.0071, time 31.27ms, mfu 9.89%
iter 2920: loss 1.0453, time 31.28ms, mfu 10.00%
iter 2930: loss 1.0095, time 31.36ms, mfu 10.10%
iter 2940: loss 1.0105, time 47.12ms, mfu 9.82%
iter 2950: loss 1.0128, time 47.28ms, mfu 9.57%
iter 2960: loss 1.0090, time 31.77ms, mfu 9.70%
iter 2970: loss 0.9921, time 31.56ms, mfu 9.82%
iter 2980: loss 1.0066, time 47.11ms, mfu 9.57%
iter 2990: loss 1.0172, time 47.29ms, mfu 9.34%
step 3000: train loss 0.8752, val loss 1.5373
iter 3000: loss 1.0125, time 4862.44ms, mfu 8.42%
iter 3010: loss 0.9825, time 47.43ms, mfu 8.30%
iter 3020: loss 0.9939, time 31.99ms, mfu 8.55%
iter 3030: loss 1.0087, time 31.75ms, mfu 8.78%
iter 3040: loss 1.0072, time 31.37ms, mfu 9.00%
iter 3050: loss 1.0130, time 31.48ms, mfu 9.20%
iter 3060: loss 0.9794, time 47.61ms, mfu 9.00%
iter 3070: loss 0.9853, time 47.19ms, mfu 8.83%
iter 3080: loss 1.0113, time 31.62ms, mfu 9.04%
iter 3090: loss 1.0198, time 32.15ms, mfu 9.21%
iter 3100: loss 0.9847, time 31.75ms, mfu 9.37%
iter 3110: loss 1.0208, time 47.53ms, mfu 9.16%
iter 3120: loss 0.9665, time 46.54ms, mfu 8.98%
iter 3130: loss 0.9647, time 31.66ms, mfu 9.18%
iter 3140: loss 0.9600, time 31.51ms, mfu 9.35%
iter 3150: loss 1.0056, time 31.84ms, mfu 9.50%
iter 3160: loss 1.0013, time 47.22ms, mfu 9.28%
iter 3170: loss 0.9809, time 47.18ms, mfu 9.08%
iter 3180: loss 0.9732, time 30.45ms, mfu 9.31%
iter 3190: loss 0.9698, time 31.71ms, mfu 9.46%
iter 3200: loss 0.9728, time 31.85ms, mfu 9.60%
iter 3210: loss 0.9714, time 31.67ms, mfu 9.73%
iter 3220: loss 0.9712, time 47.14ms, mfu 9.49%
iter 3230: loss 0.9792, time 31.70ms, mfu 9.63%
iter 3240: loss 0.9684, time 31.55ms, mfu 9.76%
step 3250: train loss 0.8294, val loss 1.5519
iter 3250: loss 0.9676, time 4850.17ms, mfu 8.79%
iter 3260: loss 0.9555, time 31.76ms, mfu 8.99%
iter 3270: loss 0.9938, time 31.43ms, mfu 9.19%
iter 3280: loss 0.9637, time 31.62ms, mfu 9.36%
iter 3290: loss 0.9591, time 47.05ms, mfu 9.16%
iter 3300: loss 0.9898, time 47.05ms, mfu 8.98%
iter 3310: loss 0.9758, time 31.51ms, mfu 9.17%
iter 3320: loss 0.9619, time 31.54ms, mfu 9.35%
iter 3330: loss 0.9627, time 31.56ms, mfu 9.51%
iter 3340: loss 0.9585, time 31.52ms, mfu 9.65%
iter 3350: loss 0.9946, time 31.41ms, mfu 9.78%
iter 3360: loss 0.9441, time 47.57ms, mfu 9.53%
iter 3370: loss 0.9422, time 31.53ms, mfu 9.67%
iter 3380: loss 0.9780, time 31.34ms, mfu 9.80%
iter 3390: loss 0.9680, time 31.29ms, mfu 9.92%
iter 3400: loss 0.9495, time 31.59ms, mfu 10.02%
iter 3410: loss 0.9438, time 31.29ms, mfu 10.12%
iter 3420: loss 0.9432, time 31.86ms, mfu 10.19%
iter 3430: loss 0.9419, time 31.42ms, mfu 10.27%
iter 3440: loss 0.9659, time 31.06ms, mfu 10.35%
iter 3450: loss 0.9627, time 47.48ms, mfu 10.04%
iter 3460: loss 0.9392, time 31.52ms, mfu 10.13%
iter 3470: loss 0.9355, time 34.22ms, mfu 10.13%
iter 3480: loss 0.9247, time 33.53ms, mfu 10.14%
iter 3490: loss 0.9554, time 47.71ms, mfu 9.85%
step 3500: train loss 0.7909, val loss 1.5807
iter 3500: loss 0.9368, time 4851.59ms, mfu 8.87%
iter 3510: loss 0.9330, time 43.81ms, mfu 8.77%
iter 3520: loss 0.9394, time 34.53ms, mfu 8.89%
iter 3530: loss 0.9514, time 33.91ms, mfu 9.02%
iter 3540: loss 0.9344, time 31.52ms, mfu 9.21%
iter 3550: loss 0.9230, time 47.70ms, mfu 9.01%
iter 3560: loss 0.9261, time 47.43ms, mfu 8.84%
iter 3570: loss 0.9186, time 31.45ms, mfu 9.05%
iter 3580: loss 0.9238, time 31.46ms, mfu 9.24%
iter 3590: loss 0.9363, time 31.72ms, mfu 9.40%
iter 3600: loss 0.9199, time 31.42ms, mfu 9.56%
iter 3610: loss 0.9084, time 47.53ms, mfu 9.33%
iter 3620: loss 0.9466, time 31.80ms, mfu 9.48%
iter 3630: loss 0.9373, time 31.57ms, mfu 9.63%
iter 3640: loss 0.9071, time 31.73ms, mfu 9.75%
iter 3650: loss 0.9401, time 31.58ms, mfu 9.87%
iter 3660: loss 0.8867, time 43.71ms, mfu 9.67%
iter 3670: loss 0.9248, time 31.47ms, mfu 9.80%
iter 3680: loss 0.9112, time 33.90ms, mfu 9.83%
iter 3690: loss 0.9287, time 31.29ms, mfu 9.95%
iter 3700: loss 0.9319, time 44.16ms, mfu 9.74%
iter 3710: loss 0.9328, time 44.81ms, mfu 9.53%
iter 3720: loss 0.9176, time 35.05ms, mfu 9.56%
iter 3730: loss 0.9197, time 35.68ms, mfu 9.57%
iter 3740: loss 0.9119, time 33.64ms, mfu 9.64%
step 3750: train loss 0.7528, val loss 1.6006
iter 3750: loss 0.9125, time 4987.95ms, mfu 8.68%
iter 3760: loss 0.9310, time 33.44ms, mfu 8.85%
iter 3770: loss 0.9211, time 31.19ms, mfu 9.07%
iter 3780: loss 0.9125, time 47.35ms, mfu 8.89%
iter 3790: loss 0.9205, time 29.12ms, mfu 9.18%
iter 3800: loss 0.8929, time 31.48ms, mfu 9.36%
iter 3810: loss 0.9387, time 33.88ms, mfu 9.44%
iter 3820: loss 0.9047, time 31.24ms, mfu 9.60%
iter 3830: loss 0.8988, time 47.10ms, mfu 9.37%
iter 3840: loss 0.8989, time 31.65ms, mfu 9.53%
iter 3850: loss 0.9152, time 31.32ms, mfu 9.67%
iter 3860: loss 0.9231, time 31.32ms, mfu 9.81%
iter 3870: loss 0.8910, time 31.52ms, mfu 9.92%
iter 3880: loss 0.9094, time 47.65ms, mfu 9.65%
iter 3890: loss 0.8981, time 33.64ms, mfu 9.71%
iter 3900: loss 0.8923, time 33.59ms, mfu 9.77%
iter 3910: loss 0.9022, time 31.50ms, mfu 9.88%
iter 3920: loss 0.9250, time 31.80ms, mfu 9.98%
iter 3930: loss 0.9131, time 47.24ms, mfu 9.71%
iter 3940: loss 0.8820, time 34.40ms, mfu 9.74%
iter 3950: loss 0.8758, time 34.11ms, mfu 9.78%
iter 3960: loss 0.8901, time 48.25ms, mfu 9.52%
iter 3970: loss 0.8961, time 33.55ms, mfu 9.59%
iter 3980: loss 0.8871, time 35.75ms, mfu 9.60%
iter 3990: loss 0.8844, time 33.95ms, mfu 9.65%
step 4000: train loss 0.7184, val loss 1.6232
iter 4000: loss 0.8845, time 4855.31ms, mfu 8.69%
iter 4010: loss 0.8846, time 31.50ms, mfu 8.92%
iter 4020: loss 0.8841, time 47.80ms, mfu 8.75%
iter 4030: loss 0.8815, time 47.35ms, mfu 8.60%
iter 4040: loss 0.8888, time 29.47ms, mfu 8.91%
iter 4050: loss 0.8930, time 31.79ms, mfu 9.10%
iter 4060: loss 0.9054, time 31.51ms, mfu 9.29%
iter 4070: loss 0.8770, time 31.82ms, mfu 9.44%
iter 4080: loss 0.8668, time 29.50ms, mfu 9.67%
iter 4090: loss 0.8954, time 35.50ms, mfu 9.67%
iter 4100: loss 0.8955, time 31.55ms, mfu 9.80%
iter 4110: loss 0.8963, time 31.57ms, mfu 9.91%
iter 4120: loss 0.8860, time 47.05ms, mfu 9.65%
iter 4130: loss 0.9002, time 31.36ms, mfu 9.79%
iter 4140: loss 0.8793, time 31.82ms, mfu 9.89%
iter 4150: loss 0.8774, time 31.56ms, mfu 9.99%
iter 4160: loss 0.8926, time 31.66ms, mfu 10.08%
iter 4170: loss 0.8791, time 31.68ms, mfu 10.16%
iter 4180: loss 0.8787, time 47.19ms, mfu 9.88%
iter 4190: loss 0.9007, time 32.71ms, mfu 9.94%
iter 4200: loss 0.8496, time 31.76ms, mfu 10.03%
iter 4210: loss 0.8658, time 32.01ms, mfu 10.11%
iter 4220: loss 0.8594, time 47.70ms, mfu 9.82%
iter 4230: loss 0.8556, time 47.28ms, mfu 9.57%
iter 4240: loss 0.8615, time 31.86ms, mfu 9.69%
step 4250: train loss 0.6935, val loss 1.6380
iter 4250: loss 0.8937, time 4852.01ms, mfu 8.73%
iter 4260: loss 0.8575, time 31.67ms, mfu 8.95%
iter 4270: loss 0.8732, time 31.85ms, mfu 9.13%
iter 4280: loss 0.8436, time 32.05ms, mfu 9.30%
iter 4290: loss 0.8485, time 31.66ms, mfu 9.46%
iter 4300: loss 0.8528, time 31.63ms, mfu 9.60%
iter 4310: loss 0.8615, time 31.47ms, mfu 9.74%
iter 4320: loss 0.8406, time 31.64ms, mfu 9.85%
iter 4330: loss 0.8791, time 31.63ms, mfu 9.96%
iter 4340: loss 0.8581, time 47.30ms, mfu 9.69%
iter 4350: loss 0.8732, time 31.97ms, mfu 9.80%
iter 4360: loss 0.8745, time 33.66ms, mfu 9.84%
iter 4370: loss 0.8780, time 31.89ms, mfu 9.94%
iter 4380: loss 0.8615, time 31.47ms, mfu 10.04%
iter 4390: loss 0.8636, time 32.59ms, mfu 10.10%
iter 4400: loss 0.8449, time 47.40ms, mfu 9.81%
iter 4410: loss 0.8675, time 47.13ms, mfu 9.56%
iter 4420: loss 0.8694, time 47.26ms, mfu 9.34%
iter 4430: loss 0.8706, time 31.31ms, mfu 9.50%
iter 4440: loss 0.8789, time 31.65ms, mfu 9.64%
iter 4450: loss 0.8665, time 31.56ms, mfu 9.77%
iter 4460: loss 0.8561, time 31.48ms, mfu 9.89%
iter 4470: loss 0.8575, time 31.41ms, mfu 10.00%
iter 4480: loss 0.8579, time 47.31ms, mfu 9.73%
iter 4490: loss 0.8461, time 31.49ms, mfu 9.85%
step 4500: train loss 0.6685, val loss 1.6546
iter 4500: loss 0.8506, time 4859.35ms, mfu 8.87%
iter 4510: loss 0.8407, time 31.55ms, mfu 9.08%
iter 4520: loss 0.8604, time 47.25ms, mfu 8.90%
iter 4530: loss 0.8054, time 47.72ms, mfu 8.73%
iter 4540: loss 0.8505, time 47.09ms, mfu 8.59%
iter 4550: loss 0.8623, time 31.37ms, mfu 8.83%
iter 4560: loss 0.8365, time 31.70ms, mfu 9.04%
iter 4570: loss 0.8472, time 31.65ms, mfu 9.22%
iter 4580: loss 0.8602, time 47.72ms, mfu 9.02%
iter 4590: loss 0.8419, time 45.97ms, mfu 8.87%
iter 4600: loss 0.8228, time 31.06ms, mfu 9.09%
iter 4610: loss 0.8467, time 30.89ms, mfu 9.30%
iter 4620: loss 0.8314, time 31.69ms, mfu 9.46%
iter 4630: loss 0.8542, time 31.56ms, mfu 9.60%
iter 4640: loss 0.8631, time 47.36ms, mfu 9.37%
iter 4650: loss 0.8446, time 31.46ms, mfu 9.53%
iter 4660: loss 0.8491, time 31.53ms, mfu 9.67%
iter 4670: loss 0.8404, time 31.29ms, mfu 9.81%
iter 4680: loss 0.8456, time 31.74ms, mfu 9.91%
iter 4690: loss 0.8436, time 47.05ms, mfu 9.65%
iter 4700: loss 0.8420, time 31.45ms, mfu 9.78%
iter 4710: loss 0.8219, time 31.37ms, mfu 9.90%
iter 4720: loss 0.8322, time 35.38ms, mfu 9.89%
iter 4730: loss 0.8285, time 31.43ms, mfu 10.00%
iter 4740: loss 0.8325, time 31.60ms, mfu 10.09%
step 4750: train loss 0.6506, val loss 1.6731
iter 4750: loss 0.8376, time 4857.92ms, mfu 9.09%
iter 4760: loss 0.8509, time 31.39ms, mfu 9.28%
iter 4770: loss 0.8265, time 47.04ms, mfu 9.08%
iter 4780: loss 0.8229, time 47.13ms, mfu 8.90%
iter 4790: loss 0.8415, time 31.56ms, mfu 9.11%
iter 4800: loss 0.8416, time 31.50ms, mfu 9.29%
iter 4810: loss 0.8406, time 31.28ms, mfu 9.46%
iter 4820: loss 0.8578, time 31.72ms, mfu 9.60%
iter 4830: loss 0.8305, time 47.49ms, mfu 9.37%
iter 4840: loss 0.8353, time 31.51ms, mfu 9.53%
iter 4850: loss 0.8369, time 31.64ms, mfu 9.66%
iter 4860: loss 0.8516, time 31.55ms, mfu 9.79%
iter 4870: loss 0.8405, time 31.76ms, mfu 9.90%
iter 4880: loss 0.8137, time 47.37ms, mfu 9.63%
iter 4890: loss 0.8091, time 31.27ms, mfu 9.77%
iter 4900: loss 0.8478, time 31.80ms, mfu 9.88%
iter 4910: loss 0.8454, time 47.01ms, mfu 9.63%
iter 4920: loss 0.8482, time 46.46ms, mfu 9.41%
iter 4930: loss 0.8234, time 31.65ms, mfu 9.55%
iter 4940: loss 0.8508, time 31.32ms, mfu 9.70%
iter 4950: loss 0.8234, time 31.37ms, mfu 9.83%
iter 4960: loss 0.8224, time 47.35ms, mfu 9.57%
iter 4970: loss 0.8568, time 46.99ms, mfu 9.35%
iter 4980: loss 0.8233, time 31.56ms, mfu 9.51%
iter 4990: loss 0.8508, time 31.31ms, mfu 9.66%
step 5000: train loss 0.6369, val loss 1.6889
iter 5000: loss 0.8392, time 4845.97ms, mfu 8.70%
