Overriding config with config/hw1_gqa_lr2e-3.py:
# Same as hw1_gqa.py but with a 2x learning rate (min_lr kept at lr/10).
exec(open('config/hw1_gqa.py').read())
out_dir = 'out-hw1-gqa-lr2e-3'
learning_rate = 2e-3
min_lr = 2e-4

tokens per iteration will be: 16,384
found vocab_size = 65 (inside data\shakespeare_char\meta.pkl)
Initializing a new model from scratch
number of parameters: 9.76M
D:\hw1\Gengerative-AI\train.py:201: FutureWarning: `torch.cuda.amp.GradScaler(args...)` is deprecated. Please use `torch.amp.GradScaler('cuda', args...)` instead.
  scaler = torch.cuda.amp.GradScaler(enabled=(dtype == 'float16'))
num decayed parameter tensors: 26, with 9,855,360 parameters
num non-decayed parameter tensors: 13, with 4,992 parameters
using fused AdamW: True
step 0: train loss 4.2592, val loss 4.2589
iter 0: loss 4.2674, time 4926.59ms, mfu -100.00%
iter 10: loss 2.9466, time 31.32ms, mfu 11.01%
iter 20: loss 2.6661, time 31.67ms, mfu 11.00%
iter 30: loss 2.5704, time 31.54ms, mfu 10.99%
iter 40: loss 2.5595, time 47.11ms, mfu 10.62%
iter 50: loss 2.5088, time 31.30ms, mfu 10.66%
iter 60: loss 2.4852, time 31.43ms, mfu 10.69%
iter 70: loss 2.4928, time 31.31ms, mfu 10.72%
iter 80: loss 2.4849, time 31.62ms, mfu 10.74%
iter 90: loss 2.4617, time 45.09ms, mfu 10.43%
iter 100: loss 2.4529, time 47.17ms, mfu 10.12%
iter 110: loss 2.4420, time 31.87ms, mfu 10.19%
iter 120: loss 2.4408, time 31.79ms, mfu 10.25%
iter 130: loss 2.3994, time 31.42ms, mfu 10.33%
iter 140: loss 2.3680, time 49.13ms, mfu 10.00%
iter 150: loss 2.3150, time 31.49ms, mfu 10.09%
iter 160: loss 2.2191, time 31.78ms, mfu 10.17%
iter 170: loss 2.1928, time 31.28ms, mfu 10.25%
iter 180: loss 2.1290, time 47.34ms, mfu 9.96%
iter 190: loss 2.1185, time 47.24ms, mfu 9.69%
iter 200: loss 2.0591, time 31.52ms, mfu 9.81%
iter 210: loss 2.0287, time 32.24ms, mfu 9.90%
iter 220: loss 2.0045, time 31.64ms, mfu 10.00%
iter 230: loss 2.0062, time 31.36ms, mfu 10.10%
iter 240: loss 1.9524, time 47.45ms, mfu 9.82%
step 250: train loss 1.8155, val loss 1.9666
saving checkpoint to out-hw1-gqa-lr2e-3
iter 250: loss 1.9045, time 4940.28ms, mfu 8.84%
iter 260: loss 1.8712, time 33.38ms, mfu 8.99%
iter 270: loss 1.8637, time 31.33ms, mfu 9.19%
iter 280: loss 1.8317, time 20.42ms, mfu 9.96%
iter 290: loss 1.8282, time 31.50ms, mfu 10.06%
iter 300: loss 1.8221, time 31.52ms, mfu 10.15%
iter 310: loss 1.8294, time 31.52ms, mfu 10.23%
iter 320: loss 1.7958, time 47.17ms, mfu 9.93%
iter 330: loss 1.7696, time 31.76ms, mfu 10.03%
iter 340: loss 1.7556, time 31.81ms, mfu 10.11%
iter 350: loss 1.7251, time 31.38ms, mfu 10.20%
iter 360: loss 1.7473, time 31.53ms, mfu 10.27%
iter 370: loss 1.7050, time 47.41ms, mfu 9.97%
iter 380: loss 1.6999, time 47.22ms, mfu 9.70%
iter 390: loss 1.7050, time 31.26ms, mfu 9.84%
iter 400: loss 1.6412, time 28.30ms, mfu 10.07%
iter 410: loss 1.6983, time 31.47ms, mfu 10.16%
iter 420: loss 1.6549, time 47.07ms, mfu 9.87%
iter 430: loss 1.6636, time 47.04ms, mfu 9.62%
iter 440: loss 1.6373, time 31.65ms, mfu 9.75%
iter 450: loss 1.6489, time 31.29ms, mfu 9.87%
iter 460: loss 1.6418, time 33.70ms, mfu 9.91%
iter 470: loss 1.6238, time 31.62ms, mfu 10.01%
iter 480: loss 1.6261, time 47.07ms, mfu 9.74%
iter 490: loss 1.5859, time 31.60ms, mfu 9.86%
step 500: train loss 1.5098, val loss 1.7075
saving checkpoint to out-hw1-gqa-lr2e-3
iter 500: loss 1.6017, time 4936.92ms, mfu 8.88%
iter 510: loss 1.5807, time 32.03ms, mfu 9.07%
iter 520: loss 1.5931, time 31.76ms, mfu 9.25%
iter 530: loss 1.5717, time 47.40ms, mfu 9.05%
iter 540: loss 1.5745, time 31.35ms, mfu 9.24%
iter 550: loss 1.5858, time 31.61ms, mfu 9.41%
iter 560: loss 1.5422, time 31.66ms, mfu 9.56%
iter 570: loss 1.5416, time 47.66ms, mfu 9.33%
iter 580: loss 1.5122, time 31.46ms, mfu 9.49%
iter 590: loss 1.5401, time 31.67ms, mfu 9.63%
iter 600: loss 1.5521, time 31.67ms, mfu 9.75%
iter 610: loss 1.5443, time 31.40ms, mfu 9.88%
iter 620: loss 1.5677, time 47.14ms, mfu 9.62%
iter 630: loss 1.5082, time 31.30ms, mfu 9.76%
iter 640: loss 1.5128, time 29.48ms, mfu 9.95%
iter 650: loss 1.4967, time 32.50ms, mfu 10.02%
iter 660: loss 1.5263, time 31.46ms, mfu 10.11%
iter 670: loss 1.4665, time 31.58ms, mfu 10.19%
iter 680: loss 1.4430, time 31.44ms, mfu 10.27%
iter 690: loss 1.4580, time 30.61ms, mfu 10.37%
iter 700: loss 1.4518, time 31.59ms, mfu 10.42%
iter 710: loss 1.4450, time 31.39ms, mfu 10.48%
iter 720: loss 1.4565, time 47.56ms, mfu 10.16%
iter 730: loss 1.4418, time 31.29ms, mfu 10.24%
iter 740: loss 1.4451, time 31.67ms, mfu 10.31%
step 750: train loss 1.3639, val loss 1.5853
saving checkpoint to out-hw1-gqa-lr2e-3
iter 750: loss 1.4627, time 4944.00ms, mfu 9.28%
iter 760: loss 1.4352, time 47.20ms, mfu 9.09%
iter 770: loss 1.4173, time 31.39ms, mfu 9.28%
iter 780: loss 1.4163, time 31.31ms, mfu 9.45%
iter 790: loss 1.3879, time 31.48ms, mfu 9.60%
iter 800: loss 1.3860, time 46.18ms, mfu 9.39%
iter 810: loss 1.4118, time 47.27ms, mfu 9.18%
iter 820: loss 1.4085, time 31.34ms, mfu 9.36%
iter 830: loss 1.4285, time 31.72ms, mfu 9.51%
iter 840: loss 1.4125, time 31.35ms, mfu 9.66%
iter 850: loss 1.3848, time 30.16ms, mfu 9.84%
iter 860: loss 1.3965, time 31.84ms, mfu 9.93%
iter 870: loss 1.4026, time 31.57ms, mfu 10.03%
iter 880: loss 1.3632, time 31.44ms, mfu 10.13%
iter 890: loss 1.4300, time 31.34ms, mfu 10.21%
iter 900: loss 1.3854, time 31.60ms, mfu 10.28%
iter 910: loss 1.3774, time 33.93ms, mfu 10.27%
iter 920: loss 1.4014, time 31.69ms, mfu 10.33%
iter 930: loss 1.3738, time 47.20ms, mfu 10.03%
iter 940: loss 1.3419, time 47.53ms, mfu 9.75%
iter 950: loss 1.3392, time 31.33ms, mfu 9.88%
iter 960: loss 1.3536, time 31.53ms, mfu 9.98%
iter 970: loss 1.3575, time 32.27ms, mfu 10.05%
iter 980: loss 1.3498, time 30.84ms, mfu 10.16%
iter 990: loss 1.3839, time 31.36ms, mfu 10.25%
step 1000: train loss 1.2754, val loss 1.5312
saving checkpoint to out-hw1-gqa-lr2e-3
iter 1000: loss 1.3467, time 4938.95ms, mfu 9.23%
iter 1010: loss 1.3607, time 31.40ms, mfu 9.40%
iter 1020: loss 1.3117, time 47.93ms, mfu 9.18%
iter 1030: loss 1.3405, time 47.20ms, mfu 9.00%
iter 1040: loss 1.3288, time 31.52ms, mfu 9.19%
iter 1050: loss 1.3530, time 31.31ms, mfu 9.37%
iter 1060: loss 1.3111, time 31.99ms, mfu 9.51%
iter 1070: loss 1.3352, time 31.75ms, mfu 9.65%
iter 1080: loss 1.3271, time 31.78ms, mfu 9.77%
iter 1090: loss 1.3179, time 47.43ms, mfu 9.52%
iter 1100: loss 1.3051, time 47.84ms, mfu 9.29%
iter 1110: loss 1.3160, time 47.37ms, mfu 9.09%
iter 1120: loss 1.3511, time 31.61ms, mfu 9.27%
iter 1130: loss 1.3449, time 31.55ms, mfu 9.43%
iter 1140: loss 1.3244, time 31.41ms, mfu 9.59%
iter 1150: loss 1.3266, time 31.81ms, mfu 9.71%
iter 1160: loss 1.3170, time 31.63ms, mfu 9.83%
iter 1170: loss 1.3028, time 31.35ms, mfu 9.95%
iter 1180: loss 1.3093, time 47.39ms, mfu 9.68%
iter 1190: loss 1.3003, time 29.30ms, mfu 9.89%
iter 1200: loss 1.3052, time 31.37ms, mfu 10.00%
iter 1210: loss 1.2966, time 15.96ms, mfu 11.16%
iter 1220: loss 1.2934, time 31.36ms, mfu 11.14%
iter 1230: loss 1.2730, time 31.28ms, mfu 11.13%
iter 1240: loss 1.3042, time 31.90ms, mfu 11.10%
step 1250: train loss 1.2116, val loss 1.4882
saving checkpoint to out-hw1-gqa-lr2e-3
iter 1250: loss 1.2543, time 4956.67ms, mfu 10.00%
iter 1260: loss 1.3041, time 31.41ms, mfu 10.09%
iter 1270: loss 1.2867, time 31.64ms, mfu 10.17%
iter 1280: loss 1.2878, time 47.30ms, mfu 9.89%
iter 1290: loss 1.3096, time 47.28ms, mfu 9.63%
iter 1300: loss 1.2979, time 47.28ms, mfu 9.39%
iter 1310: loss 1.2881, time 31.84ms, mfu 9.54%
iter 1320: loss 1.2466, time 31.47ms, mfu 9.68%
iter 1330: loss 1.2428, time 31.33ms, mfu 9.81%
iter 1340: loss 1.2778, time 47.03ms, mfu 9.56%
iter 1350: loss 1.2665, time 47.50ms, mfu 9.33%
iter 1360: loss 1.2510, time 47.82ms, mfu 9.12%
iter 1370: loss 1.2692, time 47.17ms, mfu 8.94%
iter 1380: loss 1.2514, time 31.45ms, mfu 9.14%
iter 1390: loss 1.2690, time 31.56ms, mfu 9.32%
iter 1400: loss 1.2621, time 31.51ms, mfu 9.48%
iter 1410: loss 1.2462, time 31.40ms, mfu 9.63%
iter 1420: loss 1.2398, time 31.52ms, mfu 9.76%
iter 1430: loss 1.2958, time 31.35ms, mfu 9.89%
iter 1440: loss 1.2415, time 48.18ms, mfu 9.61%
iter 1450: loss 1.2696, time 46.99ms, mfu 9.38%
iter 1460: loss 1.2311, time 31.62ms, mfu 9.54%
iter 1470: loss 1.2473, time 31.58ms, mfu 9.67%
iter 1480: loss 1.2297, time 35.94ms, mfu 9.67%
iter 1490: loss 1.2624, time 31.43ms, mfu 9.80%
step 1500: train loss 1.1595, val loss 1.4726
saving checkpoint to out-hw1-gqa-lr2e-3
iter 1500: loss 1.2526, time 5079.33ms, mfu 8.82%
iter 1510: loss 1.2552, time 30.21ms, mfu 9.08%
iter 1520: loss 1.2400, time 31.86ms, mfu 9.26%
iter 1530: loss 1.1823, time 31.32ms, mfu 9.43%
iter 1540: loss 1.2385, time 31.45ms, mfu 9.58%
iter 1550: loss 1.2157, time 31.34ms, mfu 9.73%
iter 1560: loss 1.2479, time 34.56ms, mfu 9.75%
iter 1570: loss 1.2176, time 31.70ms, mfu 9.86%
iter 1580: loss 1.2195, time 31.75ms, mfu 9.96%
iter 1590: loss 1.2406, time 47.18ms, mfu 9.70%
iter 1600: loss 1.2276, time 47.52ms, mfu 9.45%
iter 1610: loss 1.2115, time 31.66ms, mfu 9.60%
iter 1620: loss 1.2076, time 32.03ms, mfu 9.71%
iter 1630: loss 1.1968, time 31.74ms, mfu 9.83%
iter 1640: loss 1.2055, time 31.69ms, mfu 9.93%
iter 1650: loss 1.2301, time 31.41ms, mfu 10.04%
iter 1660: loss 1.2075, time 31.35ms, mfu 10.13%
iter 1670: loss 1.2334, time 47.81ms, mfu 9.84%
iter 1680: loss 1.2119, time 47.10ms, mfu 9.59%
iter 1690: loss 1.2025, time 31.42ms, mfu 9.73%
iter 1700: loss 1.1819, time 33.74ms, mfu 9.78%
iter 1710: loss 1.2121, time 31.72ms, mfu 9.89%
iter 1720: loss 1.2078, time 31.10ms, mfu 10.01%
iter 1730: loss 1.1947, time 62.33ms, mfu 9.56%
iter 1740: loss 1.2330, time 47.57ms, mfu 9.33%
step 1750: train loss 1.1140, val loss 1.4772
iter 1750: loss 1.2214, time 4874.15ms, mfu 8.40%
iter 1760: loss 1.2166, time 31.31ms, mfu 8.66%
iter 1770: loss 1.1889, time 31.64ms, mfu 8.89%
iter 1780: loss 1.1925, time 47.29ms, mfu 8.73%
iter 1790: loss 1.1991, time 47.70ms, mfu 8.58%
iter 1800: loss 1.1852, time 31.29ms, mfu 8.82%
iter 1810: loss 1.1764, time 31.63ms, mfu 9.03%
iter 1820: loss 1.1932, time 29.33ms, mfu 9.30%
iter 1830: loss 1.1619, time 31.88ms, mfu 9.45%
iter 1840: loss 1.1857, time 31.39ms, mfu 9.61%
iter 1850: loss 1.1611, time 31.57ms, mfu 9.74%
iter 1860: loss 1.1736, time 31.36ms, mfu 9.86%
iter 1870: loss 1.1810, time 47.82ms, mfu 9.60%
iter 1880: loss 1.1517, time 45.46ms, mfu 9.40%
iter 1890: loss 1.1957, time 31.49ms, mfu 9.55%
iter 1900: loss 1.1763, time 28.84ms, mfu 9.79%
iter 1910: loss 1.1783, time 31.37ms, mfu 9.91%
iter 1920: loss 1.1723, time 31.56ms, mfu 10.01%
iter 1930: loss 1.1935, time 31.44ms, mfu 10.11%
iter 1940: loss 1.1557, time 31.90ms, mfu 10.18%
iter 1950: loss 1.1593, time 47.37ms, mfu 9.89%
iter 1960: loss 1.1392, time 47.04ms, mfu 9.63%
iter 1970: loss 1.1870, time 31.61ms, mfu 9.76%
iter 1980: loss 1.1336, time 31.53ms, mfu 9.88%
iter 1990: loss 1.1220, time 31.72ms, mfu 9.98%
step 2000: train loss 1.0709, val loss 1.4716
saving checkpoint to out-hw1-gqa-lr2e-3
iter 2000: loss 1.1403, time 4950.62ms, mfu 8.99%
iter 2010: loss 1.1412, time 31.82ms, mfu 9.17%
iter 2020: loss 1.1577, time 48.03ms, mfu 8.97%
iter 2030: loss 1.1391, time 47.08ms, mfu 8.81%
iter 2040: loss 1.1424, time 31.62ms, mfu 9.02%
iter 2050: loss 1.1514, time 31.73ms, mfu 9.20%
iter 2060: loss 1.1183, time 47.37ms, mfu 9.01%
iter 2070: loss 1.1331, time 31.88ms, mfu 9.19%
iter 2080: loss 1.1201, time 47.34ms, mfu 9.00%
iter 2090: loss 1.1305, time 44.44ms, mfu 8.87%
iter 2100: loss 1.0977, time 47.13ms, mfu 8.72%
iter 2110: loss 1.1446, time 31.39ms, mfu 8.94%
iter 2120: loss 1.1100, time 20.18ms, mfu 9.76%
iter 2130: loss 1.1482, time 31.76ms, mfu 9.87%
iter 2140: loss 1.1683, time 31.39ms, mfu 9.98%
iter 2150: loss 1.1665, time 30.46ms, mfu 10.11%
iter 2160: loss 1.1299, time 47.35ms, mfu 9.83%
iter 2170: loss 1.1240, time 47.61ms, mfu 9.57%
iter 2180: loss 1.1307, time 31.38ms, mfu 9.71%
iter 2190: loss 1.1391, time 31.74ms, mfu 9.83%
iter 2200: loss 1.1357, time 34.03ms, mfu 9.86%
iter 2210: loss 1.1415, time 31.60ms, mfu 9.96%
iter 2220: loss 1.0987, time 31.71ms, mfu 10.05%
iter 2230: loss 1.1075, time 31.38ms, mfu 10.15%
iter 2240: loss 1.1394, time 46.44ms, mfu 9.87%
step 2250: train loss 1.0201, val loss 1.4823
iter 2250: loss 1.1133, time 4875.55ms, mfu 8.89%
iter 2260: loss 1.1349, time 31.67ms, mfu 9.09%
iter 2270: loss 1.1205, time 34.55ms, mfu 9.18%
iter 2280: loss 1.1080, time 31.74ms, mfu 9.35%
iter 2290: loss 1.1007, time 31.65ms, mfu 9.50%
iter 2300: loss 1.0923, time 31.69ms, mfu 9.64%
iter 2310: loss 1.1011, time 31.85ms, mfu 9.76%
iter 2320: loss 1.1051, time 47.08ms, mfu 9.52%
iter 2330: loss 1.1177, time 31.21ms, mfu 9.67%
iter 2340: loss 1.1029, time 31.41ms, mfu 9.80%
iter 2350: loss 1.1154, time 31.73ms, mfu 9.91%
iter 2360: loss 1.1297, time 31.35ms, mfu 10.02%
iter 2370: loss 1.1213, time 31.32ms, mfu 10.11%
iter 2380: loss 1.0978, time 31.34ms, mfu 10.20%
iter 2390: loss 1.1134, time 47.48ms, mfu 9.91%
iter 2400: loss 1.0722, time 31.39ms, mfu 10.02%
iter 2410: loss 1.1049, time 31.75ms, mfu 10.10%
iter 2420: loss 1.0932, time 31.61ms, mfu 10.18%
iter 2430: loss 1.0941, time 31.42ms, mfu 10.26%
iter 2440: loss 1.0684, time 32.12ms, mfu 10.31%
iter 2450: loss 1.0932, time 47.19ms, mfu 10.01%
iter 2460: loss 1.0704, time 31.44ms, mfu 10.10%
iter 2470: loss 1.0506, time 31.66ms, mfu 10.18%
iter 2480: loss 1.1030, time 29.59ms, mfu 10.33%
iter 2490: loss 1.1061, time 33.73ms, mfu 10.32%
step 2500: train loss 0.9736, val loss 1.4929
iter 2500: loss 1.0655, time 4871.36ms, mfu 9.29%
iter 2510: loss 1.0696, time 31.34ms, mfu 9.46%
iter 2520: loss 1.0933, time 31.32ms, mfu 9.62%
iter 2530: loss 1.0745, time 31.59ms, mfu 9.75%
iter 2540: loss 1.0560, time 31.38ms, mfu 9.87%
iter 2550: loss 1.0911, time 31.50ms, mfu 9.98%
iter 2560: loss 1.0814, time 31.64ms, mfu 10.07%
iter 2570: loss 1.0661, time 48.71ms, mfu 9.77%
iter 2580: loss 1.0555, time 47.04ms, mfu 9.53%
iter 2590: loss 1.0747, time 47.17ms, mfu 9.30%
iter 2600: loss 1.0745, time 31.44ms, mfu 9.47%
iter 2610: loss 1.0714, time 31.42ms, mfu 9.62%
iter 2620: loss 1.0419, time 31.35ms, mfu 9.76%
iter 2630: loss 1.0617, time 31.62ms, mfu 9.87%
iter 2640: loss 1.0443, time 32.82ms, mfu 9.94%
iter 2650: loss 1.0473, time 47.09ms, mfu 9.67%
iter 2660: loss 1.0584, time 47.14ms, mfu 9.44%
iter 2670: loss 1.0801, time 31.34ms, mfu 9.59%
iter 2680: loss 1.0568, time 31.94ms, mfu 9.71%
iter 2690: loss 1.0569, time 31.80ms, mfu 9.83%
iter 2700: loss 1.0301, time 31.47ms, mfu 9.94%
iter 2710: loss 1.0600, time 47.00ms, mfu 9.68%
iter 2720: loss 1.0429, time 31.84ms, mfu 9.79%
iter 2730: loss 1.0312, time 47.11ms, mfu 9.55%
iter 2740: loss 1.0542, time 31.32ms, mfu 9.69%
step 2750: train loss 0.9259, val loss 1.5254
iter 2750: loss 1.0159, time 4861.43ms, mfu 8.73%
iter 2760: loss 0.9990, time 31.78ms, mfu 8.94%
iter 2770: loss 1.0355, time 31.47ms, mfu 9.14%
iter 2780: loss 1.0350, time 31.85ms, mfu 9.31%
iter 2790: loss 1.0424, time 31.30ms, mfu 9.48%
iter 2800: loss 1.0570, time 49.60ms, mfu 9.23%
iter 2810: loss 1.0369, time 33.27ms, mfu 9.34%
iter 2820: loss 1.0554, time 48.96ms, mfu 9.11%
iter 2830: loss 1.0288, time 33.33ms, mfu 9.23%
iter 2840: loss 1.0202, time 33.31ms, mfu 9.35%
iter 2850: loss 1.0186, time 33.33ms, mfu 9.45%
iter 2860: loss 1.0246, time 49.98ms, mfu 9.19%
iter 2870: loss 0.9925, time 50.35ms, mfu 8.96%
iter 2880: loss 1.0352, time 50.00ms, mfu 8.75%
iter 2890: loss 1.0439, time 34.20ms, mfu 8.88%
iter 2900: loss 1.0100, time 33.47ms, mfu 9.03%
iter 2910: loss 1.0176, time 43.07ms, mfu 8.92%
iter 2920: loss 1.0526, time 33.01ms, mfu 9.08%
iter 2930: loss 1.0040, time 33.33ms, mfu 9.20%
iter 2940: loss 1.0071, time 33.30ms, mfu 9.32%
iter 2950: loss 1.0153, time 33.31ms, mfu 9.42%
iter 2960: loss 1.0119, time 33.32ms, mfu 9.51%
iter 2970: loss 0.9954, time 33.33ms, mfu 9.60%
iter 2980: loss 1.0138, time 31.88ms, mfu 9.72%
iter 2990: loss 1.0192, time 34.40ms, mfu 9.75%
step 3000: train loss 0.8769, val loss 1.5318
iter 3000: loss 0.9998, time 4856.40ms, mfu 8.78%
iter 3010: loss 0.9940, time 31.59ms, mfu 8.99%
iter 3020: loss 0.9919, time 47.75ms, mfu 8.82%
iter 3030: loss 1.0097, time 30.46ms, mfu 9.07%
iter 3040: loss 1.0054, time 31.78ms, mfu 9.24%
iter 3050: loss 1.0173, time 32.05ms, mfu 9.40%
iter 3060: loss 0.9747, time 47.23ms, mfu 9.19%
iter 3070: loss 0.9840, time 31.49ms, mfu 9.36%
iter 3080: loss 1.0133, time 31.78ms, mfu 9.51%
iter 3090: loss 1.0042, time 32.52ms, mfu 9.62%
iter 3100: loss 0.9833, time 31.70ms, mfu 9.75%
iter 3110: loss 1.0126, time 33.84ms, mfu 9.79%
iter 3120: loss 0.9739, time 47.39ms, mfu 9.54%
iter 3130: loss 0.9658, time 31.32ms, mfu 9.68%
iter 3140: loss 0.9516, time 34.13ms, mfu 9.73%
iter 3150: loss 1.0019, time 47.80ms, mfu 9.47%
iter 3160: loss 1.0024, time 47.22ms, mfu 9.26%
iter 3170: loss 0.9781, time 32.01ms, mfu 9.41%
iter 3180: loss 0.9679, time 27.52ms, mfu 9.72%
iter 3190: loss 0.9684, time 31.31ms, mfu 9.85%
iter 3200: loss 0.9807, time 31.34ms, mfu 9.96%
iter 3210: loss 0.9702, time 47.61ms, mfu 9.69%
iter 3220: loss 0.9694, time 31.42ms, mfu 9.82%
iter 3230: loss 0.9780, time 31.91ms, mfu 9.92%
iter 3240: loss 0.9752, time 31.61ms, mfu 10.02%
step 3250: train loss 0.8289, val loss 1.5608
iter 3250: loss 0.9574, time 4853.87ms, mfu 9.02%
iter 3260: loss 0.9550, time 31.47ms, mfu 9.22%
iter 3270: loss 0.9872, time 31.86ms, mfu 9.38%
iter 3280: loss 0.9741, time 47.60ms, mfu 9.16%
iter 3290: loss 0.9510, time 47.11ms, mfu 8.98%
iter 3300: loss 0.9928, time 32.13ms, mfu 9.15%
iter 3310: loss 0.9748, time 31.62ms, mfu 9.33%
iter 3320: loss 0.9626, time 31.55ms, mfu 9.49%
iter 3330: loss 0.9743, time 47.72ms, mfu 9.26%
iter 3340: loss 0.9576, time 31.53ms, mfu 9.43%
iter 3350: loss 0.9900, time 31.71ms, mfu 9.57%
iter 3360: loss 0.9363, time 32.02ms, mfu 9.69%
iter 3370: loss 0.9427, time 46.96ms, mfu 9.46%
iter 3380: loss 0.9698, time 31.77ms, mfu 9.60%
iter 3390: loss 0.9533, time 31.73ms, mfu 9.72%
iter 3400: loss 0.9431, time 31.99ms, mfu 9.83%
iter 3410: loss 0.9436, time 31.66ms, mfu 9.94%
iter 3420: loss 0.9255, time 31.82ms, mfu 10.02%
iter 3430: loss 0.9342, time 47.65ms, mfu 9.75%
iter 3440: loss 0.9689, time 31.74ms, mfu 9.86%
iter 3450: loss 0.9690, time 30.23ms, mfu 10.01%
iter 3460: loss 0.9377, time 47.84ms, mfu 9.73%
iter 3470: loss 0.9239, time 32.17ms, mfu 9.83%
iter 3480: loss 0.9246, time 33.46ms, mfu 9.88%
iter 3490: loss 0.9514, time 47.22ms, mfu 9.62%
step 3500: train loss 0.7878, val loss 1.5946
iter 3500: loss 0.9293, time 4857.60ms, mfu 8.67%
iter 3510: loss 0.9197, time 47.11ms, mfu 8.53%
iter 3520: loss 0.9330, time 47.21ms, mfu 8.41%
iter 3530: loss 0.9341, time 31.74ms, mfu 8.65%
iter 3540: loss 0.9233, time 32.55ms, mfu 8.85%
iter 3550: loss 0.9196, time 47.59ms, mfu 8.69%
iter 3560: loss 0.9166, time 31.42ms, mfu 8.92%
iter 3570: loss 0.9154, time 31.66ms, mfu 9.11%
iter 3580: loss 0.9072, time 47.36ms, mfu 8.93%
iter 3590: loss 0.9297, time 31.64ms, mfu 9.13%
iter 3600: loss 0.9043, time 31.79ms, mfu 9.30%
iter 3610: loss 0.8992, time 48.22ms, mfu 9.08%
iter 3620: loss 0.9286, time 31.47ms, mfu 9.27%
iter 3630: loss 0.9380, time 31.65ms, mfu 9.43%
iter 3640: loss 0.8963, time 31.98ms, mfu 9.57%
iter 3650: loss 0.9317, time 47.61ms, mfu 9.33%
iter 3660: loss 0.8781, time 32.01ms, mfu 9.48%
iter 3670: loss 0.9202, time 33.54ms, mfu 9.56%
iter 3680: loss 0.9046, time 47.14ms, mfu 9.33%
iter 3690: loss 0.9198, time 32.01ms, mfu 9.48%
iter 3700: loss 0.9184, time 31.71ms, mfu 9.62%
iter 3710: loss 0.9312, time 47.81ms, mfu 9.38%
iter 3720: loss 0.9088, time 31.95ms, mfu 9.52%
iter 3730: loss 0.9136, time 31.78ms, mfu 9.65%
iter 3740: loss 0.9032, time 47.64ms, mfu 9.41%
step 3750: train loss 0.7461, val loss 1.6124
iter 3750: loss 0.9013, time 4853.33ms, mfu 8.48%
iter 3760: loss 0.9172, time 31.65ms, mfu 8.72%
iter 3770: loss 0.9169, time 47.87ms, mfu 8.57%
iter 3780: loss 0.9055, time 47.24ms, mfu 8.44%
iter 3790: loss 0.9165, time 31.69ms, mfu 8.68%
iter 3800: loss 0.8816, time 31.79ms, mfu 8.90%
iter 3810: loss 0.9225, time 47.37ms, mfu 8.74%
iter 3820: loss 0.8884, time 29.68ms, mfu 9.03%
iter 3830: loss 0.8879, time 32.10ms, mfu 9.20%
iter 3840: loss 0.9027, time 47.64ms, mfu 9.00%
iter 3850: loss 0.9041, time 30.79ms, mfu 9.22%
iter 3860: loss 0.9177, time 47.66ms, mfu 9.02%
iter 3870: loss 0.8879, time 47.01ms, mfu 8.85%
iter 3880: loss 0.9014, time 31.75ms, mfu 9.05%
iter 3890: loss 0.8832, time 31.29ms, mfu 9.25%
iter 3900: loss 0.8741, time 31.60ms, mfu 9.42%
iter 3910: loss 0.8887, time 31.93ms, mfu 9.55%
iter 3920: loss 0.9166, time 30.94ms, mfu 9.71%
iter 3930: loss 0.9008, time 31.63ms, mfu 9.83%
iter 3940: loss 0.8697, time 34.68ms, mfu 9.84%
iter 3950: loss 0.8571, time 31.47ms, mfu 9.95%
iter 3960: loss 0.8736, time 31.87ms, mfu 10.04%
iter 3970: loss 0.8894, time 47.76ms, mfu 9.76%
iter 3980: loss 0.8813, time 31.79ms, mfu 9.87%
iter 3990: loss 0.8681, time 33.14ms, mfu 9.92%
step 4000: train loss 0.7071, val loss 1.6432
iter 4000: loss 0.8726, time 4868.83ms, mfu 8.94%
iter 4010: loss 0.8738, time 47.39ms, mfu 8.77%
iter 4020: loss 0.8659, time 32.83ms, mfu 8.94%
iter 4030: loss 0.8712, time 31.78ms, mfu 9.13%
iter 4040: loss 0.8802, time 47.45ms, mfu 8.95%
iter 4050: loss 0.8766, time 31.90ms, mfu 9.13%
iter 4060: loss 0.8986, time 31.61ms, mfu 9.31%
iter 4070: loss 0.8643, time 47.21ms, mfu 9.11%
iter 4080: loss 0.8531, time 33.93ms, mfu 9.21%
iter 4090: loss 0.8794, time 31.87ms, mfu 9.37%
iter 4100: loss 0.8767, time 31.37ms, mfu 9.54%
iter 4110: loss 0.8906, time 31.45ms, mfu 9.68%
iter 4120: loss 0.8800, time 31.77ms, mfu 9.80%
iter 4130: loss 0.8776, time 47.29ms, mfu 9.55%
iter 4140: loss 0.8668, time 31.81ms, mfu 9.67%
iter 4150: loss 0.8555, time 47.85ms, mfu 9.43%
iter 4160: loss 0.8775, time 31.74ms, mfu 9.57%
iter 4170: loss 0.8639, time 31.94ms, mfu 9.69%
iter 4180: loss 0.8771, time 31.60ms, mfu 9.81%
iter 4190: loss 0.8764, time 31.91ms, mfu 9.91%
iter 4200: loss 0.8443, time 31.36ms, mfu 10.02%
iter 4210: loss 0.8526, time 47.66ms, mfu 9.74%
iter 4220: loss 0.8399, time 31.66ms, mfu 9.86%
iter 4230: loss 0.8504, time 31.56ms, mfu 9.96%
iter 4240: loss 0.8580, time 31.47ms, mfu 10.06%
step 4250: train loss 0.6764, val loss 1.6669
iter 4250: loss 0.8780, time 4855.59ms, mfu 9.06%
iter 4260: loss 0.8405, time 29.69ms, mfu 9.32%
iter 4270: loss 0.8527, time 31.31ms, mfu 9.49%
iter 4280: loss 0.8327, time 32.11ms, mfu 9.61%
iter 4290: loss 0.8361, time 47.87ms, mfu 9.37%
iter 4300: loss 0.8316, time 32.28ms, mfu 9.50%
iter 4310: loss 0.8318, time 31.46ms, mfu 9.65%
iter 4320: loss 0.8261, time 47.77ms, mfu 9.40%
iter 4330: loss 0.8519, time 47.45ms, mfu 9.19%
iter 4340: loss 0.8413, time 31.37ms, mfu 9.37%
iter 4350: loss 0.8519, time 31.54ms, mfu 9.53%
iter 4360: loss 0.8611, time 47.52ms, mfu 9.30%
iter 4370: loss 0.8624, time 31.63ms, mfu 9.46%
iter 4380: loss 0.8334, time 31.39ms, mfu 9.61%
iter 4390: loss 0.8441, time 47.22ms, mfu 9.38%
iter 4400: loss 0.8353, time 16.06ms, mfu 10.59%
iter 4410: loss 0.8449, time 31.64ms, mfu 10.62%
iter 4420: loss 0.8525, time 47.20ms, mfu 10.29%
iter 4430: loss 0.8483, time 31.50ms, mfu 10.35%
iter 4440: loss 0.8706, time 31.57ms, mfu 10.41%
iter 4450: loss 0.8471, time 47.32ms, mfu 10.10%
iter 4460: loss 0.8347, time 31.65ms, mfu 10.18%
iter 4470: loss 0.8363, time 32.10ms, mfu 10.23%
iter 4480: loss 0.8362, time 46.18ms, mfu 9.96%
iter 4490: loss 0.8222, time 31.39ms, mfu 10.06%
step 4500: train loss 0.6482, val loss 1.6819
iter 4500: loss 0.8417, time 4853.91ms, mfu 9.06%
iter 4510: loss 0.8239, time 31.70ms, mfu 9.24%
iter 4520: loss 0.8450, time 31.35ms, mfu 9.42%
iter 4530: loss 0.7936, time 47.18ms, mfu 9.21%
iter 4540: loss 0.8360, time 28.40ms, mfu 9.50%
iter 4550: loss 0.8448, time 32.20ms, mfu 9.62%
iter 4560: loss 0.8229, time 47.06ms, mfu 9.39%
iter 4570: loss 0.8322, time 31.74ms, mfu 9.54%
iter 4580: loss 0.8413, time 31.35ms, mfu 9.68%
iter 4590: loss 0.8319, time 47.27ms, mfu 9.44%
iter 4600: loss 0.8110, time 29.54ms, mfu 9.67%
iter 4610: loss 0.8319, time 31.65ms, mfu 9.79%
iter 4620: loss 0.8192, time 48.01ms, mfu 9.53%
iter 4630: loss 0.8378, time 47.31ms, mfu 9.30%
iter 4640: loss 0.8318, time 31.36ms, mfu 9.47%
iter 4650: loss 0.8329, time 32.03ms, mfu 9.60%
iter 4660: loss 0.8198, time 31.85ms, mfu 9.72%
iter 4670: loss 0.8096, time 31.93ms, mfu 9.83%
iter 4680: loss 0.8138, time 47.84ms, mfu 9.57%
iter 4690: loss 0.8179, time 31.79ms, mfu 9.70%
iter 4700: loss 0.8190, time 31.85ms, mfu 9.81%
iter 4710: loss 0.7988, time 47.71ms, mfu 9.55%
iter 4720: loss 0.8225, time 32.21ms, mfu 9.67%
iter 4730: loss 0.8093, time 31.67ms, mfu 9.79%
iter 4740: loss 0.8235, time 47.34ms, mfu 9.54%
step 4750: train loss 0.6284, val loss 1.6955
iter 4750: loss 0.8176, time 4870.07ms, mfu 8.59%
iter 4760: loss 0.8307, time 31.89ms, mfu 8.81%
iter 4770: loss 0.8026, time 47.08ms, mfu 8.66%
iter 4780: loss 0.8115, time 46.99ms, mfu 8.53%
iter 4790: loss 0.8157, time 31.45ms, mfu 8.77%
iter 4800: loss 0.8184, time 31.50ms, mfu 8.99%
iter 4810: loss 0.8214, time 47.32ms, mfu 8.82%
iter 4820: loss 0.8291, time 32.71ms, mfu 8.99%
iter 4830: loss 0.8093, time 46.92ms, mfu 8.83%
iter 4840: loss 0.8029, time 31.70ms, mfu 9.03%
iter 4850: loss 0.8092, time 31.26ms, mfu 9.23%
iter 4860: loss 0.8220, time 47.36ms, mfu 9.04%
iter 4870: loss 0.8202, time 31.60ms, mfu 9.22%
iter 4880: loss 0.7971, time 31.88ms, mfu 9.38%
iter 4890: loss 0.7816, time 47.32ms, mfu 9.17%
iter 4900: loss 0.8286, time 31.85ms, mfu 9.34%
iter 4910: loss 0.8273, time 31.69ms, mfu 9.49%
iter 4920: loss 0.8235, time 31.45ms, mfu 9.64%
iter 4930: loss 0.7955, time 31.94ms, mfu 9.75%
iter 4940: loss 0.8216, time 31.56ms, mfu 9.87%
iter 4950: loss 0.7963, time 31.88ms, mfu 9.97%
iter 4960: loss 0.7993, time 47.84ms, mfu 9.69%
iter 4970: loss 0.8331, time 31.45ms, mfu 9.82%
iter 4980: loss 0.7949, time 32.11ms, mfu 9.91%
iter 4990: loss 0.8116, time 31.67ms, mfu 10.01%
step 5000: train loss 0.6115, val loss 1.7173
iter 5000: loss 0.8191, time 4871.71ms, mfu 9.01%
