Overriding config with config/hw1_nope_lr2e-3.py:
# Same as hw1_nope.py but with a 2x learning rate (min_lr kept at lr/10).
exec(open('config/hw1_nope.py').read())
out_dir = 'out-hw1-nope-lr2e-3'
learning_rate = 2e-3
min_lr = 2e-4

tokens per iteration will be: 16,384
found vocab_size = 65 (inside data\shakespeare_char\meta.pkl)
Initializing a new model from scratch
number of parameters: 10.65M
D:\hw1\Gengerative-AI\train.py:201: FutureWarning: `torch.cuda.amp.GradScaler(args...)` is deprecated. Please use `torch.amp.GradScaler('cuda', args...)` instead.
  scaler = torch.cuda.amp.GradScaler(enabled=(dtype == 'float16'))
num decayed parameter tensors: 25, with 10,641,792 parameters
num non-decayed parameter tensors: 13, with 4,992 parameters
using fused AdamW: True
step 0: train loss 4.1954, val loss 4.2023
iter 0: loss 4.2179, time 5000.84ms, mfu -100.00%
iter 10: loss 2.8763, time 27.48ms, mfu 13.56%
iter 20: loss 2.6155, time 31.50ms, mfu 13.39%
iter 30: loss 2.5271, time 32.46ms, mfu 13.20%
iter 40: loss 2.5073, time 48.02ms, mfu 12.65%
iter 50: loss 2.4945, time 47.18ms, mfu 12.18%
iter 60: loss 2.4716, time 31.84ms, mfu 12.13%
iter 70: loss 2.4818, time 47.02ms, mfu 11.71%
iter 80: loss 2.4475, time 32.97ms, mfu 11.67%
iter 90: loss 2.4558, time 31.47ms, mfu 11.69%
iter 100: loss 2.4378, time 47.65ms, mfu 11.30%
iter 110: loss 2.4576, time 31.81ms, mfu 11.34%
iter 120: loss 2.4431, time 47.49ms, mfu 10.99%
iter 130: loss 2.4135, time 48.01ms, mfu 10.67%
iter 140: loss 2.4340, time 31.39ms, mfu 10.79%
iter 150: loss 2.4313, time 46.01ms, mfu 10.52%
iter 160: loss 2.4020, time 31.99ms, mfu 10.63%
iter 170: loss 2.4020, time 31.54ms, mfu 10.75%
iter 180: loss 2.4130, time 47.69ms, mfu 10.46%
iter 190: loss 2.4009, time 31.51ms, mfu 10.59%
iter 200: loss 2.3957, time 33.79ms, mfu 10.64%
iter 210: loss 2.3669, time 31.45ms, mfu 10.76%
iter 220: loss 2.3821, time 46.26ms, mfu 10.49%
iter 230: loss 2.3719, time 31.41ms, mfu 10.63%
iter 240: loss 2.3598, time 31.32ms, mfu 10.75%
step 250: train loss 2.3304, val loss 2.4067
saving checkpoint to out-hw1-nope-lr2e-3
iter 250: loss 2.3568, time 5127.78ms, mfu 9.68%
iter 260: loss 2.3418, time 47.29ms, mfu 9.50%
iter 270: loss 2.4083, time 31.28ms, mfu 9.75%
iter 280: loss 2.3857, time 47.00ms, mfu 9.56%
iter 290: loss 2.3481, time 30.87ms, mfu 9.81%
iter 300: loss 2.3533, time 47.52ms, mfu 9.62%
iter 310: loss 2.3215, time 35.99ms, mfu 9.69%
iter 320: loss 2.3377, time 31.69ms, mfu 9.90%
iter 330: loss 2.2996, time 45.22ms, mfu 9.73%
iter 340: loss 2.3542, time 47.16ms, mfu 9.55%
iter 350: loss 2.3140, time 31.53ms, mfu 9.78%
iter 360: loss 2.2959, time 32.14ms, mfu 9.96%
iter 370: loss 2.3192, time 46.17ms, mfu 9.77%
iter 380: loss 2.2960, time 31.35ms, mfu 9.98%
iter 390: loss 2.2646, time 47.00ms, mfu 9.78%
iter 400: loss 2.1802, time 31.28ms, mfu 9.99%
iter 410: loss 2.2169, time 31.42ms, mfu 10.18%
iter 420: loss 2.1865, time 31.74ms, mfu 10.33%
iter 430: loss 2.1461, time 31.49ms, mfu 10.48%
iter 440: loss 2.1735, time 48.36ms, mfu 10.20%
iter 450: loss 2.1212, time 29.30ms, mfu 10.46%
iter 460: loss 2.0847, time 32.05ms, mfu 10.57%
iter 470: loss 2.0703, time 47.55ms, mfu 10.30%
iter 480: loss 2.1716, time 31.29ms, mfu 10.46%
iter 490: loss 2.1029, time 31.61ms, mfu 10.59%
step 500: train loss 1.9641, val loss 2.1009
saving checkpoint to out-hw1-nope-lr2e-3
iter 500: loss 2.1291, time 5035.37ms, mfu 9.54%
iter 510: loss 2.0617, time 31.68ms, mfu 9.76%
iter 520: loss 2.0163, time 31.53ms, mfu 9.97%
iter 530: loss 2.0060, time 31.47ms, mfu 10.16%
iter 540: loss 1.9818, time 31.68ms, mfu 10.32%
iter 550: loss 1.9579, time 47.25ms, mfu 10.07%
iter 560: loss 1.9542, time 31.37ms, mfu 10.25%
iter 570: loss 1.9472, time 31.43ms, mfu 10.41%
iter 580: loss 1.9114, time 42.64ms, mfu 10.25%
iter 590: loss 1.9176, time 47.41ms, mfu 10.01%
iter 600: loss 1.9035, time 38.19ms, mfu 9.98%
iter 610: loss 1.8360, time 33.09ms, mfu 10.11%
iter 620: loss 1.8572, time 47.26ms, mfu 9.89%
iter 630: loss 1.8818, time 31.44ms, mfu 10.08%
iter 640: loss 1.8318, time 31.87ms, mfu 10.25%
iter 650: loss 1.8227, time 47.08ms, mfu 10.01%
iter 660: loss 1.7584, time 31.54ms, mfu 10.19%
iter 670: loss 1.7715, time 42.84ms, mfu 10.04%
iter 680: loss 1.7220, time 31.58ms, mfu 10.22%
iter 690: loss 1.7801, time 47.51ms, mfu 9.98%
iter 700: loss 1.7345, time 31.66ms, mfu 10.16%
iter 710: loss 1.7244, time 31.70ms, mfu 10.32%
iter 720: loss 1.7227, time 33.91ms, mfu 10.39%
iter 730: loss 1.7296, time 31.36ms, mfu 10.54%
iter 740: loss 1.7126, time 44.01ms, mfu 10.33%
step 750: train loss 1.6042, val loss 1.7994
saving checkpoint to out-hw1-nope-lr2e-3
iter 750: loss 1.6734, time 5052.85ms, mfu 9.30%
iter 760: loss 1.6961, time 33.43ms, mfu 9.49%
iter 770: loss 1.6670, time 47.63ms, mfu 9.32%
iter 780: loss 1.6435, time 31.34ms, mfu 9.58%
iter 790: loss 1.6816, time 46.93ms, mfu 9.41%
iter 800: loss 1.6606, time 31.51ms, mfu 9.66%
iter 810: loss 1.6610, time 31.47ms, mfu 9.87%
iter 820: loss 1.6557, time 31.57ms, mfu 10.07%
iter 830: loss 1.6063, time 29.77ms, mfu 10.31%
iter 840: loss 1.6075, time 47.08ms, mfu 10.07%
iter 850: loss 1.6358, time 47.65ms, mfu 9.85%
iter 860: loss 1.6030, time 31.46ms, mfu 10.05%
iter 870: loss 1.5958, time 47.50ms, mfu 9.83%
iter 880: loss 1.6140, time 31.30ms, mfu 10.03%
iter 890: loss 1.6229, time 31.45ms, mfu 10.22%
iter 900: loss 1.6114, time 27.28ms, mfu 10.56%
iter 910: loss 1.6147, time 31.49ms, mfu 10.69%
iter 920: loss 1.5655, time 47.13ms, mfu 10.41%
iter 930: loss 1.5812, time 47.48ms, mfu 10.15%
iter 940: loss 1.5862, time 31.05ms, mfu 10.34%
iter 950: loss 1.5310, time 47.42ms, mfu 10.09%
iter 960: loss 1.5605, time 47.60ms, mfu 9.86%
iter 970: loss 1.5673, time 31.68ms, mfu 10.05%
iter 980: loss 1.6110, time 47.01ms, mfu 9.84%
iter 990: loss 1.5857, time 31.63ms, mfu 10.03%
step 1000: train loss 1.4576, val loss 1.6824
saving checkpoint to out-hw1-nope-lr2e-3
iter 1000: loss 1.5575, time 5043.04ms, mfu 9.04%
iter 1010: loss 1.5492, time 31.28ms, mfu 9.33%
iter 1020: loss 1.5563, time 31.39ms, mfu 9.58%
iter 1030: loss 1.5340, time 31.80ms, mfu 9.79%
iter 1040: loss 1.5194, time 31.59ms, mfu 9.99%
iter 1050: loss 1.5504, time 31.81ms, mfu 10.17%
iter 1060: loss 1.5554, time 31.51ms, mfu 10.33%
iter 1070: loss 1.5424, time 30.84ms, mfu 10.51%
iter 1080: loss 1.5618, time 31.27ms, mfu 10.65%
iter 1090: loss 1.5206, time 47.47ms, mfu 10.37%
iter 1100: loss 1.5029, time 31.34ms, mfu 10.52%
iter 1110: loss 1.5101, time 47.74ms, mfu 10.25%
iter 1120: loss 1.5269, time 46.56ms, mfu 10.02%
iter 1130: loss 1.4812, time 31.37ms, mfu 10.21%
iter 1140: loss 1.5165, time 30.58ms, mfu 10.41%
iter 1150: loss 1.5519, time 47.19ms, mfu 10.16%
iter 1160: loss 1.5078, time 31.34ms, mfu 10.33%
iter 1170: loss 1.5097, time 31.32ms, mfu 10.49%
iter 1180: loss 1.4827, time 42.68ms, mfu 10.31%
iter 1190: loss 1.5284, time 31.37ms, mfu 10.47%
iter 1200: loss 1.5099, time 31.80ms, mfu 10.59%
iter 1210: loss 1.4838, time 31.38ms, mfu 10.72%
iter 1220: loss 1.4979, time 47.47ms, mfu 10.43%
iter 1230: loss 1.4416, time 31.39ms, mfu 10.58%
iter 1240: loss 1.4674, time 47.27ms, mfu 10.31%
step 1250: train loss 1.3774, val loss 1.6222
saving checkpoint to out-hw1-nope-lr2e-3
iter 1250: loss 1.4646, time 5052.26ms, mfu 9.28%
iter 1260: loss 1.4850, time 31.32ms, mfu 9.55%
iter 1270: loss 1.4543, time 47.49ms, mfu 9.38%
iter 1280: loss 1.4917, time 31.30ms, mfu 9.63%
iter 1290: loss 1.4770, time 31.37ms, mfu 9.85%
iter 1300: loss 1.4506, time 46.30ms, mfu 9.67%
iter 1310: loss 1.4687, time 47.30ms, mfu 9.49%
iter 1320: loss 1.4792, time 31.70ms, mfu 9.72%
iter 1330: loss 1.4423, time 31.41ms, mfu 9.93%
iter 1340: loss 1.4584, time 32.08ms, mfu 10.10%
iter 1350: loss 1.4140, time 31.45ms, mfu 10.28%
iter 1360: loss 1.4502, time 31.56ms, mfu 10.43%
iter 1370: loss 1.4699, time 31.47ms, mfu 10.57%
iter 1380: loss 1.4135, time 47.05ms, mfu 10.31%
iter 1390: loss 1.4417, time 33.40ms, mfu 10.39%
iter 1400: loss 1.4571, time 34.47ms, mfu 10.43%
iter 1410: loss 1.4664, time 47.19ms, mfu 10.18%
iter 1420: loss 1.4480, time 35.60ms, mfu 10.21%
iter 1430: loss 1.4624, time 31.57ms, mfu 10.37%
iter 1440: loss 1.4612, time 47.41ms, mfu 10.12%
iter 1450: loss 1.4335, time 31.64ms, mfu 10.28%
iter 1460: loss 1.3987, time 47.36ms, mfu 10.04%
iter 1470: loss 1.4274, time 31.78ms, mfu 10.21%
iter 1480: loss 1.4402, time 33.67ms, mfu 10.30%
iter 1490: loss 1.4529, time 44.28ms, mfu 10.11%
step 1500: train loss 1.3356, val loss 1.5888
saving checkpoint to out-hw1-nope-lr2e-3
iter 1500: loss 1.4111, time 5048.88ms, mfu 9.10%
iter 1510: loss 1.4229, time 30.05ms, mfu 9.43%
iter 1520: loss 1.4296, time 43.39ms, mfu 9.35%
iter 1530: loss 1.4223, time 31.88ms, mfu 9.58%
iter 1540: loss 1.4207, time 31.56ms, mfu 9.81%
iter 1550: loss 1.4060, time 44.18ms, mfu 9.67%
iter 1560: loss 1.4266, time 31.34ms, mfu 9.89%
iter 1570: loss 1.4236, time 31.81ms, mfu 10.07%
iter 1580: loss 1.3826, time 35.91ms, mfu 10.10%
iter 1590: loss 1.3928, time 31.32ms, mfu 10.28%
iter 1600: loss 1.3536, time 45.23ms, mfu 10.08%
iter 1610: loss 1.3897, time 31.50ms, mfu 10.25%
iter 1620: loss 1.3895, time 36.01ms, mfu 10.26%
iter 1630: loss 1.4163, time 47.16ms, mfu 10.03%
iter 1640: loss 1.4147, time 31.66ms, mfu 10.20%
iter 1650: loss 1.4181, time 47.66ms, mfu 9.96%
iter 1660: loss 1.3886, time 31.89ms, mfu 10.14%
iter 1670: loss 1.4294, time 31.80ms, mfu 10.29%
iter 1680: loss 1.4053, time 47.56ms, mfu 10.05%
iter 1690: loss 1.3807, time 31.96ms, mfu 10.21%
iter 1700: loss 1.3989, time 31.71ms, mfu 10.36%
iter 1710: loss 1.3878, time 47.09ms, mfu 10.12%
iter 1720: loss 1.3832, time 29.55ms, mfu 10.37%
iter 1730: loss 1.3581, time 47.73ms, mfu 10.11%
iter 1740: loss 1.3682, time 31.56ms, mfu 10.28%
step 1750: train loss 1.2906, val loss 1.5723
saving checkpoint to out-hw1-nope-lr2e-3
iter 1750: loss 1.3817, time 5041.89ms, mfu 9.26%
iter 1760: loss 1.4241, time 47.24ms, mfu 9.12%
iter 1770: loss 1.3678, time 47.46ms, mfu 9.00%
iter 1780: loss 1.4086, time 47.26ms, mfu 8.88%
iter 1790: loss 1.3783, time 31.27ms, mfu 9.19%
iter 1800: loss 1.3843, time 34.06ms, mfu 9.36%
iter 1810: loss 1.3834, time 31.68ms, mfu 9.60%
iter 1820: loss 1.4231, time 47.62ms, mfu 9.43%
iter 1830: loss 1.3580, time 31.34ms, mfu 9.67%
iter 1840: loss 1.3490, time 31.94ms, mfu 9.87%
iter 1850: loss 1.3926, time 31.37ms, mfu 10.07%
iter 1860: loss 1.4037, time 31.30ms, mfu 10.26%
iter 1870: loss 1.3160, time 47.04ms, mfu 10.02%
iter 1880: loss 1.3836, time 31.60ms, mfu 10.20%
iter 1890: loss 1.3515, time 31.85ms, mfu 10.35%
iter 1900: loss 1.3767, time 31.38ms, mfu 10.50%
iter 1910: loss 1.3784, time 31.46ms, mfu 10.64%
iter 1920: loss 1.3637, time 31.65ms, mfu 10.75%
iter 1930: loss 1.3641, time 31.51ms, mfu 10.86%
iter 1940: loss 1.3553, time 47.40ms, mfu 10.56%
iter 1950: loss 1.3984, time 29.81ms, mfu 10.75%
iter 1960: loss 1.3411, time 47.18ms, mfu 10.47%
iter 1970: loss 1.3626, time 31.33ms, mfu 10.61%
iter 1980: loss 1.3769, time 31.45ms, mfu 10.73%
iter 1990: loss 1.3603, time 47.37ms, mfu 10.45%
step 2000: train loss 1.2749, val loss 1.5708
saving checkpoint to out-hw1-nope-lr2e-3
iter 2000: loss 1.3995, time 5032.75ms, mfu 9.41%
iter 2010: loss 1.3733, time 31.72ms, mfu 9.64%
iter 2020: loss 1.3558, time 31.55ms, mfu 9.86%
iter 2030: loss 1.3640, time 47.40ms, mfu 9.66%
iter 2040: loss 1.3148, time 34.33ms, mfu 9.78%
iter 2050: loss 1.3414, time 31.42ms, mfu 9.99%
iter 2060: loss 1.3492, time 31.47ms, mfu 10.17%
iter 2070: loss 1.3441, time 31.40ms, mfu 10.34%
iter 2080: loss 1.3387, time 47.50ms, mfu 10.09%
iter 2090: loss 1.3362, time 33.93ms, mfu 10.18%
iter 2100: loss 1.3668, time 47.46ms, mfu 9.95%
iter 2110: loss 1.3737, time 31.69ms, mfu 10.13%
iter 2120: loss 1.3362, time 47.21ms, mfu 9.91%
iter 2130: loss 1.3105, time 31.61ms, mfu 10.09%
iter 2140: loss 1.3371, time 47.34ms, mfu 9.87%
iter 2150: loss 1.3432, time 31.68ms, mfu 10.06%
iter 2160: loss 1.3362, time 32.08ms, mfu 10.22%
iter 2170: loss 1.3195, time 46.27ms, mfu 10.00%
iter 2180: loss 1.3134, time 31.63ms, mfu 10.18%
iter 2190: loss 1.3235, time 47.09ms, mfu 9.95%
iter 2200: loss 1.2995, time 30.92ms, mfu 10.16%
iter 2210: loss 1.3067, time 31.29ms, mfu 10.34%
iter 2220: loss 1.3040, time 47.21ms, mfu 10.09%
iter 2230: loss 1.3228, time 31.46ms, mfu 10.27%
iter 2240: loss 1.3114, time 47.22ms, mfu 10.03%
step 2250: train loss 1.2338, val loss 1.5343
saving checkpoint to out-hw1-nope-lr2e-3
iter 2250: loss 1.3080, time 5047.63ms, mfu 9.03%
iter 2260: loss 1.2832, time 47.63ms, mfu 8.91%
iter 2270: loss 1.3019, time 31.85ms, mfu 9.19%
iter 2280: loss 1.3094, time 44.95ms, mfu 9.10%
iter 2290: loss 1.3056, time 31.63ms, mfu 9.37%
iter 2300: loss 1.3166, time 48.25ms, mfu 9.20%
iter 2310: loss 1.3333, time 31.66ms, mfu 9.46%
iter 2320: loss 1.2974, time 31.54ms, mfu 9.70%
iter 2330: loss 1.3202, time 31.70ms, mfu 9.90%
iter 2340: loss 1.2977, time 31.62ms, mfu 10.09%
iter 2350: loss 1.3178, time 42.85ms, mfu 9.95%
iter 2360: loss 1.3232, time 31.46ms, mfu 10.14%
iter 2370: loss 1.3090, time 33.45ms, mfu 10.24%
iter 2380: loss 1.3049, time 47.56ms, mfu 10.00%
iter 2390: loss 1.3286, time 31.45ms, mfu 10.18%
iter 2400: loss 1.2974, time 31.49ms, mfu 10.35%
iter 2410: loss 1.3213, time 47.65ms, mfu 10.10%
iter 2420: loss 1.2955, time 31.79ms, mfu 10.26%
iter 2430: loss 1.2808, time 47.03ms, mfu 10.03%
iter 2440: loss 1.2834, time 31.48ms, mfu 10.21%
iter 2450: loss 1.2750, time 47.12ms, mfu 9.98%
iter 2460: loss 1.3044, time 47.30ms, mfu 9.77%
iter 2470: loss 1.2795, time 31.71ms, mfu 9.97%
iter 2480: loss 1.2993, time 47.05ms, mfu 9.76%
iter 2490: loss 1.2658, time 27.20ms, mfu 10.15%
step 2500: train loss 1.2098, val loss 1.5354
iter 2500: loss 1.2906, time 4944.53ms, mfu 9.15%
iter 2510: loss 1.3098, time 47.42ms, mfu 9.02%
iter 2520: loss 1.3101, time 31.37ms, mfu 9.30%
iter 2530: loss 1.3016, time 41.10ms, mfu 9.28%
iter 2540: loss 1.2876, time 31.80ms, mfu 9.52%
iter 2550: loss 1.3178, time 31.39ms, mfu 9.76%
iter 2560: loss 1.2578, time 47.07ms, mfu 9.57%
iter 2570: loss 1.2893, time 31.41ms, mfu 9.80%
iter 2580: loss 1.2864, time 31.62ms, mfu 10.00%
iter 2590: loss 1.2845, time 47.23ms, mfu 9.79%
iter 2600: loss 1.2757, time 31.42ms, mfu 10.00%
iter 2610: loss 1.2922, time 47.81ms, mfu 9.78%
iter 2620: loss 1.2815, time 31.67ms, mfu 9.98%
iter 2630: loss 1.2749, time 31.40ms, mfu 10.16%
iter 2640: loss 1.2917, time 47.33ms, mfu 9.94%
iter 2650: loss 1.2580, time 31.51ms, mfu 10.12%
iter 2660: loss 1.3010, time 31.68ms, mfu 10.29%
iter 2670: loss 1.3163, time 47.24ms, mfu 10.05%
iter 2680: loss 1.2867, time 31.78ms, mfu 10.22%
iter 2690: loss 1.2902, time 47.10ms, mfu 9.99%
iter 2700: loss 1.2579, time 31.79ms, mfu 10.16%
iter 2710: loss 1.2777, time 32.06ms, mfu 10.31%
iter 2720: loss 1.2782, time 47.13ms, mfu 10.07%
iter 2730: loss 1.2703, time 31.53ms, mfu 10.24%
iter 2740: loss 1.2720, time 31.79ms, mfu 10.39%
step 2750: train loss 1.2105, val loss 1.5314
saving checkpoint to out-hw1-nope-lr2e-3
iter 2750: loss 1.2917, time 5049.67ms, mfu 9.36%
iter 2760: loss 1.2379, time 31.26ms, mfu 9.61%
iter 2770: loss 1.2910, time 31.32ms, mfu 9.84%
iter 2780: loss 1.2278, time 31.45ms, mfu 10.04%
iter 2790: loss 1.2626, time 43.96ms, mfu 9.89%
iter 2800: loss 1.2478, time 31.30ms, mfu 10.09%
iter 2810: loss 1.2899, time 31.65ms, mfu 10.26%
iter 2820: loss 1.2670, time 47.51ms, mfu 10.01%
iter 2830: loss 1.2461, time 34.81ms, mfu 10.08%
iter 2840: loss 1.2521, time 29.57ms, mfu 10.34%
iter 2850: loss 1.2792, time 41.35ms, mfu 10.20%
iter 2860: loss 1.2597, time 31.44ms, mfu 10.37%
iter 2870: loss 1.2678, time 31.34ms, mfu 10.52%
iter 2880: loss 1.2293, time 47.48ms, mfu 10.25%
iter 2890: loss 1.2745, time 31.66ms, mfu 10.40%
iter 2900: loss 1.2785, time 41.92ms, mfu 10.25%
iter 2910: loss 1.2614, time 31.59ms, mfu 10.41%
iter 2920: loss 1.2780, time 31.80ms, mfu 10.54%
iter 2930: loss 1.2084, time 47.57ms, mfu 10.27%
iter 2940: loss 1.2597, time 31.37ms, mfu 10.43%
iter 2950: loss 1.2815, time 31.45ms, mfu 10.57%
iter 2960: loss 1.2421, time 37.94ms, mfu 10.50%
iter 2970: loss 1.2429, time 46.96ms, mfu 10.24%
iter 2980: loss 1.2748, time 42.31ms, mfu 10.10%
iter 2990: loss 1.2285, time 31.34ms, mfu 10.28%
step 3000: train loss 1.1660, val loss 1.5275
saving checkpoint to out-hw1-nope-lr2e-3
iter 3000: loss 1.2635, time 5050.81ms, mfu 9.26%
iter 3010: loss 1.2458, time 31.50ms, mfu 9.51%
iter 3020: loss 1.2606, time 32.05ms, mfu 9.72%
iter 3030: loss 1.2490, time 47.33ms, mfu 9.54%
iter 3040: loss 1.2429, time 31.27ms, mfu 9.78%
iter 3050: loss 1.2449, time 31.74ms, mfu 9.97%
iter 3060: loss 1.2192, time 31.51ms, mfu 10.16%
iter 3070: loss 1.2193, time 31.46ms, mfu 10.33%
iter 3080: loss 1.2142, time 31.64ms, mfu 10.47%
iter 3090: loss 1.2355, time 47.57ms, mfu 10.21%
iter 3100: loss 1.2233, time 31.89ms, mfu 10.36%
iter 3110: loss 1.2156, time 47.94ms, mfu 10.10%
iter 3120: loss 1.2501, time 33.91ms, mfu 10.19%
iter 3130: loss 1.2140, time 47.44ms, mfu 9.95%
iter 3140: loss 1.2136, time 31.71ms, mfu 10.13%
iter 3150: loss 1.2434, time 47.40ms, mfu 9.91%
iter 3160: loss 1.2261, time 31.75ms, mfu 10.09%
iter 3170: loss 1.2222, time 31.64ms, mfu 10.26%
iter 3180: loss 1.2306, time 47.21ms, mfu 10.02%
iter 3190: loss 1.2269, time 31.91ms, mfu 10.19%
iter 3200: loss 1.1988, time 31.80ms, mfu 10.34%
iter 3210: loss 1.2282, time 45.22ms, mfu 10.13%
iter 3220: loss 1.2008, time 33.56ms, mfu 10.23%
iter 3230: loss 1.2251, time 31.49ms, mfu 10.39%
iter 3240: loss 1.2159, time 42.14ms, mfu 10.23%
step 3250: train loss 1.1597, val loss 1.5428
iter 3250: loss 1.2114, time 4948.79ms, mfu 9.22%
iter 3260: loss 1.2058, time 47.69ms, mfu 9.08%
iter 3270: loss 1.1842, time 31.62ms, mfu 9.35%
iter 3280: loss 1.2188, time 47.68ms, mfu 9.19%
iter 3290: loss 1.2054, time 31.75ms, mfu 9.45%
iter 3300: loss 1.1912, time 31.60ms, mfu 9.68%
iter 3310: loss 1.2238, time 47.09ms, mfu 9.51%
iter 3320: loss 1.2280, time 33.34ms, mfu 9.67%
iter 3330: loss 1.2135, time 31.64ms, mfu 9.88%
iter 3340: loss 1.2018, time 31.41ms, mfu 10.08%
iter 3350: loss 1.1962, time 31.44ms, mfu 10.26%
iter 3360: loss 1.1849, time 47.16ms, mfu 10.02%
iter 3370: loss 1.1648, time 31.52ms, mfu 10.20%
iter 3380: loss 1.2120, time 47.38ms, mfu 9.97%
iter 3390: loss 1.1922, time 30.62ms, mfu 10.19%
iter 3400: loss 1.1751, time 47.23ms, mfu 9.96%
iter 3410: loss 1.2008, time 46.41ms, mfu 9.77%
iter 3420: loss 1.2305, time 30.92ms, mfu 9.99%
iter 3430: loss 1.2364, time 31.48ms, mfu 10.18%
iter 3440: loss 1.1960, time 31.45ms, mfu 10.35%
iter 3450: loss 1.1932, time 47.53ms, mfu 10.10%
iter 3460: loss 1.1913, time 31.78ms, mfu 10.26%
iter 3470: loss 1.1806, time 31.41ms, mfu 10.42%
iter 3480: loss 1.1734, time 31.38ms, mfu 10.56%
iter 3490: loss 1.1991, time 31.83ms, mfu 10.68%
step 3500: train loss 1.1439, val loss 1.5551
iter 3500: loss 1.1761, time 4968.67ms, mfu 9.62%
iter 3510: loss 1.2406, time 36.68ms, mfu 9.67%
iter 3520: loss 1.1976, time 47.10ms, mfu 9.50%
iter 3530: loss 1.1736, time 31.33ms, mfu 9.74%
iter 3540: loss 1.2146, time 32.45ms, mfu 9.91%
iter 3550: loss 1.1809, time 31.74ms, mfu 10.09%
iter 3560: loss 1.2079, time 47.82ms, mfu 9.86%
iter 3570: loss 1.1984, time 31.42ms, mfu 10.06%
iter 3580: loss 1.1860, time 47.65ms, mfu 9.84%
iter 3590: loss 1.1751, time 31.51ms, mfu 10.04%
iter 3600: loss 1.1869, time 47.54ms, mfu 9.82%
iter 3610: loss 1.1884, time 31.85ms, mfu 10.01%
iter 3620: loss 1.1919, time 31.45ms, mfu 10.19%
iter 3630: loss 1.2059, time 47.44ms, mfu 9.96%
iter 3640: loss 1.1882, time 31.27ms, mfu 10.15%
iter 3650: loss 1.1961, time 47.32ms, mfu 9.92%
iter 3660: loss 1.1849, time 31.50ms, mfu 10.12%
iter 3670: loss 1.1898, time 31.62ms, mfu 10.28%
iter 3680: loss 1.1938, time 47.19ms, mfu 10.04%
iter 3690: loss 1.1998, time 31.43ms, mfu 10.22%
iter 3700: loss 1.1948, time 47.65ms, mfu 9.98%
iter 3710: loss 1.1941, time 44.33ms, mfu 9.83%
iter 3720: loss 1.1685, time 33.65ms, mfu 9.95%
iter 3730: loss 1.1871, time 31.69ms, mfu 10.13%
iter 3740: loss 1.1645, time 31.70ms, mfu 10.29%
step 3750: train loss 1.1173, val loss 1.5427
iter 3750: loss 1.1870, time 4950.57ms, mfu 9.27%
iter 3760: loss 1.1535, time 47.31ms, mfu 9.13%
iter 3770: loss 1.1797, time 31.80ms, mfu 9.39%
iter 3780: loss 1.1774, time 47.29ms, mfu 9.24%
iter 3790: loss 1.1576, time 31.80ms, mfu 9.49%
iter 3800: loss 1.1843, time 31.99ms, mfu 9.70%
iter 3810: loss 1.1824, time 42.80ms, mfu 9.60%
iter 3820: loss 1.1559, time 31.55ms, mfu 9.82%
iter 3830: loss 1.1694, time 47.38ms, mfu 9.63%
iter 3840: loss 1.1898, time 31.45ms, mfu 9.85%
iter 3850: loss 1.1568, time 31.55ms, mfu 10.05%
iter 3860: loss 1.1540, time 47.59ms, mfu 9.83%
iter 3870: loss 1.1679, time 31.37ms, mfu 10.03%
iter 3880: loss 1.1644, time 47.69ms, mfu 9.81%
iter 3890: loss 1.1767, time 37.96ms, mfu 9.81%
iter 3900: loss 1.1749, time 31.41ms, mfu 10.01%
iter 3910: loss 1.1882, time 44.35ms, mfu 9.85%
iter 3920: loss 1.1492, time 31.40ms, mfu 10.06%
iter 3930: loss 1.1687, time 47.58ms, mfu 9.83%
iter 3940: loss 1.1405, time 34.60ms, mfu 9.93%
iter 3950: loss 1.1631, time 31.59ms, mfu 10.11%
iter 3960: loss 1.1748, time 37.23ms, mfu 10.10%
iter 3970: loss 1.1678, time 31.42ms, mfu 10.28%
iter 3980: loss 1.1682, time 47.51ms, mfu 10.03%
iter 3990: loss 1.1391, time 31.91ms, mfu 10.20%
step 4000: train loss 1.1082, val loss 1.5455
iter 4000: loss 1.1536, time 4955.08ms, mfu 9.19%
iter 4010: loss 1.1834, time 31.17ms, mfu 9.46%
iter 4020: loss 1.1739, time 47.30ms, mfu 9.30%
iter 4030: loss 1.1647, time 31.94ms, mfu 9.54%
iter 4040: loss 1.1680, time 31.44ms, mfu 9.77%
iter 4050: loss 1.1460, time 47.47ms, mfu 9.58%
iter 4060: loss 1.1527, time 31.60ms, mfu 9.80%
iter 4070: loss 1.1774, time 43.35ms, mfu 9.68%
iter 4080: loss 1.1555, time 27.34ms, mfu 10.08%
iter 4090: loss 1.1785, time 33.96ms, mfu 10.17%
iter 4100: loss 1.1426, time 29.02ms, mfu 10.43%
iter 4110: loss 1.1446, time 31.59ms, mfu 10.57%
iter 4120: loss 1.1410, time 31.41ms, mfu 10.70%
iter 4130: loss 1.1273, time 47.49ms, mfu 10.41%
iter 4140: loss 1.1447, time 47.84ms, mfu 10.15%
iter 4150: loss 1.1776, time 47.48ms, mfu 9.92%
iter 4160: loss 1.1488, time 47.03ms, mfu 9.72%
iter 4170: loss 1.1187, time 31.82ms, mfu 9.92%
iter 4180: loss 1.1476, time 46.92ms, mfu 9.72%
iter 4190: loss 1.1532, time 31.39ms, mfu 9.94%
iter 4200: loss 1.1415, time 34.37ms, mfu 10.03%
iter 4210: loss 1.1562, time 31.57ms, mfu 10.20%
iter 4220: loss 1.1463, time 31.96ms, mfu 10.35%
iter 4230: loss 1.1470, time 31.66ms, mfu 10.49%
iter 4240: loss 1.1513, time 47.15ms, mfu 10.23%
step 4250: train loss 1.1076, val loss 1.5706
iter 4250: loss 1.1436, time 4945.48ms, mfu 9.22%
iter 4260: loss 1.1487, time 47.55ms, mfu 9.08%
iter 4270: loss 1.1549, time 31.65ms, mfu 9.35%
iter 4280: loss 1.1506, time 31.29ms, mfu 9.60%
iter 4290: loss 1.1464, time 47.45ms, mfu 9.43%
iter 4300: loss 1.1456, time 31.28ms, mfu 9.68%
iter 4310: loss 1.1217, time 32.12ms, mfu 9.87%
iter 4320: loss 1.1608, time 47.67ms, mfu 9.66%
iter 4330: loss 1.1404, time 31.37ms, mfu 9.89%
iter 4340: loss 1.1364, time 47.50ms, mfu 9.68%
iter 4350: loss 1.1477, time 31.42ms, mfu 9.90%
iter 4360: loss 1.1309, time 47.16ms, mfu 9.70%
iter 4370: loss 1.1401, time 31.40ms, mfu 9.92%
iter 4380: loss 1.1631, time 31.63ms, mfu 10.10%
iter 4390: loss 1.1266, time 42.90ms, mfu 9.96%
iter 4400: loss 1.1248, time 31.61ms, mfu 10.14%
iter 4410: loss 1.1560, time 31.83ms, mfu 10.30%
iter 4420: loss 1.1483, time 47.46ms, mfu 10.06%
iter 4430: loss 1.1207, time 31.32ms, mfu 10.24%
iter 4440: loss 1.1544, time 47.30ms, mfu 10.00%
iter 4450: loss 1.1713, time 31.36ms, mfu 10.19%
iter 4460: loss 1.1286, time 42.65ms, mfu 10.05%
iter 4470: loss 1.1193, time 32.32ms, mfu 10.19%
iter 4480: loss 1.1454, time 47.55ms, mfu 9.96%
iter 4490: loss 1.1218, time 31.41ms, mfu 10.15%
step 4500: train loss 1.1177, val loss 1.5836
iter 4500: loss 1.1712, time 4943.56ms, mfu 9.14%
iter 4510: loss 1.1100, time 31.35ms, mfu 9.42%
iter 4520: loss 1.1054, time 47.67ms, mfu 9.26%
iter 4530: loss 1.1172, time 31.70ms, mfu 9.51%
iter 4540: loss 1.1437, time 31.91ms, mfu 9.72%
iter 4550: loss 1.1284, time 47.32ms, mfu 9.54%
iter 4560: loss 1.1344, time 31.67ms, mfu 9.76%
iter 4570: loss 1.1535, time 47.27ms, mfu 9.57%
iter 4580: loss 1.1288, time 31.75ms, mfu 9.79%
iter 4590: loss 1.1372, time 47.36ms, mfu 9.60%
iter 4600: loss 1.1305, time 34.45ms, mfu 9.72%
iter 4610: loss 1.1215, time 47.27ms, mfu 9.54%
iter 4620: loss 1.1205, time 31.33ms, mfu 9.77%
iter 4630: loss 1.1108, time 47.48ms, mfu 9.58%
iter 4640: loss 1.1111, time 32.28ms, mfu 9.78%
iter 4650: loss 1.1181, time 47.59ms, mfu 9.58%
iter 4660: loss 1.1471, time 31.38ms, mfu 9.81%
iter 4670: loss 1.1323, time 47.20ms, mfu 9.62%
iter 4680: loss 1.1165, time 47.48ms, mfu 9.44%
iter 4690: loss 1.1047, time 31.95ms, mfu 9.66%
iter 4700: loss 1.1512, time 36.02ms, mfu 9.73%
iter 4710: loss 1.1323, time 31.45ms, mfu 9.94%
iter 4720: loss 1.1367, time 47.42ms, mfu 9.73%
iter 4730: loss 1.1220, time 31.69ms, mfu 9.94%
iter 4740: loss 1.0992, time 31.39ms, mfu 10.13%
step 4750: train loss 1.1120, val loss 1.5897
iter 4750: loss 1.1405, time 4951.55ms, mfu 9.13%
iter 4760: loss 1.1347, time 31.92ms, mfu 9.38%
iter 4770: loss 1.1175, time 47.28ms, mfu 9.23%
iter 4780: loss 1.1461, time 31.75ms, mfu 9.48%
iter 4790: loss 1.1159, time 47.29ms, mfu 9.32%
iter 4800: loss 1.1365, time 31.54ms, mfu 9.57%
iter 4810: loss 1.1087, time 31.86ms, mfu 9.78%
iter 4820: loss 1.1165, time 31.90ms, mfu 9.97%
iter 4830: loss 1.1041, time 47.50ms, mfu 9.76%
iter 4840: loss 1.1015, time 31.80ms, mfu 9.96%
iter 4850: loss 1.1262, time 47.43ms, mfu 9.75%
iter 4860: loss 1.1115, time 31.57ms, mfu 9.95%
iter 4870: loss 1.1256, time 47.34ms, mfu 9.74%
iter 4880: loss 1.0992, time 31.87ms, mfu 9.94%
iter 4890: loss 1.1463, time 32.52ms, mfu 10.09%
iter 4900: loss 1.1358, time 31.77ms, mfu 10.25%
iter 4910: loss 1.0991, time 31.62ms, mfu 10.41%
iter 4920: loss 1.0994, time 47.25ms, mfu 10.16%
iter 4930: loss 1.1197, time 31.51ms, mfu 10.32%
iter 4940: loss 1.1196, time 47.23ms, mfu 10.08%
iter 4950: loss 1.1272, time 32.00ms, mfu 10.24%
iter 4960: loss 1.1014, time 47.44ms, mfu 10.00%
iter 4970: loss 1.0880, time 31.70ms, mfu 10.17%
iter 4980: loss 1.1207, time 45.37ms, mfu 9.98%
iter 4990: loss 1.1180, time 32.10ms, mfu 10.14%
step 5000: train loss 1.0966, val loss 1.5814
iter 5000: loss 1.1101, time 4950.84ms, mfu 9.13%
