Overriding config with config/hw1_nope.py:
# HW1 Q4 variant: nope. Same as train_shakespeare_char.py, one change only.
exec(open('config/train_shakespeare_char.py').read())
out_dir = 'out-hw1-nope'
compile = False # torch.compile needs triton, which isn't available on Windows/MPS
pos_enc = 'nope'

tokens per iteration will be: 16,384
found vocab_size = 65 (inside data\shakespeare_char\meta.pkl)
Initializing a new model from scratch
number of parameters: 10.65M
D:\hw1\Gengerative-AI\train.py:201: FutureWarning: `torch.cuda.amp.GradScaler(args...)` is deprecated. Please use `torch.amp.GradScaler('cuda', args...)` instead.
  scaler = torch.cuda.amp.GradScaler(enabled=(dtype == 'float16'))
num decayed parameter tensors: 25, with 10,641,792 parameters
num non-decayed parameter tensors: 13, with 4,992 parameters
using fused AdamW: True
step 0: train loss 4.1954, val loss 4.2023
iter 0: loss 4.2179, time 4949.39ms, mfu -100.00%
iter 10: loss 3.0451, time 32.02ms, mfu 11.64%
iter 20: loss 2.6840, time 36.37ms, mfu 11.50%
iter 30: loss 2.5582, time 31.49ms, mfu 11.53%
iter 40: loss 2.5251, time 47.28ms, mfu 11.17%
iter 50: loss 2.5117, time 32.24ms, mfu 11.21%
iter 60: loss 2.4752, time 31.56ms, mfu 11.27%
iter 70: loss 2.4869, time 31.43ms, mfu 11.33%
iter 80: loss 2.4556, time 31.45ms, mfu 11.38%
iter 90: loss 2.4582, time 31.56ms, mfu 11.42%
iter 100: loss 2.4443, time 35.54ms, mfu 11.33%
iter 110: loss 2.4581, time 31.79ms, mfu 11.37%
iter 120: loss 2.4400, time 47.89ms, mfu 11.01%
iter 130: loss 2.4147, time 47.62ms, mfu 10.69%
iter 140: loss 2.4226, time 47.43ms, mfu 10.41%
iter 150: loss 2.4170, time 47.58ms, mfu 10.15%
iter 160: loss 2.3855, time 31.87ms, mfu 10.30%
iter 170: loss 2.3926, time 31.77ms, mfu 10.45%
iter 180: loss 2.3940, time 31.98ms, mfu 10.57%
iter 190: loss 2.3870, time 31.85ms, mfu 10.68%
iter 200: loss 2.3805, time 31.44ms, mfu 10.80%
iter 210: loss 2.3539, time 31.61ms, mfu 10.90%
iter 220: loss 2.3715, time 47.62ms, mfu 10.59%
iter 230: loss 2.3621, time 42.73ms, mfu 10.40%
iter 240: loss 2.3391, time 33.18ms, mfu 10.48%
step 250: train loss 2.3635, val loss 2.4418
saving checkpoint to out-hw1-nope
iter 250: loss 2.3882, time 4983.66ms, mfu 9.44%
iter 260: loss 2.3372, time 31.79ms, mfu 9.67%
iter 270: loss 2.3391, time 35.83ms, mfu 9.74%
iter 280: loss 2.3237, time 31.71ms, mfu 9.94%
iter 290: loss 2.3056, time 31.58ms, mfu 10.13%
iter 300: loss 2.2979, time 47.53ms, mfu 9.90%
iter 310: loss 2.2956, time 31.56ms, mfu 10.09%
iter 320: loss 2.2759, time 31.80ms, mfu 10.25%
iter 330: loss 2.2446, time 31.45ms, mfu 10.41%
iter 340: loss 2.2625, time 42.91ms, mfu 10.24%
iter 350: loss 2.2548, time 31.43ms, mfu 10.40%
iter 360: loss 2.2199, time 31.49ms, mfu 10.55%
iter 370: loss 2.2220, time 31.77ms, mfu 10.66%
iter 380: loss 2.1975, time 46.99ms, mfu 10.39%
iter 390: loss 2.1824, time 47.79ms, mfu 10.13%
iter 400: loss 2.0919, time 31.59ms, mfu 10.30%
iter 410: loss 2.1185, time 31.66ms, mfu 10.44%
iter 420: loss 2.0785, time 47.19ms, mfu 10.19%
iter 430: loss 2.0589, time 49.18ms, mfu 9.93%
iter 440: loss 2.0934, time 31.74ms, mfu 10.11%
iter 450: loss 2.0349, time 31.75ms, mfu 10.27%
iter 460: loss 2.0031, time 31.22ms, mfu 10.44%
iter 470: loss 1.9734, time 47.23ms, mfu 10.18%
iter 480: loss 1.9832, time 32.46ms, mfu 10.31%
iter 490: loss 1.9643, time 31.96ms, mfu 10.45%
step 500: train loss 1.8693, val loss 2.0242
saving checkpoint to out-hw1-nope
iter 500: loss 2.0512, time 4991.56ms, mfu 9.41%
iter 510: loss 1.9696, time 31.39ms, mfu 9.66%
iter 520: loss 1.9175, time 33.00ms, mfu 9.82%
iter 530: loss 1.9054, time 31.73ms, mfu 10.01%
iter 540: loss 1.8730, time 47.78ms, mfu 9.79%
iter 550: loss 1.8949, time 47.55ms, mfu 9.60%
iter 560: loss 1.8589, time 47.40ms, mfu 9.42%
iter 570: loss 1.8523, time 32.43ms, mfu 9.63%
iter 580: loss 1.8557, time 31.59ms, mfu 9.85%
iter 590: loss 1.8730, time 30.58ms, mfu 10.08%
iter 600: loss 1.8213, time 47.06ms, mfu 9.86%
iter 610: loss 1.7718, time 47.36ms, mfu 9.66%
iter 620: loss 1.8003, time 31.45ms, mfu 9.88%
iter 630: loss 1.8107, time 36.03ms, mfu 9.93%
iter 640: loss 1.7878, time 31.53ms, mfu 10.12%
iter 650: loss 1.7770, time 31.34ms, mfu 10.29%
iter 660: loss 1.6947, time 31.73ms, mfu 10.44%
iter 670: loss 1.7285, time 31.95ms, mfu 10.56%
iter 680: loss 1.6891, time 31.51ms, mfu 10.69%
iter 690: loss 1.7345, time 31.80ms, mfu 10.79%
iter 700: loss 1.6877, time 35.96ms, mfu 10.75%
iter 710: loss 1.6714, time 47.40ms, mfu 10.46%
iter 720: loss 1.6954, time 31.93ms, mfu 10.58%
iter 730: loss 1.7064, time 32.00ms, mfu 10.69%
iter 740: loss 1.6927, time 31.73ms, mfu 10.79%
step 750: train loss 1.5838, val loss 1.7837
saving checkpoint to out-hw1-nope
iter 750: loss 1.6337, time 4990.89ms, mfu 9.72%
iter 760: loss 1.6668, time 31.36ms, mfu 9.94%
iter 770: loss 1.6343, time 31.98ms, mfu 10.11%
iter 780: loss 1.6303, time 47.55ms, mfu 9.88%
iter 790: loss 1.6558, time 31.55ms, mfu 10.07%
iter 800: loss 1.6382, time 31.56ms, mfu 10.25%
iter 810: loss 1.6303, time 30.97ms, mfu 10.43%
iter 820: loss 1.6295, time 36.15ms, mfu 10.41%
iter 830: loss 1.5877, time 31.32ms, mfu 10.56%
iter 840: loss 1.5939, time 47.30ms, mfu 10.29%
iter 850: loss 1.6209, time 31.39ms, mfu 10.45%
iter 860: loss 1.5750, time 31.43ms, mfu 10.59%
iter 870: loss 1.5781, time 32.07ms, mfu 10.70%
iter 880: loss 1.5829, time 42.75ms, mfu 10.50%
iter 890: loss 1.5947, time 47.47ms, mfu 10.23%
iter 900: loss 1.5753, time 32.00ms, mfu 10.37%
iter 910: loss 1.5876, time 31.53ms, mfu 10.52%
iter 920: loss 1.5469, time 31.66ms, mfu 10.64%
iter 930: loss 1.5729, time 31.53ms, mfu 10.76%
iter 940: loss 1.5809, time 47.37ms, mfu 10.47%
iter 950: loss 1.5094, time 47.34ms, mfu 10.21%
iter 960: loss 1.5312, time 31.45ms, mfu 10.38%
iter 970: loss 1.5569, time 31.39ms, mfu 10.52%
iter 980: loss 1.5850, time 31.78ms, mfu 10.64%
iter 990: loss 1.5752, time 45.68ms, mfu 10.40%
step 1000: train loss 1.4500, val loss 1.6616
saving checkpoint to out-hw1-nope
iter 1000: loss 1.5546, time 4992.67ms, mfu 9.36%
iter 1010: loss 1.5288, time 31.29ms, mfu 9.62%
iter 1020: loss 1.5314, time 47.59ms, mfu 9.44%
iter 1030: loss 1.5146, time 47.53ms, mfu 9.28%
iter 1040: loss 1.4896, time 31.35ms, mfu 9.54%
iter 1050: loss 1.5308, time 31.40ms, mfu 9.77%
iter 1060: loss 1.5155, time 31.51ms, mfu 9.98%
iter 1070: loss 1.5201, time 35.21ms, mfu 10.04%
iter 1080: loss 1.5380, time 36.09ms, mfu 10.07%
iter 1090: loss 1.5128, time 47.20ms, mfu 9.85%
iter 1100: loss 1.4837, time 31.59ms, mfu 10.04%
iter 1110: loss 1.4906, time 31.47ms, mfu 10.22%
iter 1120: loss 1.5164, time 31.62ms, mfu 10.38%
iter 1130: loss 1.4732, time 35.25ms, mfu 10.40%
iter 1140: loss 1.4888, time 47.34ms, mfu 10.15%
iter 1150: loss 1.5376, time 31.36ms, mfu 10.32%
iter 1160: loss 1.4864, time 32.81ms, mfu 10.42%
iter 1170: loss 1.4844, time 31.34ms, mfu 10.57%
iter 1180: loss 1.4820, time 31.56ms, mfu 10.69%
iter 1190: loss 1.5155, time 47.47ms, mfu 10.41%
iter 1200: loss 1.4909, time 47.45ms, mfu 10.15%
iter 1210: loss 1.4598, time 47.48ms, mfu 9.92%
iter 1220: loss 1.4836, time 31.36ms, mfu 10.12%
iter 1230: loss 1.4086, time 31.44ms, mfu 10.29%
iter 1240: loss 1.4476, time 47.43ms, mfu 10.05%
step 1250: train loss 1.3777, val loss 1.6128
saving checkpoint to out-hw1-nope
iter 1250: loss 1.4525, time 4984.45ms, mfu 9.05%
iter 1260: loss 1.4588, time 31.66ms, mfu 9.32%
iter 1270: loss 1.4373, time 31.38ms, mfu 9.58%
iter 1280: loss 1.4690, time 32.01ms, mfu 9.78%
iter 1290: loss 1.4498, time 42.94ms, mfu 9.67%
iter 1300: loss 1.4322, time 31.93ms, mfu 9.87%
iter 1310: loss 1.4596, time 32.17ms, mfu 10.04%
iter 1320: loss 1.4622, time 29.85ms, mfu 10.29%
iter 1330: loss 1.4295, time 31.74ms, mfu 10.43%
iter 1340: loss 1.4677, time 31.36ms, mfu 10.58%
iter 1350: loss 1.4112, time 37.55ms, mfu 10.51%
iter 1360: loss 1.4424, time 31.69ms, mfu 10.64%
iter 1370: loss 1.4464, time 35.21ms, mfu 10.63%
iter 1380: loss 1.4106, time 47.98ms, mfu 10.35%
iter 1390: loss 1.4318, time 47.44ms, mfu 10.10%
iter 1400: loss 1.4358, time 31.82ms, mfu 10.26%
iter 1410: loss 1.4436, time 31.71ms, mfu 10.41%
iter 1420: loss 1.4326, time 47.69ms, mfu 10.15%
iter 1430: loss 1.4236, time 31.75ms, mfu 10.31%
iter 1440: loss 1.4325, time 31.72ms, mfu 10.45%
iter 1450: loss 1.4072, time 31.40ms, mfu 10.59%
iter 1460: loss 1.3876, time 26.62ms, mfu 10.93%
iter 1470: loss 1.4066, time 31.54ms, mfu 11.02%
iter 1480: loss 1.4249, time 47.68ms, mfu 10.70%
iter 1490: loss 1.4395, time 31.79ms, mfu 10.80%
step 1500: train loss 1.3251, val loss 1.5717
saving checkpoint to out-hw1-nope
iter 1500: loss 1.3933, time 5611.27ms, mfu 9.73%
iter 1510: loss 1.4193, time 47.64ms, mfu 9.54%
iter 1520: loss 1.4334, time 47.23ms, mfu 9.37%
iter 1530: loss 1.4092, time 31.34ms, mfu 9.63%
iter 1540: loss 1.4119, time 31.48ms, mfu 9.85%
iter 1550: loss 1.4016, time 47.23ms, mfu 9.65%
iter 1560: loss 1.4044, time 32.01ms, mfu 9.85%
iter 1570: loss 1.4201, time 31.62ms, mfu 10.04%
iter 1580: loss 1.3688, time 31.72ms, mfu 10.21%
iter 1590: loss 1.3758, time 47.26ms, mfu 9.98%
iter 1600: loss 1.3349, time 46.22ms, mfu 9.79%
iter 1610: loss 1.3681, time 43.34ms, mfu 9.67%
iter 1620: loss 1.3769, time 31.69ms, mfu 9.88%
iter 1630: loss 1.3981, time 47.30ms, mfu 9.68%
iter 1640: loss 1.4026, time 31.85ms, mfu 9.88%
iter 1650: loss 1.4018, time 31.10ms, mfu 10.09%
iter 1660: loss 1.3851, time 31.86ms, mfu 10.25%
iter 1670: loss 1.4198, time 31.62ms, mfu 10.40%
iter 1680: loss 1.3959, time 47.53ms, mfu 10.15%
iter 1690: loss 1.3716, time 32.04ms, mfu 10.30%
iter 1700: loss 1.3832, time 31.59ms, mfu 10.45%
iter 1710: loss 1.3672, time 31.49ms, mfu 10.58%
iter 1720: loss 1.3708, time 31.65ms, mfu 10.70%
iter 1730: loss 1.3432, time 47.32ms, mfu 10.42%
iter 1740: loss 1.3557, time 47.30ms, mfu 10.17%
step 1750: train loss 1.2902, val loss 1.5632
saving checkpoint to out-hw1-nope
iter 1750: loss 1.3722, time 4988.44ms, mfu 9.16%
iter 1760: loss 1.3991, time 31.45ms, mfu 9.43%
iter 1770: loss 1.3516, time 31.37ms, mfu 9.67%
iter 1780: loss 1.3864, time 31.77ms, mfu 9.88%
iter 1790: loss 1.3686, time 47.29ms, mfu 9.68%
iter 1800: loss 1.3691, time 32.10ms, mfu 9.87%
iter 1810: loss 1.3644, time 31.71ms, mfu 10.06%
iter 1820: loss 1.3961, time 47.21ms, mfu 9.84%
iter 1830: loss 1.3501, time 31.72ms, mfu 10.03%
iter 1840: loss 1.3500, time 31.71ms, mfu 10.20%
iter 1850: loss 1.3708, time 47.11ms, mfu 9.97%
iter 1860: loss 1.3822, time 31.34ms, mfu 10.17%
iter 1870: loss 1.2950, time 31.47ms, mfu 10.33%
iter 1880: loss 1.3759, time 47.26ms, mfu 10.09%
iter 1890: loss 1.3325, time 47.72ms, mfu 9.86%
iter 1900: loss 1.3640, time 31.64ms, mfu 10.05%
iter 1910: loss 1.3692, time 31.36ms, mfu 10.24%
iter 1920: loss 1.3493, time 42.62ms, mfu 10.09%
iter 1930: loss 1.3430, time 31.35ms, mfu 10.27%
iter 1940: loss 1.3413, time 31.85ms, mfu 10.41%
iter 1950: loss 1.3687, time 31.44ms, mfu 10.55%
iter 1960: loss 1.3290, time 31.65ms, mfu 10.68%
iter 1970: loss 1.3429, time 47.32ms, mfu 10.40%
iter 1980: loss 1.3612, time 31.68ms, mfu 10.53%
iter 1990: loss 1.3489, time 31.72ms, mfu 10.65%
step 2000: train loss 1.2622, val loss 1.5675
iter 2000: loss 1.3777, time 4924.26ms, mfu 9.60%
iter 2010: loss 1.3590, time 31.56ms, mfu 9.82%
iter 2020: loss 1.3410, time 31.64ms, mfu 10.01%
iter 2030: loss 1.3554, time 47.42ms, mfu 9.80%
iter 2040: loss 1.3059, time 47.59ms, mfu 9.60%
iter 2050: loss 1.3314, time 31.70ms, mfu 9.82%
iter 2060: loss 1.3186, time 31.68ms, mfu 10.01%
iter 2070: loss 1.3266, time 47.31ms, mfu 9.80%
iter 2080: loss 1.3309, time 31.32ms, mfu 10.01%
iter 2090: loss 1.3259, time 31.52ms, mfu 10.19%
iter 2100: loss 1.3527, time 47.51ms, mfu 9.95%
iter 2110: loss 1.3701, time 31.81ms, mfu 10.13%
iter 2120: loss 1.3219, time 31.98ms, mfu 10.28%
iter 2130: loss 1.3002, time 47.05ms, mfu 10.05%
iter 2140: loss 1.3172, time 31.59ms, mfu 10.22%
iter 2150: loss 1.3221, time 31.52ms, mfu 10.38%
iter 2160: loss 1.3174, time 31.95ms, mfu 10.51%
iter 2170: loss 1.3084, time 31.95ms, mfu 10.62%
iter 2180: loss 1.2986, time 31.55ms, mfu 10.74%
iter 2190: loss 1.3163, time 47.56ms, mfu 10.45%
iter 2200: loss 1.2965, time 31.57ms, mfu 10.59%
iter 2210: loss 1.2909, time 31.95ms, mfu 10.70%
iter 2220: loss 1.2891, time 48.06ms, mfu 10.40%
iter 2230: loss 1.2979, time 31.80ms, mfu 10.53%
iter 2240: loss 1.2888, time 47.64ms, mfu 10.26%
step 2250: train loss 1.2166, val loss 1.5396
saving checkpoint to out-hw1-nope
iter 2250: loss 1.2985, time 4997.57ms, mfu 9.24%
iter 2260: loss 1.2677, time 31.37ms, mfu 9.51%
iter 2270: loss 1.2973, time 31.45ms, mfu 9.74%
iter 2280: loss 1.2898, time 47.58ms, mfu 9.55%
iter 2290: loss 1.3056, time 47.68ms, mfu 9.38%
iter 2300: loss 1.2980, time 31.82ms, mfu 9.61%
iter 2310: loss 1.3223, time 47.46ms, mfu 9.43%
iter 2320: loss 1.2890, time 31.34ms, mfu 9.68%
iter 2330: loss 1.3049, time 31.68ms, mfu 9.89%
iter 2340: loss 1.2856, time 47.49ms, mfu 9.68%
iter 2350: loss 1.2901, time 31.67ms, mfu 9.89%
iter 2360: loss 1.3117, time 35.10ms, mfu 9.96%
iter 2370: loss 1.2988, time 43.83ms, mfu 9.82%
iter 2380: loss 1.2879, time 43.41ms, mfu 9.69%
iter 2390: loss 1.3089, time 34.49ms, mfu 9.81%
iter 2400: loss 1.2887, time 33.54ms, mfu 9.94%
iter 2410: loss 1.3094, time 47.24ms, mfu 9.73%
iter 2420: loss 1.2715, time 31.70ms, mfu 9.93%
iter 2430: loss 1.2711, time 35.07ms, mfu 10.00%
iter 2440: loss 1.2706, time 35.03ms, mfu 10.07%
iter 2450: loss 1.2611, time 32.03ms, mfu 10.22%
iter 2460: loss 1.2900, time 28.06ms, mfu 10.53%
iter 2470: loss 1.2704, time 42.78ms, mfu 10.35%
iter 2480: loss 1.2893, time 31.30ms, mfu 10.50%
iter 2490: loss 1.2525, time 32.01ms, mfu 10.62%
step 2500: train loss 1.1981, val loss 1.5338
saving checkpoint to out-hw1-nope
iter 2500: loss 1.2695, time 5015.41ms, mfu 9.56%
iter 2510: loss 1.2935, time 33.31ms, mfu 9.72%
iter 2520: loss 1.2962, time 47.37ms, mfu 9.54%
iter 2530: loss 1.2887, time 31.44ms, mfu 9.77%
iter 2540: loss 1.2805, time 35.53ms, mfu 9.84%
iter 2550: loss 1.3032, time 42.95ms, mfu 9.73%
iter 2560: loss 1.2468, time 31.68ms, mfu 9.93%
iter 2570: loss 1.2774, time 33.86ms, mfu 10.04%
iter 2580: loss 1.2823, time 42.72ms, mfu 9.91%
iter 2590: loss 1.2862, time 35.43ms, mfu 9.97%
iter 2600: loss 1.2763, time 31.77ms, mfu 10.14%
iter 2610: loss 1.2872, time 43.04ms, mfu 9.99%
iter 2620: loss 1.2598, time 31.75ms, mfu 10.17%
iter 2630: loss 1.2688, time 32.06ms, mfu 10.31%
iter 2640: loss 1.2740, time 31.51ms, mfu 10.46%
iter 2650: loss 1.2396, time 31.37ms, mfu 10.61%
iter 2660: loss 1.2956, time 36.79ms, mfu 10.56%
iter 2670: loss 1.2922, time 35.40ms, mfu 10.56%
iter 2680: loss 1.2666, time 47.21ms, mfu 10.29%
iter 2690: loss 1.2752, time 35.64ms, mfu 10.31%
iter 2700: loss 1.2324, time 27.50ms, mfu 10.63%
iter 2710: loss 1.2654, time 43.63ms, mfu 10.42%
iter 2720: loss 1.2586, time 35.84ms, mfu 10.42%
iter 2730: loss 1.2532, time 44.38ms, mfu 10.22%
iter 2740: loss 1.2677, time 31.58ms, mfu 10.37%
step 2750: train loss 1.2046, val loss 1.5382
iter 2750: loss 1.2780, time 4926.61ms, mfu 9.34%
iter 2760: loss 1.2166, time 34.34ms, mfu 9.50%
iter 2770: loss 1.2804, time 32.11ms, mfu 9.71%
iter 2780: loss 1.2009, time 43.35ms, mfu 9.60%
iter 2790: loss 1.2427, time 31.55ms, mfu 9.82%
iter 2800: loss 1.2376, time 34.19ms, mfu 9.93%
iter 2810: loss 1.2746, time 47.59ms, mfu 9.72%
iter 2820: loss 1.2580, time 35.46ms, mfu 9.80%
iter 2830: loss 1.2299, time 32.16ms, mfu 9.97%
iter 2840: loss 1.2436, time 45.61ms, mfu 9.79%
iter 2850: loss 1.2632, time 44.52ms, mfu 9.65%
iter 2860: loss 1.2347, time 31.94ms, mfu 9.85%
iter 2870: loss 1.2517, time 31.58ms, mfu 10.05%
iter 2880: loss 1.2183, time 31.97ms, mfu 10.21%
iter 2890: loss 1.2668, time 47.50ms, mfu 9.97%
iter 2900: loss 1.2613, time 43.21ms, mfu 9.84%
iter 2910: loss 1.2426, time 31.51ms, mfu 10.04%
iter 2920: loss 1.2610, time 35.31ms, mfu 10.09%
iter 2930: loss 1.2015, time 36.22ms, mfu 10.11%
iter 2940: loss 1.2467, time 43.48ms, mfu 9.95%
iter 2950: loss 1.2702, time 31.58ms, mfu 10.14%
iter 2960: loss 1.2304, time 31.34ms, mfu 10.31%
iter 2970: loss 1.2350, time 33.86ms, mfu 10.38%
iter 2980: loss 1.2637, time 31.47ms, mfu 10.53%
iter 2990: loss 1.2244, time 31.81ms, mfu 10.65%
step 3000: train loss 1.1700, val loss 1.5335
saving checkpoint to out-hw1-nope
iter 3000: loss 1.2519, time 4991.75ms, mfu 9.59%
iter 3010: loss 1.2247, time 31.54ms, mfu 9.81%
iter 3020: loss 1.2403, time 31.50ms, mfu 10.01%
iter 3030: loss 1.2392, time 47.61ms, mfu 9.80%
iter 3040: loss 1.2317, time 43.67ms, mfu 9.67%
iter 3050: loss 1.2385, time 31.65ms, mfu 9.88%
iter 3060: loss 1.2169, time 31.31ms, mfu 10.08%
iter 3070: loss 1.2039, time 28.08ms, mfu 10.40%
iter 3080: loss 1.2095, time 47.02ms, mfu 10.15%
iter 3090: loss 1.2275, time 35.13ms, mfu 10.20%
iter 3100: loss 1.2144, time 31.66ms, mfu 10.36%
iter 3110: loss 1.2022, time 34.35ms, mfu 10.41%
iter 3120: loss 1.2332, time 47.45ms, mfu 10.15%
iter 3130: loss 1.2047, time 47.30ms, mfu 9.92%
iter 3140: loss 1.2022, time 31.67ms, mfu 10.11%
iter 3150: loss 1.2324, time 31.45ms, mfu 10.28%
iter 3160: loss 1.2191, time 37.13ms, mfu 10.26%
iter 3170: loss 1.2240, time 47.15ms, mfu 10.02%
iter 3180: loss 1.2192, time 31.42ms, mfu 10.20%
iter 3190: loss 1.2163, time 31.76ms, mfu 10.36%
iter 3200: loss 1.1791, time 31.30ms, mfu 10.51%
iter 3210: loss 1.2192, time 47.31ms, mfu 10.25%
iter 3220: loss 1.1860, time 31.68ms, mfu 10.40%
iter 3230: loss 1.2122, time 31.77ms, mfu 10.53%
iter 3240: loss 1.2023, time 31.57ms, mfu 10.66%
step 3250: train loss 1.1373, val loss 1.5361
iter 3250: loss 1.2012, time 4900.92ms, mfu 9.60%
iter 3260: loss 1.1876, time 47.59ms, mfu 9.42%
iter 3270: loss 1.1768, time 47.42ms, mfu 9.27%
iter 3280: loss 1.1997, time 31.76ms, mfu 9.51%
iter 3290: loss 1.1915, time 32.19ms, mfu 9.72%
iter 3300: loss 1.1877, time 47.43ms, mfu 9.53%
iter 3310: loss 1.2041, time 31.64ms, mfu 9.76%
iter 3320: loss 1.2129, time 31.51ms, mfu 9.97%
iter 3330: loss 1.1942, time 31.83ms, mfu 10.14%
iter 3340: loss 1.1974, time 47.75ms, mfu 9.91%
iter 3350: loss 1.1879, time 48.50ms, mfu 9.68%
iter 3360: loss 1.1715, time 31.43ms, mfu 9.90%
iter 3370: loss 1.1548, time 31.63ms, mfu 10.09%
iter 3380: loss 1.1990, time 31.72ms, mfu 10.25%
iter 3390: loss 1.1850, time 47.41ms, mfu 10.02%
iter 3400: loss 1.1671, time 31.32ms, mfu 10.20%
iter 3410: loss 1.1856, time 47.47ms, mfu 9.97%
iter 3420: loss 1.2088, time 31.67ms, mfu 10.15%
iter 3430: loss 1.2222, time 47.35ms, mfu 9.92%
iter 3440: loss 1.1882, time 31.47ms, mfu 10.11%
iter 3450: loss 1.1810, time 31.79ms, mfu 10.27%
iter 3460: loss 1.1785, time 31.66ms, mfu 10.42%
iter 3470: loss 1.1698, time 47.17ms, mfu 10.17%
iter 3480: loss 1.1658, time 47.12ms, mfu 9.94%
iter 3490: loss 1.1943, time 31.87ms, mfu 10.12%
step 3500: train loss 1.1286, val loss 1.5460
iter 3500: loss 1.1731, time 4916.61ms, mfu 9.11%
iter 3510: loss 1.2230, time 31.47ms, mfu 9.39%
iter 3520: loss 1.1920, time 31.70ms, mfu 9.62%
iter 3530: loss 1.1686, time 31.52ms, mfu 9.84%
iter 3540: loss 1.2074, time 43.26ms, mfu 9.72%
iter 3550: loss 1.1699, time 31.89ms, mfu 9.92%
iter 3560: loss 1.1998, time 31.61ms, mfu 10.10%
iter 3570: loss 1.1938, time 31.71ms, mfu 10.27%
iter 3580: loss 1.1730, time 31.06ms, mfu 10.44%
iter 3590: loss 1.1641, time 48.21ms, mfu 10.17%
iter 3600: loss 1.1839, time 31.66ms, mfu 10.33%
iter 3610: loss 1.1744, time 37.10ms, mfu 10.30%
iter 3620: loss 1.1823, time 31.52ms, mfu 10.45%
iter 3630: loss 1.1925, time 29.30ms, mfu 10.68%
iter 3640: loss 1.1747, time 47.44ms, mfu 10.40%
iter 3650: loss 1.1807, time 31.91ms, mfu 10.53%
iter 3660: loss 1.1865, time 31.39ms, mfu 10.66%
iter 3670: loss 1.1746, time 47.27ms, mfu 10.38%
iter 3680: loss 1.1822, time 31.76ms, mfu 10.52%
iter 3690: loss 1.1851, time 31.94ms, mfu 10.63%
iter 3700: loss 1.1879, time 31.62ms, mfu 10.75%
iter 3710: loss 1.2023, time 47.79ms, mfu 10.45%
iter 3720: loss 1.1655, time 31.73ms, mfu 10.58%
iter 3730: loss 1.1769, time 31.91ms, mfu 10.69%
iter 3740: loss 1.1567, time 31.40ms, mfu 10.81%
step 3750: train loss 1.1132, val loss 1.5445
iter 3750: loss 1.1803, time 4913.63ms, mfu 9.74%
iter 3760: loss 1.1476, time 31.71ms, mfu 9.94%
iter 3770: loss 1.1621, time 31.78ms, mfu 10.12%
iter 3780: loss 1.1621, time 47.23ms, mfu 9.89%
iter 3790: loss 1.1372, time 31.49ms, mfu 10.09%
iter 3800: loss 1.1746, time 31.35ms, mfu 10.27%
iter 3810: loss 1.1728, time 31.41ms, mfu 10.43%
iter 3820: loss 1.1430, time 47.17ms, mfu 10.17%
iter 3830: loss 1.1579, time 32.08ms, mfu 10.32%
iter 3840: loss 1.1718, time 31.90ms, mfu 10.45%
iter 3850: loss 1.1483, time 47.63ms, mfu 10.19%
iter 3860: loss 1.1358, time 31.69ms, mfu 10.35%
iter 3870: loss 1.1645, time 31.80ms, mfu 10.49%
iter 3880: loss 1.1642, time 31.79ms, mfu 10.61%
iter 3890: loss 1.1740, time 31.66ms, mfu 10.72%
iter 3900: loss 1.1691, time 47.31ms, mfu 10.44%
iter 3910: loss 1.1859, time 31.82ms, mfu 10.57%
iter 3920: loss 1.1425, time 31.34ms, mfu 10.70%
iter 3930: loss 1.1545, time 47.51ms, mfu 10.41%
iter 3940: loss 1.1256, time 31.84ms, mfu 10.54%
iter 3950: loss 1.1592, time 27.60ms, mfu 10.84%
iter 3960: loss 1.1674, time 47.47ms, mfu 10.54%
iter 3970: loss 1.1484, time 31.71ms, mfu 10.66%
iter 3980: loss 1.1632, time 47.50ms, mfu 10.38%
iter 3990: loss 1.1280, time 47.30ms, mfu 10.13%
step 4000: train loss 1.0935, val loss 1.5452
iter 4000: loss 1.1466, time 4909.85ms, mfu 9.12%
iter 4010: loss 1.1788, time 47.51ms, mfu 9.00%
iter 4020: loss 1.1615, time 31.44ms, mfu 9.28%
iter 4030: loss 1.1566, time 31.59ms, mfu 9.53%
iter 4040: loss 1.1555, time 47.41ms, mfu 9.37%
iter 4050: loss 1.1358, time 31.50ms, mfu 9.61%
iter 4060: loss 1.1491, time 30.00ms, mfu 9.89%
iter 4070: loss 1.1725, time 31.40ms, mfu 10.09%
iter 4080: loss 1.1511, time 47.38ms, mfu 9.87%
iter 4090: loss 1.1829, time 31.37ms, mfu 10.07%
iter 4100: loss 1.1293, time 36.00ms, mfu 10.10%
iter 4110: loss 1.1437, time 31.94ms, mfu 10.25%
iter 4120: loss 1.1241, time 47.67ms, mfu 10.01%
iter 4130: loss 1.1264, time 31.52ms, mfu 10.19%
iter 4140: loss 1.1382, time 25.88ms, mfu 10.61%
iter 4150: loss 1.1677, time 47.33ms, mfu 10.34%
iter 4160: loss 1.1554, time 47.45ms, mfu 10.09%
iter 4170: loss 1.1112, time 31.59ms, mfu 10.26%
iter 4180: loss 1.1374, time 31.66ms, mfu 10.41%
iter 4190: loss 1.1396, time 31.66ms, mfu 10.55%
iter 4200: loss 1.1285, time 31.65ms, mfu 10.67%
iter 4210: loss 1.1436, time 36.31ms, mfu 10.63%
iter 4220: loss 1.1463, time 31.55ms, mfu 10.75%
iter 4230: loss 1.1346, time 47.79ms, mfu 10.45%
iter 4240: loss 1.1457, time 31.66ms, mfu 10.58%
step 4250: train loss 1.0989, val loss 1.5699
iter 4250: loss 1.1277, time 4918.48ms, mfu 9.53%
iter 4260: loss 1.1385, time 31.37ms, mfu 9.77%
iter 4270: loss 1.1466, time 31.49ms, mfu 9.97%
iter 4280: loss 1.1445, time 47.84ms, mfu 9.76%
iter 4290: loss 1.1363, time 31.40ms, mfu 9.97%
iter 4300: loss 1.1457, time 31.30ms, mfu 10.16%
iter 4310: loss 1.1109, time 31.57ms, mfu 10.32%
iter 4320: loss 1.1508, time 47.29ms, mfu 10.08%
iter 4330: loss 1.1216, time 31.75ms, mfu 10.25%
iter 4340: loss 1.1318, time 31.45ms, mfu 10.41%
iter 4350: loss 1.1349, time 47.47ms, mfu 10.15%
iter 4360: loss 1.1274, time 31.29ms, mfu 10.33%
iter 4370: loss 1.1344, time 31.50ms, mfu 10.48%
iter 4380: loss 1.1502, time 47.78ms, mfu 10.21%
iter 4390: loss 1.1111, time 31.29ms, mfu 10.38%
iter 4400: loss 1.1192, time 31.44ms, mfu 10.53%
iter 4410: loss 1.1578, time 31.77ms, mfu 10.65%
iter 4420: loss 1.1474, time 47.55ms, mfu 10.37%
iter 4430: loss 1.1163, time 31.55ms, mfu 10.51%
iter 4440: loss 1.1464, time 31.60ms, mfu 10.64%
iter 4450: loss 1.1665, time 31.81ms, mfu 10.75%
iter 4460: loss 1.1291, time 31.82ms, mfu 10.84%
iter 4470: loss 1.1095, time 31.70ms, mfu 10.93%
iter 4480: loss 1.1417, time 43.16ms, mfu 10.70%
iter 4490: loss 1.1222, time 31.31ms, mfu 10.82%
step 4500: train loss 1.0726, val loss 1.5591
iter 4500: loss 1.1657, time 4920.35ms, mfu 9.75%
iter 4510: loss 1.1032, time 47.66ms, mfu 9.56%
iter 4520: loss 1.0920, time 31.43ms, mfu 9.79%
iter 4530: loss 1.1149, time 31.48ms, mfu 9.99%
iter 4540: loss 1.1335, time 31.78ms, mfu 10.16%
iter 4550: loss 1.1244, time 46.68ms, mfu 9.95%
iter 4560: loss 1.1222, time 31.57ms, mfu 10.13%
iter 4570: loss 1.1558, time 31.71ms, mfu 10.29%
iter 4580: loss 1.1234, time 31.63ms, mfu 10.44%
iter 4590: loss 1.1331, time 47.37ms, mfu 10.18%
iter 4600: loss 1.1208, time 31.63ms, mfu 10.34%
iter 4610: loss 1.1188, time 31.29ms, mfu 10.50%
iter 4620: loss 1.1247, time 47.43ms, mfu 10.24%
iter 4630: loss 1.1073, time 31.77ms, mfu 10.39%
iter 4640: loss 1.1009, time 31.63ms, mfu 10.53%
iter 4650: loss 1.1110, time 47.71ms, mfu 10.25%
iter 4660: loss 1.1403, time 44.66ms, mfu 10.06%
iter 4670: loss 1.1312, time 31.43ms, mfu 10.24%
iter 4680: loss 1.1097, time 31.37ms, mfu 10.41%
iter 4690: loss 1.0989, time 32.00ms, mfu 10.53%
iter 4700: loss 1.1425, time 43.28ms, mfu 10.34%
iter 4710: loss 1.1282, time 31.70ms, mfu 10.48%
iter 4720: loss 1.1261, time 31.43ms, mfu 10.62%
iter 4730: loss 1.1131, time 47.26ms, mfu 10.34%
iter 4740: loss 1.1026, time 31.35ms, mfu 10.50%
step 4750: train loss 1.0413, val loss 1.5503
iter 4750: loss 1.1317, time 4933.93ms, mfu 9.46%
iter 4760: loss 1.1328, time 31.96ms, mfu 9.68%
iter 4770: loss 1.1058, time 32.04ms, mfu 9.87%
iter 4780: loss 1.1318, time 41.48ms, mfu 9.78%
iter 4790: loss 1.1145, time 31.37ms, mfu 9.99%
iter 4800: loss 1.1357, time 31.59ms, mfu 10.17%
iter 4810: loss 1.1040, time 47.14ms, mfu 9.95%
iter 4820: loss 1.1147, time 31.76ms, mfu 10.12%
iter 4830: loss 1.0981, time 31.36ms, mfu 10.30%
iter 4840: loss 1.0947, time 36.84ms, mfu 10.28%
iter 4850: loss 1.1204, time 47.40ms, mfu 10.04%
iter 4860: loss 1.1080, time 31.86ms, mfu 10.21%
iter 4870: loss 1.1248, time 29.45ms, mfu 10.45%
iter 4880: loss 1.0978, time 47.30ms, mfu 10.19%
iter 4890: loss 1.1309, time 31.84ms, mfu 10.34%
iter 4900: loss 1.1393, time 31.71ms, mfu 10.48%
iter 4910: loss 1.0843, time 47.65ms, mfu 10.22%
iter 4920: loss 1.1019, time 31.56ms, mfu 10.38%
iter 4930: loss 1.1200, time 31.50ms, mfu 10.52%
iter 4940: loss 1.1170, time 47.49ms, mfu 10.25%
iter 4950: loss 1.1260, time 31.30ms, mfu 10.42%
iter 4960: loss 1.0955, time 31.71ms, mfu 10.55%
iter 4970: loss 1.0862, time 47.23ms, mfu 10.29%
iter 4980: loss 1.1178, time 47.31ms, mfu 10.05%
iter 4990: loss 1.1163, time 31.49ms, mfu 10.22%
step 5000: train loss 1.0671, val loss 1.5666
iter 5000: loss 1.1154, time 5021.47ms, mfu 9.21%
