Overriding config with config/hw1_rmsnorm_lr2e-3.py:
# Same as hw1_rmsnorm.py but with a 2x learning rate (min_lr kept at lr/10).
exec(open('config/hw1_rmsnorm.py').read())
out_dir = 'out-hw1-rmsnorm-lr2e-3'
learning_rate = 2e-3
min_lr = 2e-4

tokens per iteration will be: 16,384
found vocab_size = 65 (inside data\shakespeare_char\meta.pkl)
Initializing a new model from scratch
number of parameters: 10.65M
D:\hw1\Gengerative-AI\train.py:201: FutureWarning: `torch.cuda.amp.GradScaler(args...)` is deprecated. Please use `torch.amp.GradScaler('cuda', args...)` instead.
  scaler = torch.cuda.amp.GradScaler(enabled=(dtype == 'float16'))
num decayed parameter tensors: 26, with 10,740,096 parameters
num non-decayed parameter tensors: 13, with 4,992 parameters
using fused AdamW: True
step 0: train loss 4.3725, val loss 4.3618
iter 0: loss 4.3396, time 5982.63ms, mfu -100.00%
iter 10: loss 3.0397, time 47.58ms, mfu 7.83%
iter 20: loss 2.6488, time 46.05ms, mfu 7.86%
iter 30: loss 2.5812, time 54.29ms, mfu 7.76%
iter 40: loss 2.5523, time 33.17ms, mfu 8.11%
iter 50: loss 2.5095, time 47.49ms, mfu 8.08%
iter 60: loss 2.4940, time 47.17ms, mfu 8.06%
iter 70: loss 2.4832, time 33.27ms, mfu 8.38%
iter 80: loss 2.4932, time 46.95ms, mfu 8.33%
iter 90: loss 2.4698, time 47.05ms, mfu 8.29%
iter 100: loss 2.4600, time 47.30ms, mfu 8.25%
iter 110: loss 2.4323, time 64.83ms, mfu 8.00%
iter 120: loss 2.4244, time 31.34ms, mfu 8.39%
iter 130: loss 2.3942, time 33.74ms, mfu 8.65%
iter 140: loss 2.3828, time 33.54ms, mfu 8.90%
iter 150: loss 2.3196, time 47.17ms, mfu 8.80%
iter 160: loss 2.2179, time 47.35ms, mfu 8.71%
iter 170: loss 2.1832, time 46.97ms, mfu 8.63%
iter 180: loss 2.1243, time 62.66ms, mfu 8.36%
iter 190: loss 2.0656, time 47.36ms, mfu 8.31%
iter 200: loss 2.0282, time 63.11ms, mfu 8.07%
iter 210: loss 1.9872, time 46.96ms, mfu 8.06%
iter 220: loss 1.9938, time 62.93ms, mfu 7.84%
iter 230: loss 1.9370, time 47.36ms, mfu 7.85%
iter 240: loss 1.9515, time 31.37ms, mfu 8.25%
step 250: train loss 1.8377, val loss 1.9673
saving checkpoint to out-hw1-rmsnorm-lr2e-3
iter 250: loss 1.9126, time 5879.04ms, mfu 7.43%
iter 260: loss 1.8706, time 31.99ms, mfu 7.85%
iter 270: loss 1.8752, time 46.96ms, mfu 7.86%
iter 280: loss 1.8717, time 62.98ms, mfu 7.67%
iter 290: loss 1.8211, time 46.97ms, mfu 7.69%
iter 300: loss 1.7999, time 62.87ms, mfu 7.52%
iter 310: loss 1.7789, time 45.97ms, mfu 7.58%
iter 320: loss 1.7756, time 47.25ms, mfu 7.61%
iter 330: loss 1.7496, time 62.86ms, mfu 7.44%
iter 340: loss 1.7183, time 47.02ms, mfu 7.49%
iter 350: loss 1.7605, time 47.00ms, mfu 7.53%
iter 360: loss 1.7147, time 63.27ms, mfu 7.37%
iter 370: loss 1.6853, time 48.93ms, mfu 7.39%
iter 380: loss 1.6801, time 31.35ms, mfu 7.84%
iter 390: loss 1.6944, time 46.92ms, mfu 7.85%
iter 400: loss 1.7265, time 46.96ms, mfu 7.86%
iter 410: loss 1.6559, time 33.03ms, mfu 8.20%
iter 420: loss 1.6895, time 62.81ms, mfu 7.97%
iter 430: loss 1.6638, time 47.61ms, mfu 7.96%
iter 440: loss 1.6273, time 31.30ms, mfu 8.35%
iter 450: loss 1.6299, time 47.40ms, mfu 8.31%
iter 460: loss 1.5824, time 31.51ms, mfu 8.66%
iter 470: loss 1.6439, time 45.17ms, mfu 8.62%
iter 480: loss 1.6118, time 47.32ms, mfu 8.54%
iter 490: loss 1.5853, time 63.01ms, mfu 8.28%
step 500: train loss 1.5234, val loss 1.7246
saving checkpoint to out-hw1-rmsnorm-lr2e-3
iter 500: loss 1.5941, time 5907.92ms, mfu 7.46%
iter 510: loss 1.6002, time 62.61ms, mfu 7.31%
iter 520: loss 1.5836, time 45.15ms, mfu 7.40%
iter 530: loss 1.5513, time 46.93ms, mfu 7.46%
iter 540: loss 1.6083, time 30.19ms, mfu 7.94%
iter 550: loss 1.5595, time 47.02ms, mfu 7.94%
iter 560: loss 1.5579, time 47.68ms, mfu 7.93%
iter 570: loss 1.5596, time 63.14ms, mfu 7.73%
iter 580: loss 1.5298, time 62.93ms, mfu 7.55%
iter 590: loss 1.5038, time 47.01ms, mfu 7.58%
iter 600: loss 1.5215, time 46.98ms, mfu 7.62%
iter 610: loss 1.5451, time 62.66ms, mfu 7.45%
iter 620: loss 1.5329, time 47.38ms, mfu 7.49%
iter 630: loss 1.5147, time 47.24ms, mfu 7.53%
iter 640: loss 1.4732, time 63.18ms, mfu 7.37%
iter 650: loss 1.5070, time 47.76ms, mfu 7.41%
iter 660: loss 1.5094, time 47.09ms, mfu 7.46%
iter 670: loss 1.4563, time 62.86ms, mfu 7.31%
iter 680: loss 1.5194, time 31.29ms, mfu 7.77%
iter 690: loss 1.4644, time 46.97ms, mfu 7.79%
iter 700: loss 1.4934, time 47.18ms, mfu 7.80%
iter 710: loss 1.4647, time 47.49ms, mfu 7.80%
iter 720: loss 1.4575, time 47.07ms, mfu 7.81%
iter 730: loss 1.4338, time 47.30ms, mfu 7.82%
iter 740: loss 1.4361, time 31.45ms, mfu 8.22%
step 750: train loss 1.3694, val loss 1.5971
saving checkpoint to out-hw1-rmsnorm-lr2e-3
iter 750: loss 1.4353, time 5896.20ms, mfu 7.41%
iter 760: loss 1.4569, time 46.94ms, mfu 7.46%
iter 770: loss 1.4384, time 46.96ms, mfu 7.51%
iter 780: loss 1.4291, time 47.20ms, mfu 7.55%
iter 790: loss 1.4191, time 47.41ms, mfu 7.58%
iter 800: loss 1.4393, time 62.76ms, mfu 7.41%
iter 810: loss 1.4119, time 47.03ms, mfu 7.46%
iter 820: loss 1.4167, time 46.92ms, mfu 7.51%
iter 830: loss 1.3965, time 47.34ms, mfu 7.55%
iter 840: loss 1.4185, time 62.63ms, mfu 7.39%
iter 850: loss 1.3963, time 61.34ms, mfu 7.26%
iter 860: loss 1.4004, time 46.98ms, mfu 7.32%
iter 870: loss 1.4034, time 47.08ms, mfu 7.38%
iter 880: loss 1.3913, time 31.55ms, mfu 7.83%
iter 890: loss 1.3926, time 47.39ms, mfu 7.83%
iter 900: loss 1.3841, time 47.02ms, mfu 7.84%
iter 910: loss 1.3334, time 58.90ms, mfu 7.69%
iter 920: loss 1.3741, time 47.18ms, mfu 7.71%
iter 930: loss 1.3707, time 47.13ms, mfu 7.73%
iter 940: loss 1.3614, time 48.81ms, mfu 7.72%
iter 950: loss 1.3628, time 47.59ms, mfu 7.73%
iter 960: loss 1.3773, time 46.94ms, mfu 7.75%
iter 970: loss 1.3687, time 45.85ms, mfu 7.79%
iter 980: loss 1.3614, time 31.33ms, mfu 8.20%
iter 990: loss 1.3444, time 47.17ms, mfu 8.17%
step 1000: train loss 1.2810, val loss 1.5266
saving checkpoint to out-hw1-rmsnorm-lr2e-3
iter 1000: loss 1.3466, time 5909.10ms, mfu 7.36%
iter 1010: loss 1.3396, time 46.99ms, mfu 7.42%
iter 1020: loss 1.3177, time 47.55ms, mfu 7.46%
iter 1030: loss 1.3483, time 42.99ms, mfu 7.58%
iter 1040: loss 1.3656, time 47.00ms, mfu 7.61%
iter 1050: loss 1.2932, time 46.93ms, mfu 7.65%
iter 1060: loss 1.3496, time 31.52ms, mfu 8.06%
iter 1070: loss 1.3378, time 47.85ms, mfu 8.04%
iter 1080: loss 1.3415, time 47.37ms, mfu 8.02%
iter 1090: loss 1.3592, time 46.95ms, mfu 8.01%
iter 1100: loss 1.3333, time 39.81ms, mfu 8.15%
iter 1110: loss 1.3115, time 47.00ms, mfu 8.12%
iter 1120: loss 1.3021, time 46.91ms, mfu 8.11%
iter 1130: loss 1.3043, time 63.07ms, mfu 7.89%
iter 1140: loss 1.3026, time 62.82ms, mfu 7.69%
iter 1150: loss 1.3145, time 47.01ms, mfu 7.71%
iter 1160: loss 1.3370, time 47.41ms, mfu 7.73%
iter 1170: loss 1.3084, time 31.55ms, mfu 8.14%
iter 1180: loss 1.3255, time 63.32ms, mfu 7.91%
iter 1190: loss 1.2810, time 46.95ms, mfu 7.91%
iter 1200: loss 1.2988, time 46.97ms, mfu 7.92%
iter 1210: loss 1.2722, time 47.55ms, mfu 7.91%
iter 1220: loss 1.3152, time 62.67ms, mfu 7.71%
iter 1230: loss 1.3018, time 47.17ms, mfu 7.73%
iter 1240: loss 1.3091, time 47.52ms, mfu 7.74%
step 1250: train loss 1.2119, val loss 1.5019
saving checkpoint to out-hw1-rmsnorm-lr2e-3
iter 1250: loss 1.2810, time 5908.98ms, mfu 6.97%
iter 1260: loss 1.2908, time 31.49ms, mfu 7.46%
iter 1270: loss 1.2807, time 47.41ms, mfu 7.50%
iter 1280: loss 1.2620, time 31.83ms, mfu 7.92%
iter 1290: loss 1.2875, time 62.63ms, mfu 7.72%
iter 1300: loss 1.3110, time 49.78ms, mfu 7.70%
iter 1310: loss 1.2395, time 47.18ms, mfu 7.72%
iter 1320: loss 1.3100, time 31.29ms, mfu 8.14%
iter 1330: loss 1.2746, time 58.08ms, mfu 7.97%
iter 1340: loss 1.3135, time 47.84ms, mfu 7.95%
iter 1350: loss 1.2559, time 44.50ms, mfu 7.99%
iter 1360: loss 1.2841, time 47.60ms, mfu 7.97%
iter 1370: loss 1.2664, time 31.63ms, mfu 8.36%
iter 1380: loss 1.2733, time 47.05ms, mfu 8.31%
iter 1390: loss 1.2563, time 31.90ms, mfu 8.65%
iter 1400: loss 1.2600, time 46.93ms, mfu 8.58%
iter 1410: loss 1.2568, time 47.15ms, mfu 8.51%
iter 1420: loss 1.2714, time 47.42ms, mfu 8.44%
iter 1430: loss 1.2534, time 31.52ms, mfu 8.78%
iter 1440: loss 1.2626, time 44.42ms, mfu 8.74%
iter 1450: loss 1.2395, time 30.45ms, mfu 9.09%
iter 1460: loss 1.2508, time 47.34ms, mfu 8.97%
iter 1470: loss 1.2242, time 47.64ms, mfu 8.86%
iter 1480: loss 1.2164, time 60.11ms, mfu 8.59%
iter 1490: loss 1.2386, time 47.62ms, mfu 8.51%
step 1500: train loss 1.1635, val loss 1.4761
saving checkpoint to out-hw1-rmsnorm-lr2e-3
iter 1500: loss 1.1947, time 5896.36ms, mfu 7.67%
iter 1510: loss 1.2453, time 47.48ms, mfu 7.69%
iter 1520: loss 1.2327, time 46.94ms, mfu 7.71%
iter 1530: loss 1.2588, time 47.02ms, mfu 7.73%
iter 1540: loss 1.1975, time 46.97ms, mfu 7.75%
iter 1550: loss 1.2409, time 47.72ms, mfu 7.76%
iter 1560: loss 1.2140, time 47.98ms, mfu 7.76%
iter 1570: loss 1.2447, time 57.96ms, mfu 7.63%
iter 1580: loss 1.2138, time 46.98ms, mfu 7.66%
iter 1590: loss 1.1964, time 47.23ms, mfu 7.68%
iter 1600: loss 1.2066, time 47.75ms, mfu 7.69%
iter 1610: loss 1.2495, time 47.44ms, mfu 7.71%
iter 1620: loss 1.1859, time 47.58ms, mfu 7.72%
iter 1630: loss 1.2052, time 63.29ms, mfu 7.54%
iter 1640: loss 1.2146, time 59.15ms, mfu 7.41%
iter 1650: loss 1.1923, time 47.73ms, mfu 7.45%
iter 1660: loss 1.2284, time 47.35ms, mfu 7.49%
iter 1670: loss 1.1987, time 46.98ms, mfu 7.54%
iter 1680: loss 1.2055, time 47.01ms, mfu 7.58%
iter 1690: loss 1.2074, time 31.83ms, mfu 7.99%
iter 1700: loss 1.1978, time 51.69ms, mfu 7.91%
iter 1710: loss 1.1848, time 46.98ms, mfu 7.91%
iter 1720: loss 1.1943, time 47.00ms, mfu 7.92%
iter 1730: loss 1.2122, time 46.98ms, mfu 7.92%
iter 1740: loss 1.1764, time 31.88ms, mfu 8.29%
step 1750: train loss 1.1102, val loss 1.4768
iter 1750: loss 1.1930, time 5818.03ms, mfu 7.47%
iter 1760: loss 1.1985, time 47.12ms, mfu 7.51%
iter 1770: loss 1.2078, time 46.95ms, mfu 7.56%
iter 1780: loss 1.2076, time 46.92ms, mfu 7.60%
iter 1790: loss 1.1995, time 31.37ms, mfu 8.02%
iter 1800: loss 1.1928, time 31.33ms, mfu 8.41%
iter 1810: loss 1.1690, time 46.98ms, mfu 8.36%
iter 1820: loss 1.1725, time 46.93ms, mfu 8.32%
iter 1830: loss 1.1740, time 46.96ms, mfu 8.28%
iter 1840: loss 1.1663, time 46.93ms, mfu 8.25%
iter 1850: loss 1.1719, time 31.55ms, mfu 8.60%
iter 1860: loss 1.1812, time 46.99ms, mfu 8.54%
iter 1870: loss 1.1546, time 47.52ms, mfu 8.47%
iter 1880: loss 1.1882, time 62.81ms, mfu 8.21%
iter 1890: loss 1.1876, time 46.96ms, mfu 8.19%
iter 1900: loss 1.1390, time 48.53ms, mfu 8.13%
iter 1910: loss 1.1778, time 47.88ms, mfu 8.10%
iter 1920: loss 1.1752, time 62.74ms, mfu 7.88%
iter 1930: loss 1.1523, time 46.96ms, mfu 7.89%
iter 1940: loss 1.1294, time 31.30ms, mfu 8.29%
iter 1950: loss 1.1487, time 62.65ms, mfu 8.06%
iter 1960: loss 1.1662, time 46.94ms, mfu 8.04%
iter 1970: loss 1.1582, time 47.13ms, mfu 8.03%
iter 1980: loss 1.1531, time 44.61ms, mfu 8.06%
iter 1990: loss 1.1590, time 31.47ms, mfu 8.44%
step 2000: train loss 1.0687, val loss 1.4731
saving checkpoint to out-hw1-rmsnorm-lr2e-3
iter 2000: loss 1.1413, time 5920.75ms, mfu 7.60%
iter 2010: loss 1.1391, time 49.11ms, mfu 7.60%
iter 2020: loss 1.1249, time 56.60ms, mfu 7.50%
iter 2030: loss 1.1600, time 47.10ms, mfu 7.54%
iter 2040: loss 1.1474, time 46.90ms, mfu 7.58%
iter 2050: loss 1.1174, time 46.94ms, mfu 7.62%
iter 2060: loss 1.1092, time 47.12ms, mfu 7.65%
iter 2070: loss 1.1316, time 63.26ms, mfu 7.47%
iter 2080: loss 1.1235, time 46.94ms, mfu 7.52%
iter 2090: loss 1.1389, time 47.01ms, mfu 7.56%
iter 2100: loss 1.1454, time 62.87ms, mfu 7.39%
iter 2110: loss 1.1372, time 47.01ms, mfu 7.45%
iter 2120: loss 1.1380, time 42.82ms, mfu 7.57%
iter 2130: loss 1.1484, time 45.37ms, mfu 7.64%
iter 2140: loss 1.1478, time 50.11ms, mfu 7.62%
iter 2150: loss 1.1326, time 47.03ms, mfu 7.65%
iter 2160: loss 1.1508, time 64.02ms, mfu 7.47%
iter 2170: loss 1.1380, time 51.72ms, mfu 7.44%
iter 2180: loss 1.1177, time 49.43ms, mfu 7.45%
iter 2190: loss 1.1087, time 33.66ms, mfu 7.81%
iter 2200: loss 1.1322, time 50.33ms, mfu 7.77%
iter 2210: loss 1.1144, time 51.16ms, mfu 7.72%
iter 2220: loss 1.1235, time 47.15ms, mfu 7.74%
iter 2230: loss 1.1251, time 41.59ms, mfu 7.86%
iter 2240: loss 1.1334, time 40.69ms, mfu 7.99%
step 2250: train loss 1.0193, val loss 1.4910
iter 2250: loss 1.1177, time 5853.98ms, mfu 7.20%
iter 2260: loss 1.1169, time 42.79ms, mfu 7.35%
iter 2270: loss 1.1396, time 34.38ms, mfu 7.70%
iter 2280: loss 1.0954, time 50.99ms, mfu 7.66%
iter 2290: loss 1.1488, time 46.92ms, mfu 7.69%
iter 2300: loss 1.1314, time 44.78ms, mfu 7.75%
iter 2310: loss 1.0987, time 33.37ms, mfu 8.09%
iter 2320: loss 1.1020, time 50.32ms, mfu 8.02%
iter 2330: loss 1.1065, time 49.97ms, mfu 7.97%
iter 2340: loss 1.1180, time 53.56ms, mfu 7.87%
iter 2350: loss 1.1062, time 57.23ms, mfu 7.73%
iter 2360: loss 1.1098, time 52.99ms, mfu 7.66%
iter 2370: loss 1.0992, time 50.52ms, mfu 7.63%
iter 2380: loss 1.1016, time 42.43ms, mfu 7.75%
iter 2390: loss 1.0870, time 32.86ms, mfu 8.11%
iter 2400: loss 1.0876, time 59.21ms, mfu 7.92%
iter 2410: loss 1.0743, time 50.87ms, mfu 7.86%
iter 2420: loss 1.0829, time 67.36ms, mfu 7.63%
iter 2430: loss 1.0592, time 50.52ms, mfu 7.61%
iter 2440: loss 1.0646, time 50.06ms, mfu 7.59%
iter 2450: loss 1.0764, time 50.31ms, mfu 7.57%
iter 2460: loss 1.0883, time 67.52ms, mfu 7.37%
iter 2470: loss 1.0889, time 49.97ms, mfu 7.38%
iter 2480: loss 1.0911, time 47.92ms, mfu 7.42%
iter 2490: loss 1.0588, time 49.67ms, mfu 7.42%
step 2500: train loss 0.9681, val loss 1.4899
iter 2500: loss 1.0829, time 5916.63ms, mfu 6.69%
iter 2510: loss 1.0705, time 49.99ms, mfu 6.76%
iter 2520: loss 1.0488, time 49.96ms, mfu 6.83%
iter 2530: loss 1.0518, time 50.00ms, mfu 6.90%
iter 2540: loss 1.0537, time 33.33ms, mfu 7.32%
iter 2550: loss 1.0764, time 45.61ms, mfu 7.41%
iter 2560: loss 1.0544, time 50.03ms, mfu 7.41%
iter 2570: loss 1.0871, time 50.54ms, mfu 7.41%
iter 2580: loss 1.0759, time 47.87ms, mfu 7.45%
iter 2590: loss 1.0723, time 48.81ms, mfu 7.46%
iter 2600: loss 1.0676, time 48.66ms, mfu 7.48%
iter 2610: loss 1.0526, time 38.92ms, mfu 7.69%
iter 2620: loss 1.0488, time 47.09ms, mfu 7.72%
iter 2630: loss 1.0259, time 41.96ms, mfu 7.83%
iter 2640: loss 1.0433, time 48.28ms, mfu 7.82%
iter 2650: loss 1.0660, time 33.29ms, mfu 8.16%
iter 2660: loss 1.0457, time 38.52ms, mfu 8.31%
iter 2670: loss 1.0326, time 51.98ms, mfu 8.20%
iter 2680: loss 1.0548, time 50.70ms, mfu 8.11%
iter 2690: loss 1.0573, time 50.01ms, mfu 8.04%
iter 2700: loss 1.0260, time 51.06ms, mfu 7.97%
iter 2710: loss 1.0465, time 50.00ms, mfu 7.92%
iter 2720: loss 1.0549, time 33.79ms, mfu 8.23%
iter 2730: loss 1.0635, time 49.44ms, mfu 8.16%
iter 2740: loss 1.0279, time 56.20ms, mfu 8.01%
step 2750: train loss 0.9217, val loss 1.5132
iter 2750: loss 1.0346, time 5975.98ms, mfu 7.21%
iter 2760: loss 1.0324, time 34.01ms, mfu 7.59%
iter 2770: loss 1.0284, time 60.37ms, mfu 7.45%
iter 2780: loss 1.0182, time 35.92ms, mfu 7.74%
iter 2790: loss 1.0410, time 51.83ms, mfu 7.68%
iter 2800: loss 1.0140, time 48.34ms, mfu 7.69%
iter 2810: loss 1.0429, time 50.09ms, mfu 7.66%
iter 2820: loss 1.0215, time 34.95ms, mfu 7.96%
iter 2830: loss 1.0412, time 49.28ms, mfu 7.92%
iter 2840: loss 0.9983, time 50.02ms, mfu 7.87%
iter 2850: loss 1.0266, time 48.57ms, mfu 7.85%
iter 2860: loss 1.0268, time 49.59ms, mfu 7.82%
iter 2870: loss 1.0078, time 46.75ms, mfu 7.84%
iter 2880: loss 1.0368, time 49.68ms, mfu 7.80%
iter 2890: loss 1.0144, time 50.20ms, mfu 7.76%
iter 2900: loss 0.9922, time 33.05ms, mfu 8.11%
iter 2910: loss 1.0409, time 49.89ms, mfu 8.05%
iter 2920: loss 1.0204, time 36.24ms, mfu 8.27%
iter 2930: loss 0.9992, time 33.90ms, mfu 8.55%
iter 2940: loss 0.9924, time 50.11ms, mfu 8.43%
iter 2950: loss 1.0287, time 49.60ms, mfu 8.34%
iter 2960: loss 1.0102, time 50.79ms, mfu 8.24%
iter 2970: loss 0.9903, time 48.88ms, mfu 8.18%
iter 2980: loss 1.0052, time 41.98ms, mfu 8.25%
iter 2990: loss 0.9873, time 52.89ms, mfu 8.13%
step 3000: train loss 0.8754, val loss 1.5264
iter 3000: loss 0.9849, time 6162.02ms, mfu 7.32%
iter 3010: loss 0.9940, time 39.85ms, mfu 7.52%
iter 3020: loss 0.9959, time 48.26ms, mfu 7.54%
iter 3030: loss 1.0062, time 40.14ms, mfu 7.72%
iter 3040: loss 1.0230, time 54.97ms, mfu 7.62%
iter 3050: loss 0.9731, time 55.66ms, mfu 7.53%
iter 3060: loss 1.0043, time 44.98ms, mfu 7.61%
iter 3070: loss 1.0091, time 49.95ms, mfu 7.59%
iter 3080: loss 1.0030, time 51.56ms, mfu 7.56%
iter 3090: loss 0.9845, time 46.97ms, mfu 7.59%
iter 3100: loss 1.0006, time 63.74ms, mfu 7.42%
iter 3110: loss 0.9660, time 50.54ms, mfu 7.41%
iter 3120: loss 1.0018, time 53.32ms, mfu 7.37%
iter 3130: loss 0.9865, time 49.14ms, mfu 7.39%
iter 3140: loss 0.9710, time 49.43ms, mfu 7.41%
iter 3150: loss 1.0000, time 55.16ms, mfu 7.34%
iter 3160: loss 1.0063, time 54.12ms, mfu 7.30%
iter 3170: loss 0.9614, time 52.51ms, mfu 7.28%
iter 3180: loss 0.9765, time 49.16ms, mfu 7.31%
iter 3190: loss 0.9936, time 42.50ms, mfu 7.45%
iter 3200: loss 0.9670, time 49.95ms, mfu 7.45%
iter 3210: loss 0.9659, time 43.10ms, mfu 7.57%
iter 3220: loss 0.9566, time 33.26ms, mfu 7.94%
iter 3230: loss 0.9591, time 38.94ms, mfu 8.10%
iter 3240: loss 0.9568, time 48.80ms, mfu 8.05%
step 3250: train loss 0.8263, val loss 1.5677
iter 3250: loss 0.9717, time 6015.95ms, mfu 7.25%
iter 3260: loss 0.9576, time 44.08ms, mfu 7.37%
iter 3270: loss 0.9733, time 57.73ms, mfu 7.28%
iter 3280: loss 0.9482, time 46.93ms, mfu 7.35%
iter 3290: loss 0.9436, time 42.70ms, mfu 7.49%
iter 3300: loss 0.9326, time 49.00ms, mfu 7.50%
iter 3310: loss 0.9468, time 50.90ms, mfu 7.48%
iter 3320: loss 0.9593, time 55.32ms, mfu 7.41%
iter 3330: loss 0.9626, time 40.96ms, mfu 7.57%
iter 3340: loss 0.9517, time 47.00ms, mfu 7.61%
iter 3350: loss 0.9437, time 60.97ms, mfu 7.46%
iter 3360: loss 0.9264, time 51.85ms, mfu 7.43%
iter 3370: loss 0.9543, time 46.98ms, mfu 7.48%
iter 3380: loss 0.9493, time 52.49ms, mfu 7.44%
iter 3390: loss 0.9488, time 41.89ms, mfu 7.59%
iter 3400: loss 0.9489, time 47.00ms, mfu 7.62%
iter 3410: loss 0.9370, time 46.98ms, mfu 7.65%
iter 3420: loss 0.9359, time 53.77ms, mfu 7.58%
iter 3430: loss 0.9495, time 38.52ms, mfu 7.79%
iter 3440: loss 0.9660, time 64.74ms, mfu 7.59%
iter 3450: loss 0.9480, time 46.72ms, mfu 7.63%
iter 3460: loss 0.9354, time 53.19ms, mfu 7.56%
iter 3470: loss 0.9419, time 46.93ms, mfu 7.60%
iter 3480: loss 0.9412, time 52.47ms, mfu 7.55%
iter 3490: loss 0.9077, time 47.44ms, mfu 7.58%
step 3500: train loss 0.7802, val loss 1.5843
iter 3500: loss 0.9090, time 5833.20ms, mfu 6.83%
iter 3510: loss 0.9002, time 49.01ms, mfu 6.91%
iter 3520: loss 0.9159, time 47.17ms, mfu 7.01%
iter 3530: loss 0.9492, time 46.50ms, mfu 7.11%
iter 3540: loss 0.9234, time 49.92ms, mfu 7.14%
iter 3550: loss 0.9144, time 50.01ms, mfu 7.17%
iter 3560: loss 0.9517, time 31.33ms, mfu 7.65%
iter 3570: loss 0.9316, time 47.31ms, mfu 7.67%
iter 3580: loss 0.9288, time 63.32ms, mfu 7.49%
iter 3590: loss 0.9160, time 45.58ms, mfu 7.56%
iter 3600: loss 0.9202, time 46.77ms, mfu 7.60%
iter 3610: loss 0.9074, time 49.42ms, mfu 7.59%
iter 3620: loss 0.9067, time 45.23ms, mfu 7.66%
iter 3630: loss 0.9183, time 47.13ms, mfu 7.68%
iter 3640: loss 0.9155, time 62.77ms, mfu 7.51%
iter 3650: loss 0.9071, time 47.12ms, mfu 7.55%
iter 3660: loss 0.9273, time 50.03ms, mfu 7.54%
iter 3670: loss 0.9282, time 46.33ms, mfu 7.59%
iter 3680: loss 0.9036, time 46.86ms, mfu 7.62%
iter 3690: loss 0.9303, time 31.35ms, mfu 8.05%
iter 3700: loss 0.8660, time 59.65ms, mfu 7.87%
iter 3710: loss 0.8664, time 45.29ms, mfu 7.91%
iter 3720: loss 0.9029, time 42.21ms, mfu 8.00%
iter 3730: loss 0.8847, time 50.96ms, mfu 7.93%
iter 3740: loss 0.8914, time 32.78ms, mfu 8.27%
step 3750: train loss 0.7369, val loss 1.6094
iter 3750: loss 0.8918, time 5881.87ms, mfu 7.45%
iter 3760: loss 0.9203, time 50.20ms, mfu 7.45%
iter 3770: loss 0.9226, time 45.20ms, mfu 7.53%
iter 3780: loss 0.9217, time 51.02ms, mfu 7.51%
iter 3790: loss 0.8924, time 62.01ms, mfu 7.36%
iter 3800: loss 0.9120, time 42.54ms, mfu 7.50%
iter 3810: loss 0.9104, time 52.27ms, mfu 7.46%
iter 3820: loss 0.8755, time 49.07ms, mfu 7.47%
iter 3830: loss 0.8974, time 48.28ms, mfu 7.50%
iter 3840: loss 0.8809, time 47.00ms, mfu 7.54%
iter 3850: loss 0.8792, time 42.78ms, mfu 7.66%
iter 3860: loss 0.8606, time 47.22ms, mfu 7.68%
iter 3870: loss 0.8811, time 41.43ms, mfu 7.81%
iter 3880: loss 0.8815, time 42.46ms, mfu 7.91%
iter 3890: loss 0.8852, time 59.96ms, mfu 7.74%
iter 3900: loss 0.8841, time 49.33ms, mfu 7.72%
iter 3910: loss 0.8792, time 49.98ms, mfu 7.69%
iter 3920: loss 0.8622, time 45.77ms, mfu 7.74%
iter 3930: loss 0.8811, time 49.05ms, mfu 7.72%
iter 3940: loss 0.8691, time 49.71ms, mfu 7.70%
iter 3950: loss 0.8798, time 49.69ms, mfu 7.68%
iter 3960: loss 0.9008, time 41.46ms, mfu 7.81%
iter 3970: loss 0.8852, time 48.88ms, mfu 7.79%
iter 3980: loss 0.8859, time 37.78ms, mfu 8.00%
iter 3990: loss 0.8732, time 50.12ms, mfu 7.94%
step 4000: train loss 0.6995, val loss 1.6372
iter 4000: loss 0.8419, time 5968.36ms, mfu 7.16%
iter 4010: loss 0.8780, time 50.37ms, mfu 7.18%
iter 4020: loss 0.8796, time 50.76ms, mfu 7.20%
iter 4030: loss 0.8752, time 49.68ms, mfu 7.23%
iter 4040: loss 0.8711, time 32.67ms, mfu 7.64%
iter 4050: loss 0.8631, time 50.11ms, mfu 7.62%
iter 4060: loss 0.8548, time 33.04ms, mfu 7.99%
iter 4070: loss 0.8497, time 52.94ms, mfu 7.89%
iter 4080: loss 0.8819, time 60.09ms, mfu 7.72%
iter 4090: loss 0.8369, time 47.02ms, mfu 7.74%
iter 4100: loss 0.8855, time 46.96ms, mfu 7.76%
iter 4110: loss 0.8651, time 63.49ms, mfu 7.57%
iter 4120: loss 0.8646, time 49.23ms, mfu 7.57%
iter 4130: loss 0.8477, time 33.91ms, mfu 7.92%
iter 4140: loss 0.8599, time 48.75ms, mfu 7.89%
iter 4150: loss 0.8521, time 46.95ms, mfu 7.89%
iter 4160: loss 0.8388, time 50.49ms, mfu 7.84%
iter 4170: loss 0.8632, time 48.87ms, mfu 7.82%
iter 4180: loss 0.8541, time 55.15ms, mfu 7.71%
iter 4190: loss 0.8550, time 43.92ms, mfu 7.79%
iter 4200: loss 0.8439, time 49.82ms, mfu 7.76%
iter 4210: loss 0.8596, time 54.66ms, mfu 7.67%
iter 4220: loss 0.8439, time 54.43ms, mfu 7.58%
iter 4230: loss 0.8612, time 42.07ms, mfu 7.71%
iter 4240: loss 0.8506, time 47.08ms, mfu 7.73%
step 4250: train loss 0.6667, val loss 1.6615
iter 4250: loss 0.8664, time 5915.27ms, mfu 6.96%
iter 4260: loss 0.8462, time 42.39ms, mfu 7.15%
iter 4270: loss 0.8540, time 31.51ms, mfu 7.61%
iter 4280: loss 0.8388, time 47.43ms, mfu 7.64%
iter 4290: loss 0.8165, time 47.75ms, mfu 7.66%
iter 4300: loss 0.8214, time 43.83ms, mfu 7.74%
iter 4310: loss 0.8415, time 47.11ms, mfu 7.76%
iter 4320: loss 0.8258, time 55.73ms, mfu 7.65%
iter 4330: loss 0.8471, time 62.92ms, mfu 7.48%
iter 4340: loss 0.8170, time 46.96ms, mfu 7.52%
iter 4350: loss 0.8249, time 45.04ms, mfu 7.60%
iter 4360: loss 0.8420, time 46.41ms, mfu 7.64%
iter 4370: loss 0.8483, time 47.21ms, mfu 7.67%
iter 4380: loss 0.8271, time 47.60ms, mfu 7.68%
iter 4390: loss 0.8524, time 62.65ms, mfu 7.51%
iter 4400: loss 0.8352, time 46.94ms, mfu 7.55%
iter 4410: loss 0.8523, time 47.10ms, mfu 7.59%
iter 4420: loss 0.8475, time 57.74ms, mfu 7.47%
iter 4430: loss 0.8316, time 31.32ms, mfu 7.92%
iter 4440: loss 0.8324, time 46.92ms, mfu 7.92%
iter 4450: loss 0.8335, time 47.14ms, mfu 7.92%
iter 4460: loss 0.8111, time 62.83ms, mfu 7.72%
iter 4470: loss 0.8274, time 46.92ms, mfu 7.74%
iter 4480: loss 0.8146, time 44.49ms, mfu 7.80%
iter 4490: loss 0.8224, time 62.93ms, mfu 7.62%
step 4500: train loss 0.6371, val loss 1.6949
iter 4500: loss 0.8515, time 5850.13ms, mfu 6.86%
iter 4510: loss 0.8285, time 42.79ms, mfu 7.05%
iter 4520: loss 0.8184, time 52.16ms, mfu 7.06%
iter 4530: loss 0.8321, time 52.36ms, mfu 7.06%
iter 4540: loss 0.8249, time 48.29ms, mfu 7.13%
iter 4550: loss 0.8576, time 47.34ms, mfu 7.20%
iter 4560: loss 0.8303, time 31.48ms, mfu 7.66%
iter 4570: loss 0.8274, time 47.08ms, mfu 7.69%
iter 4580: loss 0.8376, time 33.62ms, mfu 8.03%
iter 4590: loss 0.8367, time 47.24ms, mfu 8.02%
iter 4600: loss 0.7956, time 47.30ms, mfu 8.00%
iter 4610: loss 0.8568, time 47.05ms, mfu 7.99%
iter 4620: loss 0.8098, time 31.69ms, mfu 8.37%
iter 4630: loss 0.8037, time 46.98ms, mfu 8.33%
iter 4640: loss 0.8212, time 62.66ms, mfu 8.09%
iter 4650: loss 0.8388, time 31.48ms, mfu 8.46%
iter 4660: loss 0.8362, time 47.29ms, mfu 8.40%
iter 4670: loss 0.8269, time 47.08ms, mfu 8.36%
iter 4680: loss 0.8391, time 47.34ms, mfu 8.31%
iter 4690: loss 0.8280, time 43.92ms, mfu 8.32%
iter 4700: loss 0.7993, time 47.10ms, mfu 8.28%
iter 4710: loss 0.7715, time 30.86ms, mfu 8.66%
iter 4720: loss 0.8146, time 47.26ms, mfu 8.59%
iter 4730: loss 0.8045, time 46.94ms, mfu 8.52%
iter 4740: loss 0.8203, time 63.26ms, mfu 8.26%
step 4750: train loss 0.6181, val loss 1.7165
iter 4750: loss 0.7779, time 5812.49ms, mfu 7.44%
iter 4760: loss 0.8041, time 47.31ms, mfu 7.48%
iter 4770: loss 0.7795, time 47.34ms, mfu 7.52%
iter 4780: loss 0.7818, time 61.09ms, mfu 7.38%
iter 4790: loss 0.8135, time 47.39ms, mfu 7.43%
iter 4800: loss 0.7990, time 47.10ms, mfu 7.48%
iter 4810: loss 0.8247, time 31.42ms, mfu 7.91%
iter 4820: loss 0.8060, time 42.54ms, mfu 8.00%
iter 4830: loss 0.8081, time 46.93ms, mfu 7.99%
iter 4840: loss 0.8137, time 46.97ms, mfu 7.99%
iter 4850: loss 0.7993, time 63.38ms, mfu 7.78%
iter 4860: loss 0.7992, time 47.18ms, mfu 7.79%
iter 4870: loss 0.7883, time 63.29ms, mfu 7.60%
iter 4880: loss 0.8191, time 48.04ms, mfu 7.61%
iter 4890: loss 0.7903, time 46.96ms, mfu 7.65%
iter 4900: loss 0.7859, time 31.59ms, mfu 8.06%
iter 4910: loss 0.8136, time 45.44ms, mfu 8.07%
iter 4920: loss 0.8110, time 46.97ms, mfu 8.06%
iter 4930: loss 0.7773, time 62.87ms, mfu 7.85%
iter 4940: loss 0.7789, time 46.94ms, mfu 7.86%
iter 4950: loss 0.8107, time 46.99ms, mfu 7.86%
iter 4960: loss 0.8126, time 31.72ms, mfu 8.25%
iter 4970: loss 0.7655, time 46.98ms, mfu 8.22%
iter 4980: loss 0.7711, time 47.24ms, mfu 8.19%
iter 4990: loss 0.8048, time 62.17ms, mfu 7.97%
step 5000: train loss 0.6018, val loss 1.7281
iter 5000: loss 0.7981, time 5803.82ms, mfu 7.18%
