Overriding config with config/hw1_rmsnorm.py:
# HW1 Q4 variant: rmsnorm. Same as train_shakespeare_char.py, one change only.
exec(open('config/train_shakespeare_char.py').read())
out_dir = 'out-hw1-rmsnorm'
compile = False # torch.compile needs triton, which isn't available on Windows/MPS
norm_type = 'rmsnorm'

tokens per iteration will be: 16,384
found vocab_size = 65 (inside data\shakespeare_char\meta.pkl)
Initializing a new model from scratch
number of parameters: 10.65M
D:\hw1\Gengerative-AI\train.py:201: FutureWarning: `torch.cuda.amp.GradScaler(args...)` is deprecated. Please use `torch.amp.GradScaler('cuda', args...)` instead.
  scaler = torch.cuda.amp.GradScaler(enabled=(dtype == 'float16'))
num decayed parameter tensors: 26, with 10,740,096 parameters
num non-decayed parameter tensors: 13, with 4,992 parameters
using fused AdamW: True
step 0: train loss 4.3725, val loss 4.3618
iter 0: loss 4.3396, time 5868.85ms, mfu -100.00%
iter 10: loss 3.1376, time 49.43ms, mfu 7.54%
iter 20: loss 2.7292, time 47.27ms, mfu 7.57%
iter 30: loss 2.6133, time 47.26ms, mfu 7.60%
iter 40: loss 2.5711, time 44.64ms, mfu 7.68%
iter 50: loss 2.5234, time 47.07ms, mfu 7.70%
iter 60: loss 2.5016, time 47.21ms, mfu 7.72%
iter 70: loss 2.4919, time 45.89ms, mfu 7.76%
iter 80: loss 2.4952, time 47.37ms, mfu 7.77%
iter 90: loss 2.4611, time 47.24ms, mfu 7.78%
iter 100: loss 2.4621, time 47.34ms, mfu 7.79%
iter 110: loss 2.4480, time 31.41ms, mfu 8.20%
iter 120: loss 2.4243, time 63.00ms, mfu 7.97%
iter 130: loss 2.4085, time 47.11ms, mfu 7.96%
iter 140: loss 2.3944, time 47.12ms, mfu 7.96%
iter 150: loss 2.4098, time 47.28ms, mfu 7.95%
iter 160: loss 2.3730, time 31.31ms, mfu 8.35%
iter 170: loss 2.3561, time 63.13ms, mfu 8.10%
iter 180: loss 2.3108, time 46.89ms, mfu 8.09%
iter 190: loss 2.2362, time 47.33ms, mfu 8.07%
iter 200: loss 2.2009, time 46.94ms, mfu 8.05%
iter 210: loss 2.1400, time 62.70ms, mfu 7.84%
iter 220: loss 2.1241, time 47.41ms, mfu 7.84%
iter 230: loss 2.0608, time 47.47ms, mfu 7.84%
iter 240: loss 2.0716, time 47.05ms, mfu 7.85%
step 250: train loss 1.9591, val loss 2.0686
saving checkpoint to out-hw1-rmsnorm
iter 250: loss 2.0279, time 5812.37ms, mfu 7.07%
iter 260: loss 1.9723, time 47.28ms, mfu 7.15%
iter 270: loss 1.9769, time 46.94ms, mfu 7.23%
iter 280: loss 1.9745, time 62.72ms, mfu 7.10%
iter 290: loss 1.9097, time 47.04ms, mfu 7.18%
iter 300: loss 1.8963, time 46.96ms, mfu 7.26%
iter 310: loss 1.8628, time 31.29ms, mfu 7.72%
iter 320: loss 1.8463, time 62.87ms, mfu 7.55%
iter 330: loss 1.8170, time 47.05ms, mfu 7.58%
iter 340: loss 1.7896, time 47.63ms, mfu 7.61%
iter 350: loss 1.8207, time 33.31ms, mfu 7.96%
iter 360: loss 1.7702, time 47.34ms, mfu 7.96%
iter 370: loss 1.7389, time 46.95ms, mfu 7.95%
iter 380: loss 1.7297, time 47.35ms, mfu 7.95%
iter 390: loss 1.7348, time 31.28ms, mfu 8.34%
iter 400: loss 1.7661, time 47.38ms, mfu 8.29%
iter 410: loss 1.6909, time 46.95ms, mfu 8.26%
iter 420: loss 1.7147, time 31.35ms, mfu 8.62%
iter 430: loss 1.6888, time 31.32ms, mfu 8.95%
iter 440: loss 1.6597, time 47.10ms, mfu 8.85%
iter 450: loss 1.6552, time 47.01ms, mfu 8.75%
iter 460: loss 1.5949, time 31.54ms, mfu 9.06%
iter 470: loss 1.6583, time 46.99ms, mfu 8.95%
iter 480: loss 1.6163, time 46.97ms, mfu 8.85%
iter 490: loss 1.6076, time 63.11ms, mfu 8.55%
step 500: train loss 1.5332, val loss 1.7456
saving checkpoint to out-hw1-rmsnorm
iter 500: loss 1.6062, time 5836.34ms, mfu 7.70%
iter 510: loss 1.6126, time 31.65ms, mfu 8.11%
iter 520: loss 1.5879, time 47.13ms, mfu 8.09%
iter 530: loss 1.5398, time 47.10ms, mfu 8.07%
iter 540: loss 1.6092, time 32.01ms, mfu 8.43%
iter 550: loss 1.5715, time 63.37ms, mfu 8.17%
iter 560: loss 1.5676, time 47.04ms, mfu 8.15%
iter 570: loss 1.5659, time 47.17ms, mfu 8.12%
iter 580: loss 1.5377, time 31.55ms, mfu 8.49%
iter 590: loss 1.4945, time 46.90ms, mfu 8.44%
iter 600: loss 1.5121, time 31.37ms, mfu 8.78%
iter 610: loss 1.5451, time 47.01ms, mfu 8.70%
iter 620: loss 1.5269, time 47.44ms, mfu 8.61%
iter 630: loss 1.5135, time 31.54ms, mfu 8.93%
iter 640: loss 1.4607, time 47.01ms, mfu 8.83%
iter 650: loss 1.4990, time 47.54ms, mfu 8.73%
iter 660: loss 1.4949, time 62.93ms, mfu 8.45%
iter 670: loss 1.4462, time 49.05ms, mfu 8.37%
iter 680: loss 1.5032, time 46.96ms, mfu 8.32%
iter 690: loss 1.4681, time 31.39ms, mfu 8.68%
iter 700: loss 1.4783, time 47.33ms, mfu 8.60%
iter 710: loss 1.4564, time 46.94ms, mfu 8.53%
iter 720: loss 1.4398, time 31.31ms, mfu 8.87%
iter 730: loss 1.4199, time 47.03ms, mfu 8.77%
iter 740: loss 1.4254, time 31.67ms, mfu 9.07%
step 750: train loss 1.3589, val loss 1.5893
saving checkpoint to out-hw1-rmsnorm
iter 750: loss 1.4220, time 5856.06ms, mfu 8.17%
iter 760: loss 1.4433, time 47.74ms, mfu 8.14%
iter 770: loss 1.4316, time 46.97ms, mfu 8.11%
iter 780: loss 1.4162, time 62.84ms, mfu 7.90%
iter 790: loss 1.4176, time 47.07ms, mfu 7.90%
iter 800: loss 1.4256, time 43.02ms, mfu 7.97%
iter 810: loss 1.3980, time 63.22ms, mfu 7.77%
iter 820: loss 1.4035, time 47.01ms, mfu 7.78%
iter 830: loss 1.3854, time 47.39ms, mfu 7.79%
iter 840: loss 1.3996, time 47.29ms, mfu 7.80%
iter 850: loss 1.3927, time 47.11ms, mfu 7.81%
iter 860: loss 1.3892, time 62.97ms, mfu 7.62%
iter 870: loss 1.3900, time 46.99ms, mfu 7.65%
iter 880: loss 1.3666, time 31.41ms, mfu 8.07%
iter 890: loss 1.3837, time 47.27ms, mfu 8.05%
iter 900: loss 1.3686, time 47.41ms, mfu 8.03%
iter 910: loss 1.3184, time 31.35ms, mfu 8.42%
iter 920: loss 1.3568, time 48.15ms, mfu 8.35%
iter 930: loss 1.3573, time 31.32ms, mfu 8.71%
iter 940: loss 1.3486, time 47.14ms, mfu 8.63%
iter 950: loss 1.3527, time 47.21ms, mfu 8.55%
iter 960: loss 1.3612, time 62.95ms, mfu 8.29%
iter 970: loss 1.3550, time 47.02ms, mfu 8.25%
iter 980: loss 1.3464, time 46.00ms, mfu 8.24%
iter 990: loss 1.3376, time 31.28ms, mfu 8.61%
step 1000: train loss 1.2735, val loss 1.5215
saving checkpoint to out-hw1-rmsnorm
iter 1000: loss 1.3319, time 5850.38ms, mfu 7.75%
iter 1010: loss 1.3298, time 63.53ms, mfu 7.56%
iter 1020: loss 1.3097, time 47.60ms, mfu 7.59%
iter 1030: loss 1.3277, time 47.18ms, mfu 7.62%
iter 1040: loss 1.3550, time 31.38ms, mfu 8.05%
iter 1050: loss 1.2900, time 47.27ms, mfu 8.03%
iter 1060: loss 1.3345, time 43.56ms, mfu 8.08%
iter 1070: loss 1.3306, time 31.57ms, mfu 8.45%
iter 1080: loss 1.3318, time 50.18ms, mfu 8.35%
iter 1090: loss 1.3522, time 63.17ms, mfu 8.11%
iter 1100: loss 1.3100, time 47.24ms, mfu 8.08%
iter 1110: loss 1.2899, time 47.18ms, mfu 8.07%
iter 1120: loss 1.2946, time 62.80ms, mfu 7.85%
iter 1130: loss 1.2912, time 47.59ms, mfu 7.85%
iter 1140: loss 1.3002, time 45.12ms, mfu 7.89%
iter 1150: loss 1.3007, time 31.34ms, mfu 8.29%
iter 1160: loss 1.3182, time 47.00ms, mfu 8.25%
iter 1170: loss 1.2952, time 31.30ms, mfu 8.62%
iter 1180: loss 1.3145, time 47.44ms, mfu 8.54%
iter 1190: loss 1.2638, time 47.60ms, mfu 8.47%
iter 1200: loss 1.2876, time 31.55ms, mfu 8.81%
iter 1210: loss 1.2653, time 47.42ms, mfu 8.71%
iter 1220: loss 1.2987, time 47.17ms, mfu 8.63%
iter 1230: loss 1.2940, time 31.75ms, mfu 8.94%
iter 1240: loss 1.3006, time 47.04ms, mfu 8.84%
step 1250: train loss 1.2021, val loss 1.4951
saving checkpoint to out-hw1-rmsnorm
iter 1250: loss 1.2674, time 5852.16ms, mfu 7.96%
iter 1260: loss 1.2776, time 47.50ms, mfu 7.95%
iter 1270: loss 1.2666, time 63.08ms, mfu 7.74%
iter 1280: loss 1.2582, time 47.55ms, mfu 7.75%
iter 1290: loss 1.2807, time 63.95ms, mfu 7.56%
iter 1300: loss 1.3017, time 47.11ms, mfu 7.60%
iter 1310: loss 1.2330, time 31.69ms, mfu 8.01%
iter 1320: loss 1.3003, time 47.44ms, mfu 8.00%
iter 1330: loss 1.2601, time 47.02ms, mfu 7.99%
iter 1340: loss 1.2969, time 62.16ms, mfu 7.79%
iter 1350: loss 1.2475, time 31.64ms, mfu 8.19%
iter 1360: loss 1.2733, time 47.32ms, mfu 8.16%
iter 1370: loss 1.2507, time 31.40ms, mfu 8.53%
iter 1380: loss 1.2560, time 47.45ms, mfu 8.46%
iter 1390: loss 1.2443, time 47.02ms, mfu 8.41%
iter 1400: loss 1.2581, time 31.84ms, mfu 8.74%
iter 1410: loss 1.2413, time 47.49ms, mfu 8.65%
iter 1420: loss 1.2681, time 47.47ms, mfu 8.57%
iter 1430: loss 1.2376, time 47.48ms, mfu 8.50%
iter 1440: loss 1.2447, time 46.94ms, mfu 8.44%
iter 1450: loss 1.2242, time 47.41ms, mfu 8.38%
iter 1460: loss 1.2358, time 55.42ms, mfu 8.22%
iter 1470: loss 1.2180, time 47.33ms, mfu 8.18%
iter 1480: loss 1.2075, time 41.21ms, mfu 8.27%
iter 1490: loss 1.2276, time 63.38ms, mfu 8.03%
step 1500: train loss 1.1505, val loss 1.4768
saving checkpoint to out-hw1-rmsnorm
iter 1500: loss 1.1913, time 5862.39ms, mfu 7.23%
iter 1510: loss 1.2269, time 47.11ms, mfu 7.30%
iter 1520: loss 1.2236, time 47.00ms, mfu 7.36%
iter 1530: loss 1.2570, time 47.01ms, mfu 7.42%
iter 1540: loss 1.1924, time 45.94ms, mfu 7.49%
iter 1550: loss 1.2235, time 38.36ms, mfu 7.71%
iter 1560: loss 1.2046, time 47.13ms, mfu 7.73%
iter 1570: loss 1.2366, time 40.82ms, mfu 7.87%
iter 1580: loss 1.1982, time 31.47ms, mfu 8.27%
iter 1590: loss 1.1903, time 47.29ms, mfu 8.23%
iter 1600: loss 1.1910, time 41.61ms, mfu 8.30%
iter 1610: loss 1.2311, time 46.89ms, mfu 8.27%
iter 1620: loss 1.1780, time 47.49ms, mfu 8.22%
iter 1630: loss 1.2005, time 55.36ms, mfu 8.07%
iter 1640: loss 1.1972, time 47.22ms, mfu 8.06%
iter 1650: loss 1.1768, time 43.88ms, mfu 8.10%
iter 1660: loss 1.2090, time 46.97ms, mfu 8.08%
iter 1670: loss 1.1924, time 31.52ms, mfu 8.46%
iter 1680: loss 1.2062, time 47.07ms, mfu 8.40%
iter 1690: loss 1.1973, time 63.15ms, mfu 8.15%
iter 1700: loss 1.1828, time 47.45ms, mfu 8.12%
iter 1710: loss 1.1807, time 47.38ms, mfu 8.10%
iter 1720: loss 1.1857, time 31.46ms, mfu 8.47%
iter 1730: loss 1.2020, time 47.22ms, mfu 8.41%
iter 1740: loss 1.1621, time 50.44ms, mfu 8.31%
step 1750: train loss 1.0995, val loss 1.4649
saving checkpoint to out-hw1-rmsnorm
iter 1750: loss 1.1843, time 5856.85ms, mfu 7.49%
iter 1760: loss 1.1788, time 46.99ms, mfu 7.53%
iter 1770: loss 1.1936, time 41.28ms, mfu 7.68%
iter 1780: loss 1.1833, time 55.28ms, mfu 7.59%
iter 1790: loss 1.1900, time 47.16ms, mfu 7.62%
iter 1800: loss 1.1815, time 37.46ms, mfu 7.85%
iter 1810: loss 1.1564, time 47.72ms, mfu 7.85%
iter 1820: loss 1.1722, time 44.80ms, mfu 7.89%
iter 1830: loss 1.1621, time 31.70ms, mfu 8.28%
iter 1840: loss 1.1581, time 47.68ms, mfu 8.23%
iter 1850: loss 1.1549, time 31.76ms, mfu 8.58%
iter 1860: loss 1.1668, time 31.50ms, mfu 8.91%
iter 1870: loss 1.1362, time 49.73ms, mfu 8.77%
iter 1880: loss 1.1748, time 31.57ms, mfu 9.07%
iter 1890: loss 1.1750, time 47.05ms, mfu 8.95%
iter 1900: loss 1.1279, time 47.03ms, mfu 8.85%
iter 1910: loss 1.1626, time 63.55ms, mfu 8.55%
iter 1920: loss 1.1687, time 47.42ms, mfu 8.48%
iter 1930: loss 1.1408, time 47.41ms, mfu 8.42%
iter 1940: loss 1.1220, time 62.97ms, mfu 8.17%
iter 1950: loss 1.1339, time 47.27ms, mfu 8.14%
iter 1960: loss 1.1490, time 62.62ms, mfu 7.92%
iter 1970: loss 1.1507, time 46.82ms, mfu 7.93%
iter 1980: loss 1.1481, time 47.28ms, mfu 7.92%
iter 1990: loss 1.1436, time 63.04ms, mfu 7.72%
step 2000: train loss 1.0529, val loss 1.4728
iter 2000: loss 1.1211, time 5770.32ms, mfu 6.95%
iter 2010: loss 1.1256, time 47.32ms, mfu 7.05%
iter 2020: loss 1.1151, time 63.62ms, mfu 6.93%
iter 2030: loss 1.1465, time 47.18ms, mfu 7.02%
iter 2040: loss 1.1289, time 47.11ms, mfu 7.11%
iter 2050: loss 1.1131, time 33.89ms, mfu 7.50%
iter 2060: loss 1.0962, time 45.10ms, mfu 7.58%
iter 2070: loss 1.1205, time 54.67ms, mfu 7.50%
iter 2080: loss 1.1215, time 47.00ms, mfu 7.54%
iter 2090: loss 1.1299, time 31.73ms, mfu 7.96%
iter 2100: loss 1.1298, time 62.93ms, mfu 7.76%
iter 2110: loss 1.1226, time 47.64ms, mfu 7.77%
iter 2120: loss 1.1189, time 47.11ms, mfu 7.78%
iter 2130: loss 1.1283, time 62.69ms, mfu 7.60%
iter 2140: loss 1.1282, time 46.93ms, mfu 7.63%
iter 2150: loss 1.1151, time 47.40ms, mfu 7.65%
iter 2160: loss 1.1408, time 47.17ms, mfu 7.68%
iter 2170: loss 1.1252, time 31.27ms, mfu 8.10%
iter 2180: loss 1.1053, time 47.05ms, mfu 8.08%
iter 2190: loss 1.1083, time 53.10ms, mfu 7.98%
iter 2200: loss 1.1167, time 47.42ms, mfu 7.97%
iter 2210: loss 1.1051, time 31.38ms, mfu 8.36%
iter 2220: loss 1.1097, time 47.36ms, mfu 8.31%
iter 2230: loss 1.1109, time 55.75ms, mfu 8.15%
iter 2240: loss 1.1262, time 47.09ms, mfu 8.12%
step 2250: train loss 1.0036, val loss 1.4805
iter 2250: loss 1.0978, time 5767.51ms, mfu 7.32%
iter 2260: loss 1.1056, time 46.96ms, mfu 7.38%
iter 2270: loss 1.1265, time 46.96ms, mfu 7.43%
iter 2280: loss 1.0869, time 47.37ms, mfu 7.48%
iter 2290: loss 1.1415, time 46.94ms, mfu 7.52%
iter 2300: loss 1.1146, time 47.45ms, mfu 7.56%
iter 2310: loss 1.0885, time 31.54ms, mfu 7.98%
iter 2320: loss 1.0868, time 45.43ms, mfu 8.00%
iter 2330: loss 1.0917, time 63.13ms, mfu 7.79%
iter 2340: loss 1.1115, time 47.40ms, mfu 7.80%
iter 2350: loss 1.1035, time 60.73ms, mfu 7.63%
iter 2360: loss 1.0978, time 46.93ms, mfu 7.66%
iter 2370: loss 1.0774, time 60.67ms, mfu 7.51%
iter 2380: loss 1.0688, time 46.94ms, mfu 7.55%
iter 2390: loss 1.0720, time 31.34ms, mfu 7.99%
iter 2400: loss 1.0694, time 46.94ms, mfu 7.98%
iter 2410: loss 1.0701, time 46.97ms, mfu 7.98%
iter 2420: loss 1.0682, time 63.01ms, mfu 7.77%
iter 2430: loss 1.0433, time 46.96ms, mfu 7.79%
iter 2440: loss 1.0434, time 31.33ms, mfu 8.20%
iter 2450: loss 1.0652, time 46.98ms, mfu 8.17%
iter 2460: loss 1.0722, time 47.14ms, mfu 8.15%
iter 2470: loss 1.0812, time 47.19ms, mfu 8.12%
iter 2480: loss 1.0803, time 46.94ms, mfu 8.10%
iter 2490: loss 1.0492, time 47.09ms, mfu 8.08%
step 2500: train loss 0.9526, val loss 1.4880
iter 2500: loss 1.0731, time 5772.81ms, mfu 7.28%
iter 2510: loss 1.0674, time 47.23ms, mfu 7.34%
iter 2520: loss 1.0433, time 31.33ms, mfu 7.80%
iter 2530: loss 1.0491, time 47.01ms, mfu 7.81%
iter 2540: loss 1.0457, time 31.36ms, mfu 8.22%
iter 2550: loss 1.0681, time 47.15ms, mfu 8.19%
iter 2560: loss 1.0469, time 62.93ms, mfu 7.96%
iter 2570: loss 1.0676, time 47.27ms, mfu 7.95%
iter 2580: loss 1.0716, time 46.97ms, mfu 7.95%
iter 2590: loss 1.0575, time 31.53ms, mfu 8.34%
iter 2600: loss 1.0637, time 47.08ms, mfu 8.30%
iter 2610: loss 1.0363, time 31.46ms, mfu 8.65%
iter 2620: loss 1.0334, time 46.97ms, mfu 8.58%
iter 2630: loss 1.0151, time 31.45ms, mfu 8.91%
iter 2640: loss 1.0389, time 46.99ms, mfu 8.81%
iter 2650: loss 1.0528, time 31.40ms, mfu 9.11%
iter 2660: loss 1.0365, time 47.18ms, mfu 8.99%
iter 2670: loss 1.0156, time 47.33ms, mfu 8.88%
iter 2680: loss 1.0440, time 31.59ms, mfu 9.17%
iter 2690: loss 1.0403, time 46.98ms, mfu 9.05%
iter 2700: loss 1.0257, time 63.95ms, mfu 8.73%
iter 2710: loss 1.0360, time 46.96ms, mfu 8.65%
iter 2720: loss 1.0318, time 47.42ms, mfu 8.57%
iter 2730: loss 1.0489, time 47.07ms, mfu 8.50%
iter 2740: loss 1.0149, time 47.08ms, mfu 8.44%
step 2750: train loss 0.9061, val loss 1.5030
iter 2750: loss 1.0348, time 5761.60ms, mfu 7.61%
iter 2760: loss 1.0211, time 47.04ms, mfu 7.64%
iter 2770: loss 1.0133, time 62.71ms, mfu 7.47%
iter 2780: loss 1.0152, time 45.39ms, mfu 7.54%
iter 2790: loss 1.0324, time 42.30ms, mfu 7.67%
iter 2800: loss 1.0017, time 47.07ms, mfu 7.69%
iter 2810: loss 1.0261, time 33.44ms, mfu 8.04%
iter 2820: loss 1.0114, time 47.17ms, mfu 8.02%
iter 2830: loss 1.0284, time 29.39ms, mfu 8.49%
iter 2840: loss 0.9861, time 47.27ms, mfu 8.43%
iter 2850: loss 1.0178, time 47.18ms, mfu 8.38%
iter 2860: loss 1.0120, time 47.07ms, mfu 8.33%
iter 2870: loss 0.9955, time 46.06ms, mfu 8.31%
iter 2880: loss 1.0229, time 31.29ms, mfu 8.67%
iter 2890: loss 0.9992, time 47.04ms, mfu 8.59%
iter 2900: loss 0.9831, time 63.03ms, mfu 8.32%
iter 2910: loss 1.0352, time 47.07ms, mfu 8.28%
iter 2920: loss 1.0047, time 62.63ms, mfu 8.05%
iter 2930: loss 0.9816, time 47.02ms, mfu 8.04%
iter 2940: loss 0.9787, time 31.30ms, mfu 8.42%
iter 2950: loss 1.0181, time 47.01ms, mfu 8.37%
iter 2960: loss 0.9936, time 31.49ms, mfu 8.72%
iter 2970: loss 0.9822, time 47.05ms, mfu 8.64%
iter 2980: loss 0.9890, time 31.39ms, mfu 8.96%
iter 2990: loss 0.9775, time 47.39ms, mfu 8.85%
step 3000: train loss 0.8580, val loss 1.5176
iter 3000: loss 0.9832, time 5778.16ms, mfu 7.97%
iter 3010: loss 0.9916, time 46.97ms, mfu 7.97%
iter 3020: loss 0.9916, time 31.41ms, mfu 8.36%
iter 3030: loss 0.9931, time 47.16ms, mfu 8.31%
iter 3040: loss 1.0201, time 63.19ms, mfu 8.07%
iter 3050: loss 0.9693, time 47.10ms, mfu 8.06%
iter 3060: loss 0.9939, time 47.43ms, mfu 8.04%
iter 3070: loss 1.0106, time 63.00ms, mfu 7.82%
iter 3080: loss 0.9884, time 47.06ms, mfu 7.83%
iter 3090: loss 0.9722, time 62.94ms, mfu 7.64%
iter 3100: loss 0.9840, time 47.01ms, mfu 7.67%
iter 3110: loss 0.9665, time 35.23ms, mfu 7.96%
iter 3120: loss 0.9807, time 47.46ms, mfu 7.95%
iter 3130: loss 0.9670, time 31.31ms, mfu 8.35%
iter 3140: loss 0.9623, time 47.43ms, mfu 8.30%
iter 3150: loss 0.9802, time 31.44ms, mfu 8.65%
iter 3160: loss 1.0050, time 44.88ms, mfu 8.62%
iter 3170: loss 0.9502, time 62.96ms, mfu 8.35%
iter 3180: loss 0.9661, time 47.03ms, mfu 8.30%
iter 3190: loss 0.9932, time 47.07ms, mfu 8.27%
iter 3200: loss 0.9536, time 47.08ms, mfu 8.23%
iter 3210: loss 0.9558, time 47.78ms, mfu 8.19%
iter 3220: loss 0.9488, time 62.79ms, mfu 7.96%
iter 3230: loss 0.9443, time 46.94ms, mfu 7.96%
iter 3240: loss 0.9557, time 62.69ms, mfu 7.76%
step 3250: train loss 0.8137, val loss 1.5607
iter 3250: loss 0.9631, time 5776.47ms, mfu 6.99%
iter 3260: loss 0.9582, time 63.26ms, mfu 6.88%
iter 3270: loss 0.9633, time 47.69ms, mfu 6.97%
iter 3280: loss 0.9435, time 62.93ms, mfu 6.87%
iter 3290: loss 0.9365, time 47.03ms, mfu 6.97%
iter 3300: loss 0.9304, time 31.35ms, mfu 7.46%
iter 3310: loss 0.9372, time 47.26ms, mfu 7.51%
iter 3320: loss 0.9601, time 47.29ms, mfu 7.54%
iter 3330: loss 0.9531, time 47.12ms, mfu 7.58%
iter 3340: loss 0.9424, time 31.33ms, mfu 8.01%
iter 3350: loss 0.9515, time 47.08ms, mfu 8.00%
iter 3360: loss 0.9262, time 62.91ms, mfu 7.79%
iter 3370: loss 0.9483, time 47.25ms, mfu 7.80%
iter 3380: loss 0.9390, time 32.40ms, mfu 8.17%
iter 3390: loss 0.9347, time 43.21ms, mfu 8.22%
iter 3400: loss 0.9457, time 31.35ms, mfu 8.58%
iter 3410: loss 0.9322, time 47.04ms, mfu 8.52%
iter 3420: loss 0.9365, time 63.18ms, mfu 8.26%
iter 3430: loss 0.9431, time 47.30ms, mfu 8.22%
iter 3440: loss 0.9659, time 46.94ms, mfu 8.19%
iter 3450: loss 0.9336, time 31.46ms, mfu 8.56%
iter 3460: loss 0.9354, time 47.17ms, mfu 8.49%
iter 3470: loss 0.9306, time 47.10ms, mfu 8.43%
iter 3480: loss 0.9385, time 47.35ms, mfu 8.38%
iter 3490: loss 0.9089, time 31.58ms, mfu 8.72%
step 3500: train loss 0.7703, val loss 1.5713
iter 3500: loss 0.8994, time 5767.75ms, mfu 7.85%
iter 3510: loss 0.9035, time 31.34ms, mfu 8.26%
iter 3520: loss 0.9207, time 47.23ms, mfu 8.22%
iter 3530: loss 0.9332, time 31.52ms, mfu 8.58%
iter 3540: loss 0.9223, time 47.49ms, mfu 8.51%
iter 3550: loss 0.9221, time 63.16ms, mfu 8.25%
iter 3560: loss 0.9427, time 51.51ms, mfu 8.14%
iter 3570: loss 0.9158, time 52.92ms, mfu 8.03%
iter 3580: loss 0.9113, time 50.79ms, mfu 7.96%
iter 3590: loss 0.9159, time 62.90ms, mfu 7.76%
iter 3600: loss 0.9121, time 47.21ms, mfu 7.77%
iter 3610: loss 0.9074, time 31.80ms, mfu 8.17%
iter 3620: loss 0.8978, time 45.29ms, mfu 8.17%
iter 3630: loss 0.9201, time 63.13ms, mfu 7.95%
iter 3640: loss 0.9065, time 47.41ms, mfu 7.94%
iter 3650: loss 0.8937, time 46.99ms, mfu 7.94%
iter 3660: loss 0.9319, time 31.61ms, mfu 8.32%
iter 3670: loss 0.9234, time 47.77ms, mfu 8.27%
iter 3680: loss 0.9004, time 31.50ms, mfu 8.63%
iter 3690: loss 0.9302, time 47.03ms, mfu 8.56%
iter 3700: loss 0.8594, time 47.38ms, mfu 8.49%
iter 3710: loss 0.8756, time 62.95ms, mfu 8.23%
iter 3720: loss 0.8912, time 47.18ms, mfu 8.20%
iter 3730: loss 0.8971, time 62.67ms, mfu 7.97%
iter 3740: loss 0.9020, time 47.11ms, mfu 7.97%
step 3750: train loss 0.7311, val loss 1.5982
iter 3750: loss 0.8905, time 5777.70ms, mfu 7.18%
iter 3760: loss 0.9260, time 31.44ms, mfu 7.64%
iter 3770: loss 0.9242, time 47.36ms, mfu 7.67%
iter 3780: loss 0.9139, time 62.76ms, mfu 7.49%
iter 3790: loss 0.8882, time 47.39ms, mfu 7.53%
iter 3800: loss 0.9039, time 56.93ms, mfu 7.43%
iter 3810: loss 0.9199, time 47.33ms, mfu 7.48%
iter 3820: loss 0.8763, time 63.11ms, mfu 7.32%
iter 3830: loss 0.8872, time 49.36ms, mfu 7.34%
iter 3840: loss 0.8823, time 37.97ms, mfu 7.59%
iter 3850: loss 0.8828, time 47.20ms, mfu 7.62%
iter 3860: loss 0.8618, time 47.29ms, mfu 7.65%
iter 3870: loss 0.8830, time 31.33ms, mfu 8.07%
iter 3880: loss 0.8783, time 47.02ms, mfu 8.06%
iter 3890: loss 0.8818, time 31.51ms, mfu 8.43%
iter 3900: loss 0.8869, time 47.04ms, mfu 8.38%
iter 3910: loss 0.8767, time 62.68ms, mfu 8.14%
iter 3920: loss 0.8675, time 47.49ms, mfu 8.11%
iter 3930: loss 0.8855, time 31.50ms, mfu 8.48%
iter 3940: loss 0.8744, time 46.98ms, mfu 8.43%
iter 3950: loss 0.8791, time 31.71ms, mfu 8.76%
iter 3960: loss 0.8950, time 47.00ms, mfu 8.68%
iter 3970: loss 0.8862, time 31.70ms, mfu 8.98%
iter 3980: loss 0.8873, time 46.98ms, mfu 8.88%
iter 3990: loss 0.8593, time 31.95ms, mfu 9.16%
step 4000: train loss 0.6975, val loss 1.6200
iter 4000: loss 0.8578, time 5760.48ms, mfu 8.25%
iter 4010: loss 0.8718, time 63.44ms, mfu 8.01%
iter 4020: loss 0.8782, time 47.20ms, mfu 8.00%
iter 4030: loss 0.8742, time 31.28ms, mfu 8.39%
iter 4040: loss 0.8682, time 46.99ms, mfu 8.34%
iter 4050: loss 0.8579, time 31.58ms, mfu 8.69%
iter 4060: loss 0.8537, time 47.14ms, mfu 8.61%
iter 4070: loss 0.8482, time 47.32ms, mfu 8.54%
iter 4080: loss 0.8737, time 47.00ms, mfu 8.48%
iter 4090: loss 0.8447, time 46.99ms, mfu 8.42%
iter 4100: loss 0.8882, time 47.22ms, mfu 8.37%
iter 4110: loss 0.8608, time 63.38ms, mfu 8.12%
iter 4120: loss 0.8721, time 49.43ms, mfu 8.06%
iter 4130: loss 0.8472, time 31.29ms, mfu 8.45%
iter 4140: loss 0.8717, time 47.09ms, mfu 8.39%
iter 4150: loss 0.8580, time 31.36ms, mfu 8.74%
iter 4160: loss 0.8547, time 47.02ms, mfu 8.66%
iter 4170: loss 0.8664, time 31.28ms, mfu 8.99%
iter 4180: loss 0.8539, time 47.96ms, mfu 8.86%
iter 4190: loss 0.8609, time 63.01ms, mfu 8.57%
iter 4200: loss 0.8406, time 46.94ms, mfu 8.51%
iter 4210: loss 0.8659, time 31.46ms, mfu 8.84%
iter 4220: loss 0.8519, time 46.98ms, mfu 8.75%
iter 4230: loss 0.8757, time 31.29ms, mfu 9.06%
iter 4240: loss 0.8536, time 47.17ms, mfu 8.95%
step 4250: train loss 0.6673, val loss 1.6417
iter 4250: loss 0.8628, time 5775.82ms, mfu 8.06%
iter 4260: loss 0.8565, time 47.03ms, mfu 8.05%
iter 4270: loss 0.8521, time 47.36ms, mfu 8.03%
iter 4280: loss 0.8417, time 46.96ms, mfu 8.02%
iter 4290: loss 0.8238, time 47.16ms, mfu 8.01%
iter 4300: loss 0.8211, time 47.43ms, mfu 7.99%
iter 4310: loss 0.8433, time 47.43ms, mfu 7.98%
iter 4320: loss 0.8307, time 47.13ms, mfu 7.97%
iter 4330: loss 0.8485, time 47.42ms, mfu 7.96%
iter 4340: loss 0.8154, time 46.95ms, mfu 7.96%
iter 4350: loss 0.8310, time 47.24ms, mfu 7.95%
iter 4360: loss 0.8495, time 47.93ms, mfu 7.93%
iter 4370: loss 0.8432, time 46.90ms, mfu 7.93%
iter 4380: loss 0.8267, time 31.51ms, mfu 8.32%
iter 4390: loss 0.8603, time 47.14ms, mfu 8.28%
iter 4400: loss 0.8264, time 63.15ms, mfu 8.04%
iter 4410: loss 0.8539, time 47.08ms, mfu 8.03%
iter 4420: loss 0.8413, time 31.31ms, mfu 8.42%
iter 4430: loss 0.8337, time 47.60ms, mfu 8.36%
iter 4440: loss 0.8319, time 31.55ms, mfu 8.70%
iter 4450: loss 0.8341, time 47.34ms, mfu 8.62%
iter 4460: loss 0.8195, time 31.28ms, mfu 8.95%
iter 4470: loss 0.8444, time 47.05ms, mfu 8.85%
iter 4480: loss 0.8144, time 63.34ms, mfu 8.55%
iter 4490: loss 0.8381, time 46.99ms, mfu 8.49%
step 4500: train loss 0.6404, val loss 1.6676
iter 4500: loss 0.8461, time 5752.97ms, mfu 7.65%
iter 4510: loss 0.8460, time 62.63ms, mfu 7.48%
iter 4520: loss 0.8301, time 46.94ms, mfu 7.52%
iter 4530: loss 0.8361, time 31.66ms, mfu 7.95%
iter 4540: loss 0.8376, time 47.06ms, mfu 7.94%
iter 4550: loss 0.8634, time 42.24ms, mfu 8.03%
iter 4560: loss 0.8231, time 46.92ms, mfu 8.02%
iter 4570: loss 0.8339, time 63.28ms, mfu 7.81%
iter 4580: loss 0.8469, time 47.02ms, mfu 7.82%
iter 4590: loss 0.8567, time 62.85ms, mfu 7.63%
iter 4600: loss 0.8108, time 47.30ms, mfu 7.66%
iter 4610: loss 0.8599, time 31.76ms, mfu 8.06%
iter 4620: loss 0.8216, time 47.04ms, mfu 8.05%
iter 4630: loss 0.8102, time 31.62ms, mfu 8.42%
iter 4640: loss 0.8303, time 47.50ms, mfu 8.37%
iter 4650: loss 0.8593, time 31.36ms, mfu 8.72%
iter 4660: loss 0.8318, time 47.29ms, mfu 8.63%
iter 4670: loss 0.8298, time 47.32ms, mfu 8.56%
iter 4680: loss 0.8480, time 47.09ms, mfu 8.49%
iter 4690: loss 0.8267, time 48.06ms, mfu 8.42%
iter 4700: loss 0.8184, time 63.15ms, mfu 8.17%
iter 4710: loss 0.7762, time 47.51ms, mfu 8.14%
iter 4720: loss 0.8229, time 63.02ms, mfu 7.91%
iter 4730: loss 0.8178, time 47.35ms, mfu 7.91%
iter 4740: loss 0.8276, time 31.68ms, mfu 8.29%
step 4750: train loss 0.6239, val loss 1.6777
iter 4750: loss 0.7968, time 5776.96ms, mfu 7.47%
iter 4760: loss 0.8044, time 31.32ms, mfu 7.91%
iter 4770: loss 0.7899, time 47.44ms, mfu 7.91%
iter 4780: loss 0.8039, time 47.03ms, mfu 7.91%
iter 4790: loss 0.8199, time 47.00ms, mfu 7.91%
iter 4800: loss 0.8198, time 48.25ms, mfu 7.89%
iter 4810: loss 0.8343, time 47.24ms, mfu 7.89%
iter 4820: loss 0.8119, time 47.05ms, mfu 7.89%
iter 4830: loss 0.8174, time 47.05ms, mfu 7.90%
iter 4840: loss 0.8224, time 31.40ms, mfu 8.29%
iter 4850: loss 0.8194, time 47.30ms, mfu 8.25%
iter 4860: loss 0.8090, time 31.59ms, mfu 8.61%
iter 4870: loss 0.7874, time 47.28ms, mfu 8.53%
iter 4880: loss 0.8215, time 62.01ms, mfu 8.28%
iter 4890: loss 0.8009, time 47.04ms, mfu 8.25%
iter 4900: loss 0.8017, time 62.81ms, mfu 8.01%
iter 4910: loss 0.8239, time 46.95ms, mfu 8.01%
iter 4920: loss 0.8137, time 60.72ms, mfu 7.82%
iter 4930: loss 0.7865, time 47.17ms, mfu 7.83%
iter 4940: loss 0.7852, time 63.24ms, mfu 7.63%
iter 4950: loss 0.8122, time 47.31ms, mfu 7.66%
iter 4960: loss 0.8193, time 63.39ms, mfu 7.48%
iter 4970: loss 0.7778, time 46.95ms, mfu 7.53%
iter 4980: loss 0.7855, time 47.47ms, mfu 7.56%
iter 4990: loss 0.8122, time 46.95ms, mfu 7.60%
step 5000: train loss 0.6093, val loss 1.6998
iter 5000: loss 0.8079, time 5892.05ms, mfu 6.84%
