Overriding config with config/hw1_rope.py:
# HW1 Q4 variant: rope. Same as train_shakespeare_char.py, one change only.
exec(open('config/train_shakespeare_char.py').read())
out_dir = 'out-hw1-rope'
compile = False # torch.compile needs triton, which isn't available on Windows/MPS
pos_enc = 'rope'

tokens per iteration will be: 16,384
found vocab_size = 65 (inside data\shakespeare_char\meta.pkl)
Initializing a new model from scratch
number of parameters: 10.65M
D:\hw1\Gengerative-AI\train.py:201: FutureWarning: `torch.cuda.amp.GradScaler(args...)` is deprecated. Please use `torch.amp.GradScaler('cuda', args...)` instead.
  scaler = torch.cuda.amp.GradScaler(enabled=(dtype == 'float16'))
num decayed parameter tensors: 25, with 10,641,792 parameters
num non-decayed parameter tensors: 13, with 4,992 parameters
using fused AdamW: True
step 0: train loss 4.1935, val loss 4.2004
iter 0: loss 4.2170, time 6930.59ms, mfu -100.00%
iter 10: loss 3.0463, time 47.27ms, mfu 7.88%
iter 20: loss 2.6891, time 47.32ms, mfu 7.88%
iter 30: loss 2.5596, time 47.25ms, mfu 7.88%
iter 40: loss 2.4958, time 63.30ms, mfu 7.68%
iter 50: loss 2.4179, time 63.13ms, mfu 7.51%
iter 60: loss 2.3135, time 47.32ms, mfu 7.54%
iter 70: loss 2.2657, time 47.19ms, mfu 7.58%
iter 80: loss 2.1855, time 47.57ms, mfu 7.60%
iter 90: loss 2.1295, time 47.32ms, mfu 7.63%
iter 100: loss 2.0717, time 47.76ms, mfu 7.65%
iter 110: loss 2.0438, time 47.04ms, mfu 7.67%
iter 120: loss 2.0086, time 61.86ms, mfu 7.51%
iter 130: loss 1.9260, time 63.16ms, mfu 7.35%
iter 140: loss 1.9302, time 47.30ms, mfu 7.40%
iter 150: loss 1.8900, time 47.70ms, mfu 7.44%
iter 160: loss 1.8555, time 47.38ms, mfu 7.48%
iter 170: loss 1.8103, time 47.45ms, mfu 7.52%
iter 180: loss 1.8162, time 47.70ms, mfu 7.55%
iter 190: loss 1.7889, time 47.31ms, mfu 7.58%
iter 200: loss 1.7504, time 47.39ms, mfu 7.61%
iter 210: loss 1.7179, time 31.43ms, mfu 8.04%
iter 220: loss 1.7434, time 62.87ms, mfu 7.82%
iter 230: loss 1.7065, time 31.38ms, mfu 8.23%
iter 240: loss 1.6828, time 47.35ms, mfu 8.19%
step 250: train loss 1.5835, val loss 1.7614
saving checkpoint to out-hw1-rope
iter 250: loss 1.6580, time 6889.82ms, mfu 7.38%
iter 260: loss 1.6249, time 47.17ms, mfu 7.43%
iter 270: loss 1.6434, time 47.38ms, mfu 7.48%
iter 280: loss 1.6718, time 47.41ms, mfu 7.51%
iter 290: loss 1.6264, time 47.75ms, mfu 7.54%
iter 300: loss 1.6372, time 47.05ms, mfu 7.58%
iter 310: loss 1.5907, time 47.41ms, mfu 7.61%
iter 320: loss 1.5911, time 47.26ms, mfu 7.64%
iter 330: loss 1.5598, time 47.38ms, mfu 7.66%
iter 340: loss 1.5613, time 47.00ms, mfu 7.69%
iter 350: loss 1.5606, time 47.32ms, mfu 7.70%
iter 360: loss 1.5621, time 47.69ms, mfu 7.72%
iter 370: loss 1.5575, time 47.41ms, mfu 7.73%
iter 380: loss 1.5363, time 47.35ms, mfu 7.74%
iter 390: loss 1.5218, time 47.61ms, mfu 7.75%
iter 400: loss 1.4771, time 63.76ms, mfu 7.56%
iter 410: loss 1.5165, time 45.32ms, mfu 7.63%
iter 420: loss 1.4561, time 44.64ms, mfu 7.70%
iter 430: loss 1.4598, time 50.02ms, mfu 7.67%
iter 440: loss 1.5046, time 47.55ms, mfu 7.69%
iter 450: loss 1.4799, time 50.83ms, mfu 7.65%
iter 460: loss 1.4261, time 50.27ms, mfu 7.63%
iter 470: loss 1.4311, time 51.03ms, mfu 7.60%
iter 480: loss 1.4504, time 47.34ms, mfu 7.62%
iter 490: loss 1.4428, time 47.27ms, mfu 7.65%
step 500: train loss 1.3575, val loss 1.5841
saving checkpoint to out-hw1-rope
iter 500: loss 1.4979, time 6907.41ms, mfu 6.89%
iter 510: loss 1.4477, time 47.34ms, mfu 6.99%
iter 520: loss 1.4315, time 50.31ms, mfu 7.03%
iter 530: loss 1.4299, time 50.97ms, mfu 7.06%
iter 540: loss 1.4201, time 49.96ms, mfu 7.10%
iter 550: loss 1.4203, time 47.01ms, mfu 7.18%
iter 560: loss 1.3980, time 37.07ms, mfu 7.47%
iter 570: loss 1.4045, time 47.24ms, mfu 7.51%
iter 580: loss 1.3947, time 58.12ms, mfu 7.40%
iter 590: loss 1.4243, time 45.10ms, mfu 7.49%
iter 600: loss 1.3939, time 54.12ms, mfu 7.43%
iter 610: loss 1.3508, time 58.98ms, mfu 7.32%
iter 620: loss 1.3811, time 47.17ms, mfu 7.37%
iter 630: loss 1.3870, time 47.35ms, mfu 7.42%
iter 640: loss 1.3778, time 45.04ms, mfu 7.51%
iter 650: loss 1.3765, time 47.22ms, mfu 7.55%
iter 660: loss 1.3289, time 48.83ms, mfu 7.56%
iter 670: loss 1.3534, time 47.03ms, mfu 7.59%
iter 680: loss 1.3123, time 51.90ms, mfu 7.55%
iter 690: loss 1.3423, time 63.37ms, mfu 7.38%
iter 700: loss 1.3067, time 50.35ms, mfu 7.39%
iter 710: loss 1.3216, time 37.83ms, mfu 7.63%
iter 720: loss 1.3411, time 56.91ms, mfu 7.52%
iter 730: loss 1.3558, time 47.39ms, mfu 7.56%
iter 740: loss 1.3259, time 63.16ms, mfu 7.39%
step 750: train loss 1.2587, val loss 1.5203
saving checkpoint to out-hw1-rope
iter 750: loss 1.2989, time 6947.71ms, mfu 6.66%
iter 760: loss 1.3319, time 51.60ms, mfu 6.71%
iter 770: loss 1.3084, time 51.09ms, mfu 6.77%
iter 780: loss 1.2875, time 48.78ms, mfu 6.86%
iter 790: loss 1.3272, time 59.29ms, mfu 6.80%
iter 800: loss 1.2860, time 58.20ms, mfu 6.76%
iter 810: loss 1.2953, time 51.80ms, mfu 6.80%
iter 820: loss 1.3112, time 50.10ms, mfu 6.87%
iter 830: loss 1.2616, time 51.33ms, mfu 6.91%
iter 840: loss 1.2772, time 59.77ms, mfu 6.84%
iter 850: loss 1.3098, time 31.81ms, mfu 7.33%
iter 860: loss 1.2798, time 43.00ms, mfu 7.46%
iter 870: loss 1.2744, time 31.44ms, mfu 7.90%
iter 880: loss 1.2762, time 47.47ms, mfu 7.90%
iter 890: loss 1.2985, time 47.14ms, mfu 7.90%
iter 900: loss 1.2770, time 32.08ms, mfu 8.27%
iter 910: loss 1.2883, time 63.09ms, mfu 8.03%
iter 920: loss 1.2683, time 47.39ms, mfu 8.02%
iter 930: loss 1.2789, time 31.70ms, mfu 8.39%
iter 940: loss 1.2728, time 29.59ms, mfu 8.81%
iter 950: loss 1.2195, time 47.73ms, mfu 8.71%
iter 960: loss 1.2506, time 47.44ms, mfu 8.62%
iter 970: loss 1.2745, time 51.58ms, mfu 8.48%
iter 980: loss 1.2714, time 47.06ms, mfu 8.43%
iter 990: loss 1.2668, time 47.29ms, mfu 8.37%
step 1000: train loss 1.1843, val loss 1.4738
saving checkpoint to out-hw1-rope
iter 1000: loss 1.2620, time 6931.72ms, mfu 7.54%
iter 1010: loss 1.2387, time 47.05ms, mfu 7.58%
iter 1020: loss 1.2433, time 53.29ms, mfu 7.52%
iter 1030: loss 1.2393, time 47.61ms, mfu 7.55%
iter 1040: loss 1.2180, time 31.73ms, mfu 7.97%
iter 1050: loss 1.2585, time 62.97ms, mfu 7.76%
iter 1060: loss 1.2470, time 62.73ms, mfu 7.58%
iter 1070: loss 1.2486, time 47.22ms, mfu 7.61%
iter 1080: loss 1.2654, time 51.96ms, mfu 7.57%
iter 1090: loss 1.2502, time 47.05ms, mfu 7.60%
iter 1100: loss 1.2254, time 62.75ms, mfu 7.44%
iter 1110: loss 1.2320, time 47.05ms, mfu 7.49%
iter 1120: loss 1.2365, time 43.44ms, mfu 7.59%
iter 1130: loss 1.2039, time 47.28ms, mfu 7.62%
iter 1140: loss 1.2324, time 47.27ms, mfu 7.65%
iter 1150: loss 1.2661, time 63.75ms, mfu 7.47%
iter 1160: loss 1.2207, time 47.15ms, mfu 7.51%
iter 1170: loss 1.2202, time 48.11ms, mfu 7.54%
iter 1180: loss 1.2155, time 62.67ms, mfu 7.38%
iter 1190: loss 1.2362, time 47.40ms, mfu 7.43%
iter 1200: loss 1.2256, time 47.25ms, mfu 7.47%
iter 1210: loss 1.2062, time 47.29ms, mfu 7.51%
iter 1220: loss 1.2109, time 47.05ms, mfu 7.55%
iter 1230: loss 1.1643, time 47.42ms, mfu 7.58%
iter 1240: loss 1.1951, time 62.94ms, mfu 7.42%
step 1250: train loss 1.1270, val loss 1.4801
iter 1250: loss 1.1994, time 6842.60ms, mfu 6.68%
iter 1260: loss 1.2181, time 41.92ms, mfu 6.90%
iter 1270: loss 1.1871, time 47.23ms, mfu 7.00%
iter 1280: loss 1.2173, time 47.21ms, mfu 7.09%
iter 1290: loss 1.1953, time 47.08ms, mfu 7.17%
iter 1300: loss 1.1743, time 47.72ms, mfu 7.24%
iter 1310: loss 1.1953, time 61.07ms, mfu 7.12%
iter 1320: loss 1.1850, time 63.04ms, mfu 7.00%
iter 1330: loss 1.1750, time 46.93ms, mfu 7.10%
iter 1340: loss 1.1960, time 47.05ms, mfu 7.18%
iter 1350: loss 1.1620, time 63.25ms, mfu 7.05%
iter 1360: loss 1.1816, time 63.14ms, mfu 6.93%
iter 1370: loss 1.1979, time 47.23ms, mfu 7.03%
iter 1380: loss 1.1529, time 47.12ms, mfu 7.12%
iter 1390: loss 1.1617, time 47.42ms, mfu 7.19%
iter 1400: loss 1.1718, time 62.82ms, mfu 7.07%
iter 1410: loss 1.1854, time 63.42ms, mfu 6.95%
iter 1420: loss 1.1799, time 48.13ms, mfu 7.03%
iter 1430: loss 1.1688, time 47.38ms, mfu 7.11%
iter 1440: loss 1.1742, time 62.91ms, mfu 6.99%
iter 1450: loss 1.1508, time 47.61ms, mfu 7.07%
iter 1460: loss 1.1416, time 47.35ms, mfu 7.15%
iter 1470: loss 1.1613, time 45.02ms, mfu 7.27%
iter 1480: loss 1.1596, time 51.90ms, mfu 7.26%
iter 1490: loss 1.1900, time 47.08ms, mfu 7.32%
step 1500: train loss 1.0796, val loss 1.4676
saving checkpoint to out-hw1-rope
iter 1500: loss 1.1405, time 6930.56ms, mfu 6.60%
iter 1510: loss 1.1636, time 47.03ms, mfu 6.73%
iter 1520: loss 1.1507, time 62.88ms, mfu 6.65%
iter 1530: loss 1.1423, time 47.65ms, mfu 6.77%
iter 1540: loss 1.1638, time 46.99ms, mfu 6.88%
iter 1550: loss 1.1386, time 47.36ms, mfu 6.98%
iter 1560: loss 1.1669, time 62.95ms, mfu 6.87%
iter 1570: loss 1.1636, time 47.46ms, mfu 6.97%
iter 1580: loss 1.1234, time 47.34ms, mfu 7.06%
iter 1590: loss 1.1250, time 63.06ms, mfu 6.95%
iter 1600: loss 1.0828, time 63.07ms, mfu 6.84%
iter 1610: loss 1.1212, time 47.60ms, mfu 6.94%
iter 1620: loss 1.1193, time 46.94ms, mfu 7.04%
iter 1630: loss 1.1420, time 38.31ms, mfu 7.31%
iter 1640: loss 1.1498, time 37.22ms, mfu 7.58%
iter 1650: loss 1.1470, time 63.39ms, mfu 7.41%
iter 1660: loss 1.1227, time 45.33ms, mfu 7.49%
iter 1670: loss 1.1593, time 49.15ms, mfu 7.50%
iter 1680: loss 1.1391, time 47.80ms, mfu 7.53%
iter 1690: loss 1.1133, time 63.72ms, mfu 7.36%
iter 1700: loss 1.1262, time 63.22ms, mfu 7.21%
iter 1710: loss 1.1149, time 47.56ms, mfu 7.28%
iter 1720: loss 1.1265, time 47.20ms, mfu 7.34%
iter 1730: loss 1.0906, time 47.34ms, mfu 7.39%
iter 1740: loss 1.1030, time 47.11ms, mfu 7.44%
step 1750: train loss 1.0235, val loss 1.4674
saving checkpoint to out-hw1-rope
iter 1750: loss 1.1169, time 6945.51ms, mfu 6.70%
iter 1760: loss 1.1366, time 46.98ms, mfu 6.83%
iter 1770: loss 1.1065, time 31.58ms, mfu 7.32%
iter 1780: loss 1.1201, time 47.15ms, mfu 7.38%
iter 1790: loss 1.1114, time 47.14ms, mfu 7.43%
iter 1800: loss 1.1083, time 58.90ms, mfu 7.32%
iter 1810: loss 1.1106, time 47.52ms, mfu 7.38%
iter 1820: loss 1.1324, time 47.23ms, mfu 7.43%
iter 1830: loss 1.0758, time 63.01ms, mfu 7.28%
iter 1840: loss 1.0753, time 47.13ms, mfu 7.34%
iter 1850: loss 1.1141, time 47.08ms, mfu 7.40%
iter 1860: loss 1.1227, time 49.02ms, mfu 7.42%
iter 1870: loss 1.0572, time 47.19ms, mfu 7.46%
iter 1880: loss 1.1247, time 50.07ms, mfu 7.46%
iter 1890: loss 1.0763, time 32.04ms, mfu 7.88%
iter 1900: loss 1.1091, time 46.96ms, mfu 7.88%
iter 1910: loss 1.1068, time 49.62ms, mfu 7.85%
iter 1920: loss 1.0958, time 47.28ms, mfu 7.85%
iter 1930: loss 1.0823, time 31.66ms, mfu 8.24%
iter 1940: loss 1.0815, time 47.45ms, mfu 8.20%
iter 1950: loss 1.1000, time 47.95ms, mfu 8.16%
iter 1960: loss 1.0664, time 47.29ms, mfu 8.13%
iter 1970: loss 1.0956, time 51.60ms, mfu 8.04%
iter 1980: loss 1.1025, time 31.83ms, mfu 8.41%
iter 1990: loss 1.0911, time 47.14ms, mfu 8.36%
step 2000: train loss 0.9710, val loss 1.4928
iter 2000: loss 1.1168, time 6859.66ms, mfu 7.53%
iter 2010: loss 1.0891, time 47.56ms, mfu 7.56%
iter 2020: loss 1.0735, time 47.79ms, mfu 7.58%
iter 2030: loss 1.0875, time 63.14ms, mfu 7.41%
iter 2040: loss 1.0494, time 63.37ms, mfu 7.26%
iter 2050: loss 1.0746, time 47.31ms, mfu 7.32%
iter 2060: loss 1.0699, time 49.43ms, mfu 7.34%
iter 2070: loss 1.0609, time 47.59ms, mfu 7.39%
iter 2080: loss 1.0673, time 63.23ms, mfu 7.24%
iter 2090: loss 1.0627, time 49.82ms, mfu 7.27%
iter 2100: loss 1.0843, time 47.45ms, mfu 7.32%
iter 2110: loss 1.0969, time 47.17ms, mfu 7.38%
iter 2120: loss 1.0612, time 31.60ms, mfu 7.82%
iter 2130: loss 1.0469, time 56.69ms, mfu 7.70%
iter 2140: loss 1.0538, time 47.34ms, mfu 7.72%
iter 2150: loss 1.0614, time 47.71ms, mfu 7.73%
iter 2160: loss 1.0453, time 37.72ms, mfu 7.94%
iter 2170: loss 1.0397, time 47.28ms, mfu 7.93%
iter 2180: loss 1.0388, time 47.15ms, mfu 7.93%
iter 2190: loss 1.0433, time 63.24ms, mfu 7.73%
iter 2200: loss 1.0353, time 37.96ms, mfu 7.94%
iter 2210: loss 1.0333, time 38.22ms, mfu 8.12%
iter 2220: loss 1.0328, time 47.29ms, mfu 8.09%
iter 2230: loss 1.0340, time 47.62ms, mfu 8.07%
iter 2240: loss 1.0267, time 63.49ms, mfu 7.85%
step 2250: train loss 0.9227, val loss 1.4946
iter 2250: loss 1.0268, time 6868.21ms, mfu 7.07%
iter 2260: loss 1.0149, time 47.51ms, mfu 7.15%
iter 2270: loss 1.0325, time 47.77ms, mfu 7.21%
iter 2280: loss 1.0320, time 65.47ms, mfu 7.06%
iter 2290: loss 1.0265, time 47.36ms, mfu 7.14%
iter 2300: loss 1.0147, time 47.82ms, mfu 7.21%
iter 2310: loss 1.0512, time 47.43ms, mfu 7.27%
iter 2320: loss 1.0194, time 51.19ms, mfu 7.27%
iter 2330: loss 1.0270, time 47.53ms, mfu 7.33%
iter 2340: loss 1.0195, time 31.62ms, mfu 7.77%
iter 2350: loss 1.0223, time 55.30ms, mfu 7.67%
iter 2360: loss 1.0258, time 63.28ms, mfu 7.49%
iter 2370: loss 1.0280, time 46.95ms, mfu 7.54%
iter 2380: loss 1.0250, time 62.96ms, mfu 7.37%
iter 2390: loss 1.0322, time 47.19ms, mfu 7.43%
iter 2400: loss 1.0147, time 47.14ms, mfu 7.47%
iter 2410: loss 1.0243, time 46.96ms, mfu 7.52%
iter 2420: loss 1.0147, time 63.17ms, mfu 7.36%
iter 2430: loss 1.0052, time 47.51ms, mfu 7.41%
iter 2440: loss 0.9915, time 47.65ms, mfu 7.45%
iter 2450: loss 0.9769, time 47.47ms, mfu 7.49%
iter 2460: loss 1.0131, time 51.53ms, mfu 7.46%
iter 2470: loss 0.9958, time 31.91ms, mfu 7.88%
iter 2480: loss 1.0014, time 47.24ms, mfu 7.88%
iter 2490: loss 0.9742, time 45.26ms, mfu 7.92%
step 2500: train loss 0.8747, val loss 1.5134
iter 2500: loss 0.9931, time 6857.96ms, mfu 7.13%
iter 2510: loss 1.0116, time 43.20ms, mfu 7.28%
iter 2520: loss 1.0184, time 47.19ms, mfu 7.34%
iter 2530: loss 1.0145, time 47.47ms, mfu 7.39%
iter 2540: loss 1.0075, time 47.28ms, mfu 7.44%
iter 2550: loss 1.0063, time 47.64ms, mfu 7.48%
iter 2560: loss 0.9759, time 63.22ms, mfu 7.32%
iter 2570: loss 1.0011, time 47.47ms, mfu 7.37%
iter 2580: loss 0.9889, time 42.66ms, mfu 7.51%
iter 2590: loss 0.9996, time 31.36ms, mfu 7.95%
iter 2600: loss 0.9952, time 47.50ms, mfu 7.94%
iter 2610: loss 1.0094, time 43.08ms, mfu 8.01%
iter 2620: loss 0.9833, time 63.59ms, mfu 7.79%
iter 2630: loss 0.9901, time 47.14ms, mfu 7.80%
iter 2640: loss 0.9892, time 46.97ms, mfu 7.82%
iter 2650: loss 0.9699, time 47.27ms, mfu 7.82%
iter 2660: loss 1.0224, time 31.28ms, mfu 8.23%
iter 2670: loss 1.0007, time 47.86ms, mfu 8.19%
iter 2680: loss 0.9767, time 47.27ms, mfu 8.16%
iter 2690: loss 0.9783, time 47.01ms, mfu 8.13%
iter 2700: loss 0.9542, time 47.70ms, mfu 8.10%
iter 2710: loss 0.9780, time 47.35ms, mfu 8.08%
iter 2720: loss 0.9538, time 62.99ms, mfu 7.86%
iter 2730: loss 0.9696, time 47.25ms, mfu 7.86%
iter 2740: loss 0.9757, time 47.07ms, mfu 7.87%
step 2750: train loss 0.8252, val loss 1.5295
iter 2750: loss 0.9899, time 6887.23ms, mfu 7.09%
iter 2760: loss 0.9500, time 47.63ms, mfu 7.16%
iter 2770: loss 0.9740, time 62.82ms, mfu 7.04%
iter 2780: loss 0.9206, time 47.41ms, mfu 7.12%
iter 2790: loss 0.9541, time 47.19ms, mfu 7.20%
iter 2800: loss 0.9550, time 31.36ms, mfu 7.67%
iter 2810: loss 0.9763, time 47.17ms, mfu 7.69%
iter 2820: loss 0.9626, time 43.68ms, mfu 7.77%
iter 2830: loss 0.9437, time 47.82ms, mfu 7.78%
iter 2840: loss 0.9453, time 47.49ms, mfu 7.78%
iter 2850: loss 0.9503, time 63.39ms, mfu 7.59%
iter 2860: loss 0.9484, time 46.95ms, mfu 7.63%
iter 2870: loss 0.9502, time 62.64ms, mfu 7.46%
iter 2880: loss 0.9348, time 47.30ms, mfu 7.50%
iter 2890: loss 0.9567, time 47.28ms, mfu 7.54%
iter 2900: loss 0.9605, time 63.17ms, mfu 7.37%
iter 2910: loss 0.9507, time 47.03ms, mfu 7.43%
iter 2920: loss 0.9636, time 47.26ms, mfu 7.48%
iter 2930: loss 0.9014, time 47.18ms, mfu 7.52%
iter 2940: loss 0.9376, time 63.26ms, mfu 7.35%
iter 2950: loss 0.9657, time 46.96ms, mfu 7.41%
iter 2960: loss 0.9196, time 55.46ms, mfu 7.34%
iter 2970: loss 0.9260, time 31.48ms, mfu 7.79%
iter 2980: loss 0.9364, time 46.97ms, mfu 7.81%
iter 2990: loss 0.9208, time 47.58ms, mfu 7.81%
step 3000: train loss 0.7765, val loss 1.5731
iter 3000: loss 0.9484, time 6855.96ms, mfu 7.03%
iter 3010: loss 0.9243, time 63.11ms, mfu 6.92%
iter 3020: loss 0.9296, time 31.51ms, mfu 7.41%
iter 3030: loss 0.9379, time 47.36ms, mfu 7.46%
iter 3040: loss 0.9306, time 47.35ms, mfu 7.50%
iter 3050: loss 0.9442, time 47.46ms, mfu 7.53%
iter 3060: loss 0.9241, time 56.28ms, mfu 7.44%
iter 3070: loss 0.9060, time 63.41ms, mfu 7.29%
iter 3080: loss 0.9023, time 47.11ms, mfu 7.35%
iter 3090: loss 0.9221, time 31.68ms, mfu 7.79%
iter 3100: loss 0.9163, time 47.00ms, mfu 7.80%
iter 3110: loss 0.9023, time 47.33ms, mfu 7.81%
iter 3120: loss 0.9301, time 47.34ms, mfu 7.82%
iter 3130: loss 0.9001, time 42.94ms, mfu 7.90%
iter 3140: loss 0.9153, time 47.23ms, mfu 7.90%
iter 3150: loss 0.9229, time 31.79ms, mfu 8.28%
iter 3160: loss 0.9127, time 31.73ms, mfu 8.63%
iter 3170: loss 0.9062, time 47.38ms, mfu 8.55%
iter 3180: loss 0.9185, time 31.42ms, mfu 8.88%
iter 3190: loss 0.9050, time 47.42ms, mfu 8.78%
iter 3200: loss 0.8777, time 47.31ms, mfu 8.69%
iter 3210: loss 0.9155, time 47.20ms, mfu 8.61%
iter 3220: loss 0.8955, time 47.40ms, mfu 8.54%
iter 3230: loss 0.9009, time 46.96ms, mfu 8.48%
iter 3240: loss 0.9055, time 63.17ms, mfu 8.22%
step 3250: train loss 0.7344, val loss 1.5967
iter 3250: loss 0.8946, time 6873.44ms, mfu 7.40%
iter 3260: loss 0.8903, time 30.65ms, mfu 7.88%
iter 3270: loss 0.8674, time 47.16ms, mfu 7.88%
iter 3280: loss 0.8926, time 47.47ms, mfu 7.88%
iter 3290: loss 0.8774, time 47.20ms, mfu 7.88%
iter 3300: loss 0.8883, time 47.13ms, mfu 7.88%
iter 3310: loss 0.8931, time 62.91ms, mfu 7.69%
iter 3320: loss 0.9031, time 62.93ms, mfu 7.51%
iter 3330: loss 0.8882, time 47.15ms, mfu 7.55%
iter 3340: loss 0.8827, time 46.98ms, mfu 7.59%
iter 3350: loss 0.8835, time 46.93ms, mfu 7.62%
iter 3360: loss 0.8667, time 63.11ms, mfu 7.45%
iter 3370: loss 0.8526, time 46.97ms, mfu 7.50%
iter 3380: loss 0.8806, time 47.15ms, mfu 7.54%
iter 3390: loss 0.8509, time 47.38ms, mfu 7.57%
iter 3400: loss 0.8592, time 32.07ms, mfu 7.98%
iter 3410: loss 0.8756, time 64.71ms, mfu 7.75%
iter 3420: loss 0.8809, time 47.23ms, mfu 7.77%
iter 3430: loss 0.9020, time 46.99ms, mfu 7.78%
iter 3440: loss 0.8624, time 34.04ms, mfu 8.10%
iter 3450: loss 0.8690, time 50.43ms, mfu 8.03%
iter 3460: loss 0.8576, time 47.47ms, mfu 8.01%
iter 3470: loss 0.8524, time 62.95ms, mfu 7.80%
iter 3480: loss 0.8691, time 48.57ms, mfu 7.79%
iter 3490: loss 0.8614, time 47.79ms, mfu 7.79%
step 3500: train loss 0.6904, val loss 1.6360
iter 3500: loss 0.8560, time 6858.65ms, mfu 7.02%
iter 3510: loss 0.8998, time 42.64ms, mfu 7.19%
iter 3520: loss 0.8613, time 47.16ms, mfu 7.26%
iter 3530: loss 0.8655, time 31.58ms, mfu 7.71%
iter 3540: loss 0.8750, time 47.50ms, mfu 7.73%
iter 3550: loss 0.8588, time 56.21ms, mfu 7.62%
iter 3560: loss 0.8793, time 63.06ms, mfu 7.45%
iter 3570: loss 0.8629, time 47.34ms, mfu 7.49%
iter 3580: loss 0.8612, time 62.89ms, mfu 7.33%
iter 3590: loss 0.8472, time 47.31ms, mfu 7.39%
iter 3600: loss 0.8478, time 31.39ms, mfu 7.84%
iter 3610: loss 0.8506, time 47.01ms, mfu 7.84%
iter 3620: loss 0.8477, time 49.34ms, mfu 7.82%
iter 3630: loss 0.8661, time 47.11ms, mfu 7.82%
iter 3640: loss 0.8463, time 47.32ms, mfu 7.83%
iter 3650: loss 0.8580, time 47.81ms, mfu 7.83%
iter 3660: loss 0.8604, time 63.46ms, mfu 7.63%
iter 3670: loss 0.8412, time 47.35ms, mfu 7.65%
iter 3680: loss 0.8463, time 61.07ms, mfu 7.50%
iter 3690: loss 0.8658, time 47.08ms, mfu 7.54%
iter 3700: loss 0.8552, time 47.00ms, mfu 7.58%
iter 3710: loss 0.8693, time 31.44ms, mfu 8.01%
iter 3720: loss 0.8386, time 47.33ms, mfu 7.99%
iter 3730: loss 0.8502, time 47.17ms, mfu 7.98%
iter 3740: loss 0.8469, time 46.92ms, mfu 7.98%
step 3750: train loss 0.6533, val loss 1.6529
iter 3750: loss 0.8385, time 6875.58ms, mfu 7.19%
iter 3760: loss 0.8302, time 47.34ms, mfu 7.26%
iter 3770: loss 0.8390, time 47.21ms, mfu 7.32%
iter 3780: loss 0.8257, time 46.96ms, mfu 7.38%
iter 3790: loss 0.8206, time 47.02ms, mfu 7.44%
iter 3800: loss 0.8428, time 47.63ms, mfu 7.47%
iter 3810: loss 0.8373, time 31.51ms, mfu 7.91%
iter 3820: loss 0.8140, time 47.48ms, mfu 7.90%
iter 3830: loss 0.8292, time 47.33ms, mfu 7.90%
iter 3840: loss 0.8387, time 63.45ms, mfu 7.70%
iter 3850: loss 0.8122, time 47.69ms, mfu 7.71%
iter 3860: loss 0.8190, time 63.62ms, mfu 7.52%
iter 3870: loss 0.8397, time 47.18ms, mfu 7.56%
iter 3880: loss 0.8384, time 47.17ms, mfu 7.60%
iter 3890: loss 0.8284, time 47.54ms, mfu 7.62%
iter 3900: loss 0.8296, time 62.67ms, mfu 7.45%
iter 3910: loss 0.8368, time 47.37ms, mfu 7.49%
iter 3920: loss 0.8220, time 49.47ms, mfu 7.50%
iter 3930: loss 0.8228, time 39.33ms, mfu 7.70%
iter 3940: loss 0.7868, time 47.21ms, mfu 7.71%
iter 3950: loss 0.8258, time 64.35ms, mfu 7.52%
iter 3960: loss 0.8195, time 63.02ms, mfu 7.36%
iter 3970: loss 0.8130, time 47.09ms, mfu 7.42%
iter 3980: loss 0.8208, time 38.13ms, mfu 7.65%
iter 3990: loss 0.7961, time 47.65ms, mfu 7.67%
step 4000: train loss 0.6193, val loss 1.6768
iter 4000: loss 0.8113, time 6866.83ms, mfu 6.91%
iter 4010: loss 0.8296, time 45.91ms, mfu 7.03%
iter 4020: loss 0.8297, time 31.41ms, mfu 7.51%
iter 4030: loss 0.8175, time 47.27ms, mfu 7.55%
iter 4040: loss 0.8092, time 47.38ms, mfu 7.58%
iter 4050: loss 0.8000, time 63.09ms, mfu 7.41%
iter 4060: loss 0.8167, time 47.09ms, mfu 7.46%
iter 4070: loss 0.8281, time 63.22ms, mfu 7.31%
iter 4080: loss 0.8083, time 47.19ms, mfu 7.37%
iter 4090: loss 0.8358, time 52.23ms, mfu 7.34%
iter 4100: loss 0.8047, time 62.62ms, mfu 7.20%
iter 4110: loss 0.8133, time 65.39ms, mfu 7.05%
iter 4120: loss 0.7904, time 47.16ms, mfu 7.14%
iter 4130: loss 0.8020, time 62.88ms, mfu 7.02%
iter 4140: loss 0.7907, time 46.99ms, mfu 7.11%
iter 4150: loss 0.8165, time 47.44ms, mfu 7.18%
iter 4160: loss 0.8035, time 63.31ms, mfu 7.05%
iter 4170: loss 0.7746, time 47.17ms, mfu 7.14%
iter 4180: loss 0.7946, time 31.37ms, mfu 7.61%
iter 4190: loss 0.8005, time 47.41ms, mfu 7.64%
iter 4200: loss 0.7998, time 45.51ms, mfu 7.69%
iter 4210: loss 0.8103, time 31.28ms, mfu 8.11%
iter 4220: loss 0.8076, time 47.64ms, mfu 8.08%
iter 4230: loss 0.8019, time 54.36ms, mfu 7.96%
iter 4240: loss 0.8117, time 63.00ms, mfu 7.76%
step 4250: train loss 0.5957, val loss 1.6947
iter 4250: loss 0.7885, time 6857.07ms, mfu 6.99%
iter 4260: loss 0.8050, time 47.50ms, mfu 7.07%
iter 4270: loss 0.8011, time 63.32ms, mfu 6.95%
iter 4280: loss 0.8061, time 47.46ms, mfu 7.04%
iter 4290: loss 0.7996, time 49.51ms, mfu 7.09%
iter 4300: loss 0.7925, time 62.93ms, mfu 6.97%
iter 4310: loss 0.7893, time 45.96ms, mfu 7.09%
iter 4320: loss 0.8042, time 47.59ms, mfu 7.16%
iter 4330: loss 0.7888, time 62.98ms, mfu 7.04%
iter 4340: loss 0.7904, time 47.07ms, mfu 7.13%
iter 4350: loss 0.7980, time 63.15ms, mfu 7.00%
iter 4360: loss 0.7861, time 47.30ms, mfu 7.09%
iter 4370: loss 0.7883, time 64.29ms, mfu 6.96%
iter 4380: loss 0.8075, time 47.54ms, mfu 7.05%
iter 4390: loss 0.7832, time 47.25ms, mfu 7.13%
iter 4400: loss 0.7750, time 63.11ms, mfu 7.01%
iter 4410: loss 0.8126, time 47.25ms, mfu 7.10%
iter 4420: loss 0.7985, time 47.29ms, mfu 7.18%
iter 4430: loss 0.7795, time 62.98ms, mfu 7.05%
iter 4440: loss 0.7959, time 63.32ms, mfu 6.93%
iter 4450: loss 0.8105, time 47.08ms, mfu 7.03%
iter 4460: loss 0.7844, time 47.43ms, mfu 7.11%
iter 4470: loss 0.7905, time 31.78ms, mfu 7.57%
iter 4480: loss 0.7746, time 47.24ms, mfu 7.61%
iter 4490: loss 0.7755, time 51.39ms, mfu 7.57%
step 4500: train loss 0.5696, val loss 1.7108
iter 4500: loss 0.8053, time 6868.20ms, mfu 6.82%
iter 4510: loss 0.7681, time 31.62ms, mfu 7.32%
iter 4520: loss 0.7733, time 38.72ms, mfu 7.55%
iter 4530: loss 0.7837, time 49.18ms, mfu 7.55%
iter 4540: loss 0.7752, time 62.99ms, mfu 7.39%
iter 4550: loss 0.7799, time 47.92ms, mfu 7.43%
iter 4560: loss 0.7834, time 47.64ms, mfu 7.46%
iter 4570: loss 0.8006, time 47.28ms, mfu 7.51%
iter 4580: loss 0.7989, time 51.33ms, mfu 7.48%
iter 4590: loss 0.7854, time 60.58ms, mfu 7.35%
iter 4600: loss 0.7708, time 47.37ms, mfu 7.40%
iter 4610: loss 0.7758, time 58.54ms, mfu 7.30%
iter 4620: loss 0.7643, time 57.32ms, mfu 7.22%
iter 4630: loss 0.7665, time 63.06ms, mfu 7.09%
iter 4640: loss 0.7706, time 57.06ms, mfu 7.03%
iter 4650: loss 0.7665, time 47.35ms, mfu 7.11%
iter 4660: loss 0.7864, time 47.62ms, mfu 7.19%
iter 4670: loss 0.7717, time 47.66ms, mfu 7.25%
iter 4680: loss 0.7575, time 63.23ms, mfu 7.11%
iter 4690: loss 0.7455, time 47.02ms, mfu 7.19%
iter 4700: loss 0.7784, time 47.11ms, mfu 7.27%
iter 4710: loss 0.7647, time 44.85ms, mfu 7.37%
iter 4720: loss 0.7771, time 47.64ms, mfu 7.42%
iter 4730: loss 0.7648, time 47.89ms, mfu 7.45%
iter 4740: loss 0.7540, time 62.83ms, mfu 7.30%
step 4750: train loss 0.5537, val loss 1.7253
iter 4750: loss 0.7810, time 6876.35ms, mfu 6.58%
iter 4760: loss 0.7790, time 46.91ms, mfu 6.71%
iter 4770: loss 0.7572, time 47.19ms, mfu 6.83%
iter 4780: loss 0.7741, time 31.37ms, mfu 7.34%
iter 4790: loss 0.7755, time 47.43ms, mfu 7.39%
iter 4800: loss 0.7703, time 63.18ms, mfu 7.24%
iter 4810: loss 0.7598, time 47.73ms, mfu 7.30%
iter 4820: loss 0.7686, time 41.23ms, mfu 7.47%
iter 4830: loss 0.7629, time 62.85ms, mfu 7.32%
iter 4840: loss 0.7622, time 47.01ms, mfu 7.38%
iter 4850: loss 0.7750, time 47.45ms, mfu 7.42%
iter 4860: loss 0.7562, time 47.32ms, mfu 7.47%
iter 4870: loss 0.7613, time 47.63ms, mfu 7.50%
iter 4880: loss 0.7581, time 47.10ms, mfu 7.55%
iter 4890: loss 0.7914, time 46.95ms, mfu 7.58%
iter 4900: loss 0.7751, time 47.40ms, mfu 7.61%
iter 4910: loss 0.7497, time 49.54ms, mfu 7.60%
iter 4920: loss 0.7551, time 46.93ms, mfu 7.64%
iter 4930: loss 0.7576, time 47.49ms, mfu 7.66%
iter 4940: loss 0.7659, time 31.36ms, mfu 8.08%
iter 4950: loss 0.7764, time 47.21ms, mfu 8.06%
iter 4960: loss 0.7466, time 46.46ms, mfu 8.06%
iter 4970: loss 0.7429, time 63.00ms, mfu 7.84%
iter 4980: loss 0.7682, time 62.82ms, mfu 7.65%
iter 4990: loss 0.7662, time 46.90ms, mfu 7.68%
step 5000: train loss 0.5391, val loss 1.7383
iter 5000: loss 0.7621, time 6877.97ms, mfu 6.92%
