Overriding config with config/hw1_rope_lr2e-3.py:
# Same as hw1_rope.py but with a 2x learning rate (min_lr kept at lr/10).
exec(open('config/hw1_rope.py').read())
out_dir = 'out-hw1-rope-lr2e-3'
learning_rate = 2e-3
min_lr = 2e-4

tokens per iteration will be: 16,384
found vocab_size = 65 (inside data\shakespeare_char\meta.pkl)
Initializing a new model from scratch
number of parameters: 10.65M
D:\hw1\Gengerative-AI\train.py:201: FutureWarning: `torch.cuda.amp.GradScaler(args...)` is deprecated. Please use `torch.amp.GradScaler('cuda', args...)` instead.
  scaler = torch.cuda.amp.GradScaler(enabled=(dtype == 'float16'))
num decayed parameter tensors: 25, with 10,641,792 parameters
num non-decayed parameter tensors: 13, with 4,992 parameters
using fused AdamW: True
step 0: train loss 4.1935, val loss 4.2004
iter 0: loss 4.2170, time 6950.19ms, mfu -100.00%
iter 10: loss 2.8851, time 31.93ms, mfu 11.67%
iter 20: loss 2.6222, time 67.06ms, mfu 11.06%
iter 30: loss 2.5029, time 47.22ms, mfu 10.74%
iter 40: loss 2.4046, time 47.69ms, mfu 10.45%
iter 50: loss 2.3309, time 47.73ms, mfu 10.19%
iter 60: loss 2.2235, time 62.65ms, mfu 9.76%
iter 70: loss 2.2170, time 31.70ms, mfu 9.96%
iter 80: loss 2.1511, time 63.37ms, mfu 9.55%
iter 90: loss 2.0702, time 47.33ms, mfu 9.39%
iter 100: loss 2.0304, time 47.09ms, mfu 9.24%
iter 110: loss 2.0047, time 47.26ms, mfu 9.10%
iter 120: loss 1.9607, time 61.91ms, mfu 8.79%
iter 130: loss 1.8951, time 63.16ms, mfu 8.50%
iter 140: loss 1.9042, time 47.79ms, mfu 8.43%
iter 150: loss 1.8463, time 49.72ms, mfu 8.34%
iter 160: loss 1.8139, time 47.13ms, mfu 8.30%
iter 170: loss 1.7753, time 47.19ms, mfu 8.26%
iter 180: loss 1.7851, time 46.99ms, mfu 8.22%
iter 190: loss 1.7588, time 47.48ms, mfu 8.19%
iter 200: loss 1.7091, time 47.15ms, mfu 8.16%
iter 210: loss 1.6875, time 49.51ms, mfu 8.09%
iter 220: loss 1.7043, time 62.78ms, mfu 7.88%
iter 230: loss 1.6765, time 46.99ms, mfu 7.88%
iter 240: loss 1.6510, time 47.10ms, mfu 7.89%
step 250: train loss 1.5604, val loss 1.7449
saving checkpoint to out-hw1-rope-lr2e-3
iter 250: loss 1.6308, time 6959.54ms, mfu 7.10%
iter 260: loss 1.5984, time 62.67ms, mfu 6.99%
iter 270: loss 1.6163, time 47.48ms, mfu 7.07%
iter 280: loss 1.6389, time 47.29ms, mfu 7.15%
iter 290: loss 1.5983, time 50.79ms, mfu 7.17%
iter 300: loss 1.6103, time 62.91ms, mfu 7.05%
iter 310: loss 1.5615, time 48.79ms, mfu 7.11%
iter 320: loss 1.5646, time 42.81ms, mfu 7.27%
iter 330: loss 1.5319, time 47.30ms, mfu 7.33%
iter 340: loss 1.5306, time 46.97ms, mfu 7.39%
iter 350: loss 1.5351, time 61.50ms, mfu 7.26%
iter 360: loss 1.5357, time 51.66ms, mfu 7.25%
iter 370: loss 1.5354, time 47.21ms, mfu 7.32%
iter 380: loss 1.5091, time 62.62ms, mfu 7.18%
iter 390: loss 1.5030, time 47.85ms, mfu 7.24%
iter 400: loss 1.4591, time 47.26ms, mfu 7.30%
iter 410: loss 1.4891, time 63.60ms, mfu 7.16%
iter 420: loss 1.4252, time 62.72ms, mfu 7.04%
iter 430: loss 1.4264, time 47.01ms, mfu 7.13%
iter 440: loss 1.4753, time 31.68ms, mfu 7.59%
iter 450: loss 1.4553, time 47.21ms, mfu 7.62%
iter 460: loss 1.4122, time 47.24ms, mfu 7.65%
iter 470: loss 1.4042, time 47.09ms, mfu 7.67%
iter 480: loss 1.4253, time 63.17ms, mfu 7.50%
iter 490: loss 1.4201, time 47.26ms, mfu 7.54%
step 500: train loss 1.3413, val loss 1.5657
saving checkpoint to out-hw1-rope-lr2e-3
iter 500: loss 1.4752, time 6944.50ms, mfu 6.79%
iter 510: loss 1.4307, time 63.21ms, mfu 6.70%
iter 520: loss 1.4118, time 47.22ms, mfu 6.82%
iter 530: loss 1.4042, time 46.31ms, mfu 6.94%
iter 540: loss 1.4030, time 42.07ms, mfu 7.13%
iter 550: loss 1.3975, time 47.73ms, mfu 7.20%
iter 560: loss 1.3773, time 47.56ms, mfu 7.26%
iter 570: loss 1.3816, time 47.44ms, mfu 7.32%
iter 580: loss 1.3721, time 31.48ms, mfu 7.77%
iter 590: loss 1.4149, time 47.92ms, mfu 7.77%
iter 600: loss 1.3694, time 47.41ms, mfu 7.78%
iter 610: loss 1.3367, time 42.88ms, mfu 7.87%
iter 620: loss 1.3589, time 50.04ms, mfu 7.83%
iter 630: loss 1.3684, time 47.32ms, mfu 7.83%
iter 640: loss 1.3633, time 63.05ms, mfu 7.64%
iter 650: loss 1.3636, time 52.81ms, mfu 7.58%
iter 660: loss 1.3124, time 62.62ms, mfu 7.42%
iter 670: loss 1.3413, time 47.17ms, mfu 7.47%
iter 680: loss 1.2935, time 47.27ms, mfu 7.51%
iter 690: loss 1.3270, time 31.43ms, mfu 7.94%
iter 700: loss 1.2880, time 47.94ms, mfu 7.93%
iter 710: loss 1.3132, time 44.14ms, mfu 7.98%
iter 720: loss 1.3207, time 47.44ms, mfu 7.97%
iter 730: loss 1.3349, time 47.06ms, mfu 7.96%
iter 740: loss 1.3108, time 46.92ms, mfu 7.96%
step 750: train loss 1.2520, val loss 1.5133
saving checkpoint to out-hw1-rope-lr2e-3
iter 750: loss 1.2815, time 6956.37ms, mfu 7.17%
iter 760: loss 1.3250, time 47.57ms, mfu 7.24%
iter 770: loss 1.2996, time 31.79ms, mfu 7.68%
iter 780: loss 1.2787, time 63.13ms, mfu 7.51%
iter 790: loss 1.3171, time 47.16ms, mfu 7.55%
iter 800: loss 1.2751, time 57.12ms, mfu 7.44%
iter 810: loss 1.2788, time 45.54ms, mfu 7.52%
iter 820: loss 1.2958, time 63.27ms, mfu 7.35%
iter 830: loss 1.2553, time 46.97ms, mfu 7.41%
iter 840: loss 1.2756, time 47.47ms, mfu 7.46%
iter 850: loss 1.3002, time 31.52ms, mfu 7.89%
iter 860: loss 1.2651, time 47.24ms, mfu 7.89%
iter 870: loss 1.2647, time 62.90ms, mfu 7.70%
iter 880: loss 1.2669, time 46.59ms, mfu 7.73%
iter 890: loss 1.2822, time 53.95ms, mfu 7.64%
iter 900: loss 1.2612, time 65.54ms, mfu 7.45%
iter 910: loss 1.2813, time 47.01ms, mfu 7.50%
iter 920: loss 1.2561, time 47.35ms, mfu 7.53%
iter 930: loss 1.2731, time 47.34ms, mfu 7.57%
iter 940: loss 1.2641, time 31.77ms, mfu 7.98%
iter 950: loss 1.2130, time 31.58ms, mfu 8.36%
iter 960: loss 1.2455, time 44.78ms, mfu 8.36%
iter 970: loss 1.2661, time 60.73ms, mfu 8.14%
iter 980: loss 1.2571, time 47.36ms, mfu 8.11%
iter 990: loss 1.2620, time 47.29ms, mfu 8.09%
step 1000: train loss 1.1835, val loss 1.4874
saving checkpoint to out-hw1-rope-lr2e-3
iter 1000: loss 1.2641, time 6958.79ms, mfu 7.28%
iter 1010: loss 1.2317, time 47.26ms, mfu 7.34%
iter 1020: loss 1.2418, time 35.23ms, mfu 7.67%
iter 1030: loss 1.2282, time 47.65ms, mfu 7.68%
iter 1040: loss 1.2118, time 47.47ms, mfu 7.70%
iter 1050: loss 1.2531, time 31.46ms, mfu 8.11%
iter 1060: loss 1.2498, time 47.42ms, mfu 8.09%
iter 1070: loss 1.2422, time 47.38ms, mfu 8.07%
iter 1080: loss 1.2573, time 47.22ms, mfu 8.05%
iter 1090: loss 1.2442, time 62.83ms, mfu 7.84%
iter 1100: loss 1.2219, time 46.95ms, mfu 7.85%
iter 1110: loss 1.2174, time 45.45ms, mfu 7.88%
iter 1120: loss 1.2402, time 48.78ms, mfu 7.86%
iter 1130: loss 1.1989, time 47.50ms, mfu 7.86%
iter 1140: loss 1.2279, time 47.24ms, mfu 7.86%
iter 1150: loss 1.2604, time 47.44ms, mfu 7.86%
iter 1160: loss 1.2187, time 47.08ms, mfu 7.86%
iter 1170: loss 1.2101, time 47.61ms, mfu 7.86%
iter 1180: loss 1.2187, time 47.56ms, mfu 7.86%
iter 1190: loss 1.2355, time 47.39ms, mfu 7.86%
iter 1200: loss 1.2271, time 49.51ms, mfu 7.83%
iter 1210: loss 1.1972, time 47.39ms, mfu 7.83%
iter 1220: loss 1.2026, time 31.56ms, mfu 8.23%
iter 1230: loss 1.1595, time 47.65ms, mfu 8.19%
iter 1240: loss 1.1972, time 63.30ms, mfu 7.96%
step 1250: train loss 1.1288, val loss 1.4756
saving checkpoint to out-hw1-rope-lr2e-3
iter 1250: loss 1.1894, time 6952.20ms, mfu 7.17%
iter 1260: loss 1.2168, time 47.37ms, mfu 7.24%
iter 1270: loss 1.1868, time 48.10ms, mfu 7.29%
iter 1280: loss 1.2146, time 47.34ms, mfu 7.35%
iter 1290: loss 1.1908, time 46.83ms, mfu 7.41%
iter 1300: loss 1.1737, time 47.46ms, mfu 7.45%
iter 1310: loss 1.1985, time 47.26ms, mfu 7.49%
iter 1320: loss 1.1840, time 37.46ms, mfu 7.74%
iter 1330: loss 1.1744, time 49.75ms, mfu 7.71%
iter 1340: loss 1.1902, time 62.73ms, mfu 7.54%
iter 1350: loss 1.1616, time 49.24ms, mfu 7.54%
iter 1360: loss 1.1866, time 47.09ms, mfu 7.58%
iter 1370: loss 1.1890, time 46.97ms, mfu 7.61%
iter 1380: loss 1.1444, time 48.40ms, mfu 7.62%
iter 1390: loss 1.1615, time 47.26ms, mfu 7.65%
iter 1400: loss 1.1695, time 58.31ms, mfu 7.52%
iter 1410: loss 1.1772, time 47.54ms, mfu 7.55%
iter 1420: loss 1.1865, time 63.11ms, mfu 7.39%
iter 1430: loss 1.1708, time 47.34ms, mfu 7.44%
iter 1440: loss 1.1776, time 47.38ms, mfu 7.48%
iter 1450: loss 1.1470, time 47.01ms, mfu 7.52%
iter 1460: loss 1.1470, time 47.35ms, mfu 7.56%
iter 1470: loss 1.1617, time 63.22ms, mfu 7.39%
iter 1480: loss 1.1644, time 46.91ms, mfu 7.45%
iter 1490: loss 1.1882, time 63.16ms, mfu 7.29%
step 1500: train loss 1.0850, val loss 1.4668
saving checkpoint to out-hw1-rope-lr2e-3
iter 1500: loss 1.1410, time 6952.05ms, mfu 6.57%
iter 1510: loss 1.1543, time 47.60ms, mfu 6.69%
iter 1520: loss 1.1484, time 46.97ms, mfu 6.82%
iter 1530: loss 1.1435, time 47.33ms, mfu 6.92%
iter 1540: loss 1.1642, time 64.79ms, mfu 6.81%
iter 1550: loss 1.1393, time 47.19ms, mfu 6.92%
iter 1560: loss 1.1608, time 43.77ms, mfu 7.08%
iter 1570: loss 1.1629, time 62.97ms, mfu 6.96%
iter 1580: loss 1.1200, time 47.10ms, mfu 7.05%
iter 1590: loss 1.1283, time 31.33ms, mfu 7.54%
iter 1600: loss 1.0921, time 60.48ms, mfu 7.40%
iter 1610: loss 1.1223, time 47.24ms, mfu 7.45%
iter 1620: loss 1.1248, time 63.56ms, mfu 7.29%
iter 1630: loss 1.1457, time 47.29ms, mfu 7.35%
iter 1640: loss 1.1510, time 47.31ms, mfu 7.40%
iter 1650: loss 1.1508, time 31.56ms, mfu 7.84%
iter 1660: loss 1.1197, time 66.50ms, mfu 7.62%
iter 1670: loss 1.1578, time 47.13ms, mfu 7.65%
iter 1680: loss 1.1331, time 47.53ms, mfu 7.67%
iter 1690: loss 1.1199, time 47.75ms, mfu 7.68%
iter 1700: loss 1.1292, time 31.71ms, mfu 8.09%
iter 1710: loss 1.1222, time 63.58ms, mfu 7.86%
iter 1720: loss 1.1277, time 47.37ms, mfu 7.86%
iter 1730: loss 1.1017, time 47.44ms, mfu 7.86%
iter 1740: loss 1.1066, time 47.11ms, mfu 7.87%
step 1750: train loss 1.0346, val loss 1.4730
iter 1750: loss 1.1136, time 6875.29ms, mfu 7.09%
iter 1760: loss 1.1371, time 47.08ms, mfu 7.17%
iter 1770: loss 1.1039, time 47.16ms, mfu 7.24%
iter 1780: loss 1.1190, time 47.09ms, mfu 7.31%
iter 1790: loss 1.1205, time 65.08ms, mfu 7.15%
iter 1800: loss 1.1116, time 47.59ms, mfu 7.22%
iter 1810: loss 1.1205, time 44.87ms, mfu 7.33%
iter 1820: loss 1.1252, time 47.66ms, mfu 7.38%
iter 1830: loss 1.0832, time 31.72ms, mfu 7.81%
iter 1840: loss 1.0870, time 47.71ms, mfu 7.81%
iter 1850: loss 1.1170, time 45.87ms, mfu 7.84%
iter 1860: loss 1.1270, time 45.50ms, mfu 7.88%
iter 1870: loss 1.0651, time 47.24ms, mfu 7.88%
iter 1880: loss 1.1296, time 62.85ms, mfu 7.68%
iter 1890: loss 1.0846, time 47.61ms, mfu 7.70%
iter 1900: loss 1.1107, time 47.12ms, mfu 7.72%
iter 1910: loss 1.0992, time 63.52ms, mfu 7.53%
iter 1920: loss 1.0961, time 65.59ms, mfu 7.35%
iter 1930: loss 1.0807, time 47.36ms, mfu 7.40%
iter 1940: loss 1.0859, time 47.17ms, mfu 7.45%
iter 1950: loss 1.1124, time 47.09ms, mfu 7.50%
iter 1960: loss 1.0688, time 47.24ms, mfu 7.54%
iter 1970: loss 1.1001, time 47.32ms, mfu 7.57%
iter 1980: loss 1.1102, time 63.09ms, mfu 7.40%
iter 1990: loss 1.0932, time 45.63ms, mfu 7.48%
step 2000: train loss 0.9850, val loss 1.4993
iter 2000: loss 1.1267, time 6877.42ms, mfu 6.74%
iter 2010: loss 1.0992, time 47.07ms, mfu 6.86%
iter 2020: loss 1.0861, time 47.60ms, mfu 6.95%
iter 2030: loss 1.0952, time 47.62ms, mfu 7.04%
iter 2040: loss 1.0490, time 47.41ms, mfu 7.12%
iter 2050: loss 1.0830, time 50.29ms, mfu 7.15%
iter 2060: loss 1.0882, time 63.19ms, mfu 7.03%
iter 2070: loss 1.0617, time 62.06ms, mfu 6.92%
iter 2080: loss 1.0700, time 47.36ms, mfu 7.02%
iter 2090: loss 1.0703, time 49.29ms, mfu 7.07%
iter 2100: loss 1.0957, time 63.04ms, mfu 6.96%
iter 2110: loss 1.1042, time 47.77ms, mfu 7.04%
iter 2120: loss 1.0644, time 47.53ms, mfu 7.12%
iter 2130: loss 1.0424, time 62.76ms, mfu 7.00%
iter 2140: loss 1.0522, time 62.85ms, mfu 6.89%
iter 2150: loss 1.0659, time 47.19ms, mfu 6.99%
iter 2160: loss 1.0471, time 47.24ms, mfu 7.08%
iter 2170: loss 1.0429, time 47.60ms, mfu 7.16%
iter 2180: loss 1.0451, time 46.91ms, mfu 7.24%
iter 2190: loss 1.0479, time 47.31ms, mfu 7.30%
iter 2200: loss 1.0398, time 47.06ms, mfu 7.36%
iter 2210: loss 1.0406, time 47.17ms, mfu 7.42%
iter 2220: loss 1.0411, time 63.18ms, mfu 7.26%
iter 2230: loss 1.0448, time 47.64ms, mfu 7.32%
iter 2240: loss 1.0419, time 47.90ms, mfu 7.37%
step 2250: train loss 0.9372, val loss 1.5019
iter 2250: loss 1.0305, time 6868.87ms, mfu 6.63%
iter 2260: loss 1.0177, time 47.58ms, mfu 6.75%
iter 2270: loss 1.0347, time 47.97ms, mfu 6.86%
iter 2280: loss 1.0335, time 47.12ms, mfu 6.96%
iter 2290: loss 1.0366, time 63.58ms, mfu 6.85%
iter 2300: loss 1.0330, time 63.40ms, mfu 6.75%
iter 2310: loss 1.0610, time 47.39ms, mfu 6.86%
iter 2320: loss 1.0282, time 63.72ms, mfu 6.76%
iter 2330: loss 1.0298, time 47.17ms, mfu 6.88%
iter 2340: loss 1.0243, time 47.49ms, mfu 6.97%
iter 2350: loss 1.0369, time 49.92ms, mfu 7.02%
iter 2360: loss 1.0361, time 63.29ms, mfu 6.91%
iter 2370: loss 1.0326, time 47.37ms, mfu 7.00%
iter 2380: loss 1.0252, time 46.97ms, mfu 7.10%
iter 2390: loss 1.0375, time 47.24ms, mfu 7.18%
iter 2400: loss 1.0226, time 31.48ms, mfu 7.64%
iter 2410: loss 1.0494, time 46.96ms, mfu 7.67%
iter 2420: loss 1.0153, time 47.67ms, mfu 7.69%
iter 2430: loss 0.9961, time 47.25ms, mfu 7.71%
iter 2440: loss 0.9949, time 63.13ms, mfu 7.53%
iter 2450: loss 0.9927, time 57.39ms, mfu 7.42%
iter 2460: loss 1.0171, time 59.16ms, mfu 7.31%
iter 2470: loss 1.0016, time 47.99ms, mfu 7.36%
iter 2480: loss 1.0107, time 47.10ms, mfu 7.41%
iter 2490: loss 0.9902, time 47.22ms, mfu 7.46%
step 2500: train loss 0.8902, val loss 1.5189
iter 2500: loss 1.0025, time 6880.84ms, mfu 6.72%
iter 2510: loss 1.0147, time 47.54ms, mfu 6.83%
iter 2520: loss 1.0199, time 46.96ms, mfu 6.94%
iter 2530: loss 1.0205, time 63.36ms, mfu 6.84%
iter 2540: loss 1.0089, time 62.96ms, mfu 6.74%
iter 2550: loss 1.0176, time 47.38ms, mfu 6.86%
iter 2560: loss 0.9916, time 47.00ms, mfu 6.96%
iter 2570: loss 1.0106, time 61.20ms, mfu 6.88%
iter 2580: loss 1.0104, time 48.82ms, mfu 6.95%
iter 2590: loss 1.0060, time 47.06ms, mfu 7.05%
iter 2600: loss 0.9954, time 31.70ms, mfu 7.52%
iter 2610: loss 1.0088, time 47.58ms, mfu 7.55%
iter 2620: loss 0.9939, time 47.80ms, mfu 7.57%
iter 2630: loss 0.9948, time 48.32ms, mfu 7.59%
iter 2640: loss 0.9901, time 47.30ms, mfu 7.62%
iter 2650: loss 0.9777, time 50.84ms, mfu 7.59%
iter 2660: loss 1.0235, time 62.57ms, mfu 7.42%
iter 2670: loss 1.0125, time 47.17ms, mfu 7.47%
iter 2680: loss 0.9777, time 48.03ms, mfu 7.50%
iter 2690: loss 0.9875, time 62.90ms, mfu 7.34%
iter 2700: loss 0.9583, time 47.25ms, mfu 7.40%
iter 2710: loss 0.9827, time 49.36ms, mfu 7.41%
iter 2720: loss 0.9699, time 45.00ms, mfu 7.50%
iter 2730: loss 0.9668, time 47.35ms, mfu 7.54%
iter 2740: loss 0.9833, time 48.24ms, mfu 7.56%
step 2750: train loss 0.8456, val loss 1.5324
iter 2750: loss 0.9942, time 6867.71ms, mfu 6.81%
iter 2760: loss 0.9642, time 61.93ms, mfu 6.73%
iter 2770: loss 0.9751, time 31.63ms, mfu 7.23%
iter 2780: loss 0.9262, time 47.75ms, mfu 7.29%
iter 2790: loss 0.9640, time 47.62ms, mfu 7.34%
iter 2800: loss 0.9615, time 47.04ms, mfu 7.40%
iter 2810: loss 0.9863, time 63.10ms, mfu 7.25%
iter 2820: loss 0.9617, time 61.07ms, mfu 7.14%
iter 2830: loss 0.9385, time 47.10ms, mfu 7.21%
iter 2840: loss 0.9611, time 47.55ms, mfu 7.28%
iter 2850: loss 0.9643, time 32.06ms, mfu 7.71%
iter 2860: loss 0.9451, time 47.60ms, mfu 7.72%
iter 2870: loss 0.9565, time 46.39ms, mfu 7.75%
iter 2880: loss 0.9459, time 63.02ms, mfu 7.57%
iter 2890: loss 0.9695, time 47.39ms, mfu 7.60%
iter 2900: loss 0.9671, time 63.46ms, mfu 7.43%
iter 2910: loss 0.9462, time 46.82ms, mfu 7.48%
iter 2920: loss 0.9684, time 47.69ms, mfu 7.51%
iter 2930: loss 0.9072, time 47.79ms, mfu 7.54%
iter 2940: loss 0.9491, time 51.90ms, mfu 7.50%
iter 2950: loss 0.9701, time 31.60ms, mfu 7.93%
iter 2960: loss 0.9242, time 45.83ms, mfu 7.95%
iter 2970: loss 0.9409, time 47.00ms, mfu 7.95%
iter 2980: loss 0.9449, time 45.85ms, mfu 7.97%
iter 2990: loss 0.9286, time 51.98ms, mfu 7.89%
step 3000: train loss 0.7987, val loss 1.5589
iter 3000: loss 0.9515, time 6885.22ms, mfu 7.11%
iter 3010: loss 0.9277, time 47.36ms, mfu 7.18%
iter 3020: loss 0.9373, time 62.86ms, mfu 7.06%
iter 3030: loss 0.9390, time 47.09ms, mfu 7.14%
iter 3040: loss 0.9328, time 47.48ms, mfu 7.21%
iter 3050: loss 0.9429, time 47.05ms, mfu 7.28%
iter 3060: loss 0.9273, time 47.41ms, mfu 7.34%
iter 3070: loss 0.9128, time 62.77ms, mfu 7.20%
iter 3080: loss 0.9043, time 45.01ms, mfu 7.31%
iter 3090: loss 0.9212, time 47.48ms, mfu 7.36%
iter 3100: loss 0.9120, time 48.08ms, mfu 7.40%
iter 3110: loss 0.8966, time 47.40ms, mfu 7.45%
iter 3120: loss 0.9388, time 47.32ms, mfu 7.49%
iter 3130: loss 0.8998, time 47.22ms, mfu 7.53%
iter 3140: loss 0.9166, time 47.13ms, mfu 7.57%
iter 3150: loss 0.9290, time 33.57ms, mfu 7.92%
iter 3160: loss 0.9142, time 47.13ms, mfu 7.92%
iter 3170: loss 0.9126, time 49.47ms, mfu 7.88%
iter 3180: loss 0.9267, time 63.36ms, mfu 7.68%
iter 3190: loss 0.9080, time 47.34ms, mfu 7.70%
iter 3200: loss 0.8870, time 32.43ms, mfu 8.08%
iter 3210: loss 0.9130, time 47.01ms, mfu 8.06%
iter 3220: loss 0.8990, time 61.24ms, mfu 7.87%
iter 3230: loss 0.8992, time 47.53ms, mfu 7.86%
iter 3240: loss 0.8930, time 33.39ms, mfu 8.19%
step 3250: train loss 0.7495, val loss 1.5917
iter 3250: loss 0.8964, time 6879.69ms, mfu 7.38%
iter 3260: loss 0.9023, time 51.15ms, mfu 7.37%
iter 3270: loss 0.8769, time 46.79ms, mfu 7.43%
iter 3280: loss 0.9033, time 47.49ms, mfu 7.47%
iter 3290: loss 0.8817, time 51.57ms, mfu 7.45%
iter 3300: loss 0.8832, time 63.75ms, mfu 7.29%
iter 3310: loss 0.8929, time 47.35ms, mfu 7.34%
iter 3320: loss 0.9038, time 63.04ms, mfu 7.20%
iter 3330: loss 0.8801, time 47.26ms, mfu 7.27%
iter 3340: loss 0.8799, time 47.25ms, mfu 7.33%
iter 3350: loss 0.8867, time 63.29ms, mfu 7.19%
iter 3360: loss 0.8667, time 47.10ms, mfu 7.26%
iter 3370: loss 0.8537, time 41.53ms, mfu 7.43%
iter 3380: loss 0.8776, time 47.14ms, mfu 7.48%
iter 3390: loss 0.8645, time 63.19ms, mfu 7.32%
iter 3400: loss 0.8697, time 48.44ms, mfu 7.36%
iter 3410: loss 0.8836, time 47.41ms, mfu 7.41%
iter 3420: loss 0.8881, time 62.70ms, mfu 7.26%
iter 3430: loss 0.9061, time 47.20ms, mfu 7.32%
iter 3440: loss 0.8689, time 48.00ms, mfu 7.37%
iter 3450: loss 0.8694, time 46.98ms, mfu 7.42%
iter 3460: loss 0.8686, time 47.68ms, mfu 7.46%
iter 3470: loss 0.8561, time 62.73ms, mfu 7.31%
iter 3480: loss 0.8568, time 47.47ms, mfu 7.37%
iter 3490: loss 0.8710, time 47.50ms, mfu 7.41%
step 3500: train loss 0.7024, val loss 1.6415
iter 3500: loss 0.8558, time 6903.72ms, mfu 6.68%
iter 3510: loss 0.8995, time 47.72ms, mfu 6.79%
iter 3520: loss 0.8680, time 47.52ms, mfu 6.90%
iter 3530: loss 0.8599, time 46.92ms, mfu 7.00%
iter 3540: loss 0.8708, time 47.32ms, mfu 7.09%
iter 3550: loss 0.8510, time 62.94ms, mfu 6.97%
iter 3560: loss 0.8697, time 47.11ms, mfu 7.06%
iter 3570: loss 0.8585, time 47.41ms, mfu 7.14%
iter 3580: loss 0.8695, time 47.47ms, mfu 7.21%
iter 3590: loss 0.8366, time 47.56ms, mfu 7.28%
iter 3600: loss 0.8464, time 65.55ms, mfu 7.12%
iter 3610: loss 0.8465, time 46.79ms, mfu 7.20%
iter 3620: loss 0.8559, time 47.17ms, mfu 7.27%
iter 3630: loss 0.8622, time 31.45ms, mfu 7.73%
iter 3640: loss 0.8330, time 51.33ms, mfu 7.68%
iter 3650: loss 0.8520, time 63.58ms, mfu 7.50%
iter 3660: loss 0.8528, time 49.65ms, mfu 7.50%
iter 3670: loss 0.8413, time 47.39ms, mfu 7.54%
iter 3680: loss 0.8426, time 65.27ms, mfu 7.35%
iter 3690: loss 0.8586, time 46.90ms, mfu 7.41%
iter 3700: loss 0.8448, time 60.88ms, mfu 7.28%
iter 3710: loss 0.8626, time 47.38ms, mfu 7.34%
iter 3720: loss 0.8410, time 47.57ms, mfu 7.39%
iter 3730: loss 0.8418, time 61.72ms, mfu 7.26%
iter 3740: loss 0.8479, time 31.51ms, mfu 7.71%
step 3750: train loss 0.6594, val loss 1.6557
iter 3750: loss 0.8387, time 6872.72ms, mfu 6.95%
iter 3760: loss 0.8276, time 56.81ms, mfu 6.91%
iter 3770: loss 0.8386, time 47.50ms, mfu 7.00%
iter 3780: loss 0.8289, time 47.73ms, mfu 7.08%
iter 3790: loss 0.8237, time 49.20ms, mfu 7.13%
iter 3800: loss 0.8327, time 47.67ms, mfu 7.20%
iter 3810: loss 0.8295, time 47.68ms, mfu 7.26%
iter 3820: loss 0.8271, time 64.66ms, mfu 7.11%
iter 3830: loss 0.8258, time 47.23ms, mfu 7.19%
iter 3840: loss 0.8281, time 63.36ms, mfu 7.06%
iter 3850: loss 0.8036, time 47.24ms, mfu 7.14%
iter 3860: loss 0.8198, time 46.97ms, mfu 7.22%
iter 3870: loss 0.8312, time 45.57ms, mfu 7.32%
iter 3880: loss 0.8275, time 31.40ms, mfu 7.77%
iter 3890: loss 0.8247, time 48.64ms, mfu 7.76%
iter 3900: loss 0.8252, time 31.50ms, mfu 8.17%
iter 3910: loss 0.8336, time 47.52ms, mfu 8.13%
iter 3920: loss 0.8121, time 31.67ms, mfu 8.50%
iter 3930: loss 0.8171, time 47.57ms, mfu 8.43%
iter 3940: loss 0.7873, time 62.86ms, mfu 8.18%
iter 3950: loss 0.8176, time 47.10ms, mfu 8.15%
iter 3960: loss 0.8248, time 47.33ms, mfu 8.13%
iter 3970: loss 0.8127, time 62.73ms, mfu 7.91%
iter 3980: loss 0.8296, time 50.26ms, mfu 7.86%
iter 3990: loss 0.8001, time 47.05ms, mfu 7.86%
step 4000: train loss 0.6218, val loss 1.6764
iter 4000: loss 0.8140, time 6879.47ms, mfu 7.08%
iter 4010: loss 0.8294, time 47.28ms, mfu 7.16%
iter 4020: loss 0.8187, time 63.10ms, mfu 7.04%
iter 4030: loss 0.8082, time 47.80ms, mfu 7.11%
iter 4040: loss 0.8189, time 46.98ms, mfu 7.19%
iter 4050: loss 0.7891, time 47.30ms, mfu 7.26%
iter 4060: loss 0.8082, time 47.32ms, mfu 7.32%
iter 4070: loss 0.8292, time 46.23ms, mfu 7.40%
iter 4080: loss 0.7974, time 47.38ms, mfu 7.44%
iter 4090: loss 0.8226, time 47.51ms, mfu 7.48%
iter 4100: loss 0.7962, time 63.18ms, mfu 7.33%
iter 4110: loss 0.8009, time 47.28ms, mfu 7.38%
iter 4120: loss 0.7824, time 47.16ms, mfu 7.43%
iter 4130: loss 0.7926, time 62.70ms, mfu 7.28%
iter 4140: loss 0.7852, time 48.45ms, mfu 7.32%
iter 4150: loss 0.8098, time 62.98ms, mfu 7.18%
iter 4160: loss 0.7962, time 47.31ms, mfu 7.25%
iter 4170: loss 0.7602, time 51.94ms, mfu 7.25%
iter 4180: loss 0.7930, time 62.87ms, mfu 7.11%
iter 4190: loss 0.7962, time 47.63ms, mfu 7.18%
iter 4200: loss 0.7830, time 61.45ms, mfu 7.07%
iter 4210: loss 0.7966, time 31.45ms, mfu 7.55%
iter 4220: loss 0.8105, time 47.02ms, mfu 7.59%
iter 4230: loss 0.7840, time 63.00ms, mfu 7.42%
iter 4240: loss 0.8110, time 47.61ms, mfu 7.46%
step 4250: train loss 0.5927, val loss 1.7139
iter 4250: loss 0.7874, time 6870.32ms, mfu 6.72%
iter 4260: loss 0.7914, time 46.95ms, mfu 6.84%
iter 4270: loss 0.7926, time 61.05ms, mfu 6.77%
iter 4280: loss 0.8080, time 47.02ms, mfu 6.88%
iter 4290: loss 0.7890, time 62.66ms, mfu 6.79%
iter 4300: loss 0.7858, time 62.82ms, mfu 6.70%
iter 4310: loss 0.7852, time 47.24ms, mfu 6.82%
iter 4320: loss 0.7909, time 62.99ms, mfu 6.73%
iter 4330: loss 0.7813, time 47.29ms, mfu 6.85%
iter 4340: loss 0.7744, time 47.50ms, mfu 6.95%
iter 4350: loss 0.7814, time 47.29ms, mfu 7.04%
iter 4360: loss 0.7832, time 57.14ms, mfu 6.99%
iter 4370: loss 0.7749, time 47.27ms, mfu 7.08%
iter 4380: loss 0.7984, time 47.23ms, mfu 7.16%
iter 4390: loss 0.7613, time 62.94ms, mfu 7.03%
iter 4400: loss 0.7673, time 47.51ms, mfu 7.12%
iter 4410: loss 0.8029, time 47.15ms, mfu 7.19%
iter 4420: loss 0.7826, time 31.69ms, mfu 7.65%
iter 4430: loss 0.7705, time 47.64ms, mfu 7.67%
iter 4440: loss 0.7832, time 47.11ms, mfu 7.69%
iter 4450: loss 0.7906, time 47.94ms, mfu 7.70%
iter 4460: loss 0.7741, time 46.99ms, mfu 7.72%
iter 4470: loss 0.7740, time 47.47ms, mfu 7.74%
iter 4480: loss 0.7715, time 50.57ms, mfu 7.70%
iter 4490: loss 0.7636, time 47.23ms, mfu 7.72%
step 4500: train loss 0.5645, val loss 1.7350
iter 4500: loss 0.8028, time 6868.84ms, mfu 6.95%
iter 4510: loss 0.7530, time 47.19ms, mfu 7.05%
iter 4520: loss 0.7663, time 62.70ms, mfu 6.94%
iter 4530: loss 0.7686, time 47.02ms, mfu 7.03%
iter 4540: loss 0.7774, time 47.48ms, mfu 7.12%
iter 4550: loss 0.7747, time 47.72ms, mfu 7.19%
iter 4560: loss 0.7674, time 55.71ms, mfu 7.14%
iter 4570: loss 0.7891, time 47.81ms, mfu 7.20%
iter 4580: loss 0.7820, time 54.60ms, mfu 7.16%
iter 4590: loss 0.7732, time 46.59ms, mfu 7.25%
iter 4600: loss 0.7662, time 56.07ms, mfu 7.19%
iter 4610: loss 0.7609, time 47.50ms, mfu 7.25%
iter 4620: loss 0.7606, time 52.01ms, mfu 7.24%
iter 4630: loss 0.7542, time 62.46ms, mfu 7.12%
iter 4640: loss 0.7626, time 62.79ms, mfu 7.00%
iter 4650: loss 0.7666, time 47.32ms, mfu 7.09%
iter 4660: loss 0.7638, time 31.33ms, mfu 7.57%
iter 4670: loss 0.7631, time 47.04ms, mfu 7.60%
iter 4680: loss 0.7501, time 41.21ms, mfu 7.75%
iter 4690: loss 0.7396, time 64.70ms, mfu 7.55%
iter 4700: loss 0.7660, time 47.38ms, mfu 7.58%
iter 4710: loss 0.7618, time 31.62ms, mfu 8.00%
iter 4720: loss 0.7604, time 47.01ms, mfu 7.99%
iter 4730: loss 0.7507, time 47.41ms, mfu 7.98%
iter 4740: loss 0.7398, time 47.35ms, mfu 7.97%
step 4750: train loss 0.5449, val loss 1.7481
iter 4750: loss 0.7698, time 6857.98ms, mfu 7.18%
iter 4760: loss 0.7613, time 63.49ms, mfu 7.05%
iter 4770: loss 0.7435, time 47.65ms, mfu 7.12%
iter 4780: loss 0.7718, time 46.98ms, mfu 7.20%
iter 4790: loss 0.7416, time 47.00ms, mfu 7.28%
iter 4800: loss 0.7652, time 45.42ms, mfu 7.37%
iter 4810: loss 0.7540, time 35.57ms, mfu 7.68%
iter 4820: loss 0.7584, time 53.45ms, mfu 7.61%
iter 4830: loss 0.7461, time 31.53ms, mfu 8.03%
iter 4840: loss 0.7394, time 47.08ms, mfu 8.02%
iter 4850: loss 0.7615, time 60.14ms, mfu 7.84%
iter 4860: loss 0.7481, time 47.91ms, mfu 7.83%
iter 4870: loss 0.7448, time 62.82ms, mfu 7.64%
iter 4880: loss 0.7423, time 43.02ms, mfu 7.74%
iter 4890: loss 0.7753, time 47.53ms, mfu 7.75%
iter 4900: loss 0.7582, time 62.96ms, mfu 7.57%
iter 4910: loss 0.7336, time 49.21ms, mfu 7.57%
iter 4920: loss 0.7364, time 47.28ms, mfu 7.60%
iter 4930: loss 0.7435, time 50.56ms, mfu 7.58%
iter 4940: loss 0.7510, time 61.27ms, mfu 7.43%
iter 4950: loss 0.7499, time 46.96ms, mfu 7.48%
iter 4960: loss 0.7340, time 46.54ms, mfu 7.53%
iter 4970: loss 0.7303, time 47.31ms, mfu 7.57%
iter 4980: loss 0.7537, time 47.31ms, mfu 7.60%
iter 4990: loss 0.7462, time 51.44ms, mfu 7.56%
step 5000: train loss 0.5276, val loss 1.7623
iter 5000: loss 0.7568, time 6872.34ms, mfu 6.81%
