Overriding config with config/hw1_swiglu_lr2e-3.py:
# Same as hw1_swiglu.py but with a 2x learning rate (min_lr kept at lr/10).
exec(open('config/hw1_swiglu.py').read())
out_dir = 'out-hw1-swiglu-lr2e-3'
learning_rate = 2e-3
min_lr = 2e-4

tokens per iteration will be: 16,384
found vocab_size = 65 (inside data\shakespeare_char\meta.pkl)
Initializing a new model from scratch
number of parameters: 10.65M
D:\hw1\Gengerative-AI\train.py:201: FutureWarning: `torch.cuda.amp.GradScaler(args...)` is deprecated. Please use `torch.amp.GradScaler('cuda', args...)` instead.
  scaler = torch.cuda.amp.GradScaler(enabled=(dtype == 'float16'))
num decayed parameter tensors: 26, with 10,740,096 parameters
num non-decayed parameter tensors: 13, with 4,992 parameters
using fused AdamW: True
step 0: train loss 4.2883, val loss 4.2923
iter 0: loss 4.2721, time 5303.82ms, mfu -100.00%
iter 10: loss 3.2779, time 47.28ms, mfu 7.88%
iter 20: loss 2.7006, time 47.22ms, mfu 7.88%
iter 30: loss 2.5463, time 31.48ms, mfu 8.28%
iter 40: loss 2.4989, time 47.67ms, mfu 8.23%
iter 50: loss 2.4892, time 47.05ms, mfu 8.20%
iter 60: loss 2.4673, time 31.39ms, mfu 8.57%
iter 70: loss 2.4451, time 31.64ms, mfu 8.89%
iter 80: loss 2.4422, time 47.38ms, mfu 8.79%
iter 90: loss 2.4458, time 31.36ms, mfu 9.10%
iter 100: loss 2.4439, time 31.62ms, mfu 9.36%
iter 110: loss 2.3949, time 47.66ms, mfu 9.21%
iter 120: loss 2.3855, time 47.13ms, mfu 9.08%
iter 130: loss 2.3735, time 31.88ms, mfu 9.34%
iter 140: loss 2.3486, time 44.89ms, mfu 9.24%
iter 150: loss 2.2882, time 31.34ms, mfu 9.50%
iter 160: loss 2.2316, time 47.38ms, mfu 9.34%
iter 170: loss 2.1376, time 31.40ms, mfu 9.59%
iter 180: loss 2.0679, time 31.51ms, mfu 9.81%
iter 190: loss 2.0519, time 47.13ms, mfu 9.62%
iter 200: loss 2.0003, time 31.81ms, mfu 9.83%
iter 210: loss 1.9559, time 33.92ms, mfu 9.95%
iter 220: loss 1.9311, time 47.74ms, mfu 9.73%
iter 230: loss 1.8803, time 46.98ms, mfu 9.55%
iter 240: loss 1.8654, time 32.62ms, mfu 9.74%
step 250: train loss 1.7551, val loss 1.9054
saving checkpoint to out-hw1-swiglu-lr2e-3
iter 250: loss 1.8414, time 5376.51ms, mfu 8.77%
iter 260: loss 1.8289, time 47.46ms, mfu 8.68%
iter 270: loss 1.7794, time 31.54ms, mfu 8.99%
iter 280: loss 1.7552, time 47.58ms, mfu 8.88%
iter 290: loss 1.7576, time 46.15ms, mfu 8.80%
iter 300: loss 1.7526, time 31.50ms, mfu 9.10%
iter 310: loss 1.7355, time 47.05ms, mfu 8.98%
iter 320: loss 1.7144, time 47.06ms, mfu 8.88%
iter 330: loss 1.6953, time 36.96ms, mfu 9.00%
iter 340: loss 1.7071, time 34.29ms, mfu 9.18%
iter 350: loss 1.6373, time 31.35ms, mfu 9.45%
iter 360: loss 1.6325, time 47.54ms, mfu 9.29%
iter 370: loss 1.6551, time 31.93ms, mfu 9.53%
iter 380: loss 1.6439, time 47.35ms, mfu 9.36%
iter 390: loss 1.6397, time 33.08ms, mfu 9.55%
iter 400: loss 1.6262, time 47.20ms, mfu 9.39%
iter 410: loss 1.6551, time 31.71ms, mfu 9.62%
iter 420: loss 1.5935, time 47.58ms, mfu 9.45%
iter 430: loss 1.6059, time 31.88ms, mfu 9.67%
iter 440: loss 1.6092, time 47.01ms, mfu 9.49%
iter 450: loss 1.6106, time 47.60ms, mfu 9.33%
iter 460: loss 1.5599, time 31.62ms, mfu 9.57%
iter 470: loss 1.6059, time 47.54ms, mfu 9.40%
iter 480: loss 1.5942, time 31.56ms, mfu 9.64%
iter 490: loss 1.5644, time 32.14ms, mfu 9.84%
step 500: train loss 1.4696, val loss 1.6700
saving checkpoint to out-hw1-swiglu-lr2e-3
iter 500: loss 1.5651, time 5355.11ms, mfu 8.86%
iter 510: loss 1.5629, time 47.70ms, mfu 8.75%
iter 520: loss 1.5790, time 31.59ms, mfu 9.06%
iter 530: loss 1.5448, time 47.32ms, mfu 8.94%
iter 540: loss 1.5252, time 31.48ms, mfu 9.23%
iter 550: loss 1.5614, time 47.35ms, mfu 9.09%
iter 560: loss 1.5136, time 31.77ms, mfu 9.36%
iter 570: loss 1.5064, time 47.28ms, mfu 9.21%
iter 580: loss 1.4888, time 31.57ms, mfu 9.47%
iter 590: loss 1.5364, time 47.16ms, mfu 9.31%
iter 600: loss 1.4841, time 31.78ms, mfu 9.55%
iter 610: loss 1.4944, time 47.33ms, mfu 9.39%
iter 620: loss 1.4746, time 31.32ms, mfu 9.64%
iter 630: loss 1.5168, time 47.65ms, mfu 9.45%
iter 640: loss 1.4934, time 47.46ms, mfu 9.29%
iter 650: loss 1.4822, time 47.38ms, mfu 9.15%
iter 660: loss 1.4893, time 31.35ms, mfu 9.42%
iter 670: loss 1.4790, time 31.08ms, mfu 9.68%
iter 680: loss 1.4576, time 45.43ms, mfu 9.53%
iter 690: loss 1.4635, time 31.40ms, mfu 9.77%
iter 700: loss 1.4625, time 47.09ms, mfu 9.58%
iter 710: loss 1.4264, time 46.96ms, mfu 9.42%
iter 720: loss 1.4363, time 31.83ms, mfu 9.65%
iter 730: loss 1.4325, time 31.75ms, mfu 9.85%
iter 740: loss 1.4378, time 47.83ms, mfu 9.65%
step 750: train loss 1.3463, val loss 1.5845
saving checkpoint to out-hw1-swiglu-lr2e-3
iter 750: loss 1.4433, time 5365.49ms, mfu 8.69%
iter 760: loss 1.4243, time 47.31ms, mfu 8.61%
iter 770: loss 1.4303, time 46.91ms, mfu 8.54%
iter 780: loss 1.4320, time 32.04ms, mfu 8.85%
iter 790: loss 1.4170, time 31.34ms, mfu 9.15%
iter 800: loss 1.4402, time 47.07ms, mfu 9.03%
iter 810: loss 1.3957, time 47.04ms, mfu 8.92%
iter 820: loss 1.3720, time 47.36ms, mfu 8.81%
iter 830: loss 1.3732, time 31.81ms, mfu 9.10%
iter 840: loss 1.4169, time 47.53ms, mfu 8.98%
iter 850: loss 1.4013, time 47.20ms, mfu 8.87%
iter 860: loss 1.3770, time 31.28ms, mfu 9.17%
iter 870: loss 1.4073, time 31.56ms, mfu 9.44%
iter 880: loss 1.3668, time 47.23ms, mfu 9.28%
iter 890: loss 1.3909, time 47.06ms, mfu 9.15%
iter 900: loss 1.3504, time 31.27ms, mfu 9.42%
iter 910: loss 1.3451, time 31.31ms, mfu 9.67%
iter 920: loss 1.3805, time 31.32ms, mfu 9.89%
iter 930: loss 1.3426, time 47.52ms, mfu 9.69%
iter 940: loss 1.3633, time 47.23ms, mfu 9.51%
iter 950: loss 1.3926, time 31.31ms, mfu 9.75%
iter 960: loss 1.3505, time 31.71ms, mfu 9.95%
iter 970: loss 1.3611, time 46.02ms, mfu 9.76%
iter 980: loss 1.3519, time 47.52ms, mfu 9.57%
iter 990: loss 1.3330, time 31.38ms, mfu 9.80%
step 1000: train loss 1.2674, val loss 1.5346
saving checkpoint to out-hw1-swiglu-lr2e-3
iter 1000: loss 1.3399, time 5347.83ms, mfu 8.83%
iter 1010: loss 1.3533, time 32.42ms, mfu 9.09%
iter 1020: loss 1.2902, time 47.75ms, mfu 8.97%
iter 1030: loss 1.3455, time 31.37ms, mfu 9.26%
iter 1040: loss 1.3280, time 36.04ms, mfu 9.36%
iter 1050: loss 1.3401, time 47.48ms, mfu 9.21%
iter 1060: loss 1.3152, time 47.34ms, mfu 9.08%
iter 1070: loss 1.3280, time 32.70ms, mfu 9.31%
iter 1080: loss 1.3116, time 31.92ms, mfu 9.55%
iter 1090: loss 1.3315, time 31.78ms, mfu 9.76%
iter 1100: loss 1.3365, time 46.93ms, mfu 9.58%
iter 1110: loss 1.3369, time 47.38ms, mfu 9.41%
iter 1120: loss 1.2918, time 30.76ms, mfu 9.68%
iter 1130: loss 1.3276, time 31.35ms, mfu 9.90%
iter 1140: loss 1.2960, time 47.64ms, mfu 9.69%
iter 1150: loss 1.3683, time 46.94ms, mfu 9.52%
iter 1160: loss 1.3344, time 31.33ms, mfu 9.76%
iter 1170: loss 1.3350, time 31.67ms, mfu 9.96%
iter 1180: loss 1.3229, time 47.06ms, mfu 9.75%
iter 1190: loss 1.3298, time 47.16ms, mfu 9.57%
iter 1200: loss 1.2806, time 31.81ms, mfu 9.78%
iter 1210: loss 1.2926, time 31.55ms, mfu 9.99%
iter 1220: loss 1.2753, time 46.88ms, mfu 9.78%
iter 1230: loss 1.2974, time 47.18ms, mfu 9.59%
iter 1240: loss 1.3082, time 31.73ms, mfu 9.81%
step 1250: train loss 1.2047, val loss 1.5223
saving checkpoint to out-hw1-swiglu-lr2e-3
iter 1250: loss 1.2896, time 5351.03ms, mfu 8.83%
iter 1260: loss 1.2794, time 31.61ms, mfu 9.13%
iter 1270: loss 1.2898, time 47.44ms, mfu 9.00%
iter 1280: loss 1.2750, time 31.30ms, mfu 9.29%
iter 1290: loss 1.2817, time 47.30ms, mfu 9.15%
iter 1300: loss 1.2684, time 47.14ms, mfu 9.03%
iter 1310: loss 1.3055, time 47.27ms, mfu 8.91%
iter 1320: loss 1.3099, time 47.50ms, mfu 8.81%
iter 1330: loss 1.2841, time 32.30ms, mfu 9.08%
iter 1340: loss 1.2360, time 31.43ms, mfu 9.36%
iter 1350: loss 1.2866, time 31.33ms, mfu 9.61%
iter 1360: loss 1.2957, time 47.26ms, mfu 9.44%
iter 1370: loss 1.2596, time 47.05ms, mfu 9.29%
iter 1380: loss 1.2854, time 32.18ms, mfu 9.52%
iter 1390: loss 1.2723, time 31.65ms, mfu 9.74%
iter 1400: loss 1.2378, time 47.47ms, mfu 9.55%
iter 1410: loss 1.2790, time 47.15ms, mfu 9.39%
iter 1420: loss 1.2452, time 31.53ms, mfu 9.63%
iter 1430: loss 1.2230, time 47.00ms, mfu 9.46%
iter 1440: loss 1.2260, time 47.00ms, mfu 9.31%
iter 1450: loss 1.2744, time 47.09ms, mfu 9.17%
iter 1460: loss 1.2215, time 32.22ms, mfu 9.41%
iter 1470: loss 1.2335, time 31.50ms, mfu 9.65%
iter 1480: loss 1.2805, time 31.34ms, mfu 9.87%
iter 1490: loss 1.2210, time 47.53ms, mfu 9.67%
step 1500: train loss 1.1551, val loss 1.5056
saving checkpoint to out-hw1-swiglu-lr2e-3
iter 1500: loss 1.2041, time 5361.13ms, mfu 8.71%
iter 1510: loss 1.2128, time 31.35ms, mfu 9.03%
iter 1520: loss 1.2261, time 47.68ms, mfu 8.91%
iter 1530: loss 1.2514, time 30.18ms, mfu 9.25%
iter 1540: loss 1.2545, time 31.37ms, mfu 9.51%
iter 1550: loss 1.2128, time 47.31ms, mfu 9.35%
iter 1560: loss 1.2189, time 47.49ms, mfu 9.20%
iter 1570: loss 1.1946, time 47.17ms, mfu 9.07%
iter 1580: loss 1.2069, time 47.39ms, mfu 8.95%
iter 1590: loss 1.2208, time 31.85ms, mfu 9.22%
iter 1600: loss 1.1966, time 47.11ms, mfu 9.09%
iter 1610: loss 1.2098, time 47.23ms, mfu 8.97%
iter 1620: loss 1.2387, time 47.06ms, mfu 8.87%
iter 1630: loss 1.1967, time 31.31ms, mfu 9.17%
iter 1640: loss 1.2385, time 31.29ms, mfu 9.44%
iter 1650: loss 1.2030, time 46.99ms, mfu 9.29%
iter 1660: loss 1.2035, time 47.33ms, mfu 9.15%
iter 1670: loss 1.2143, time 47.29ms, mfu 9.02%
iter 1680: loss 1.2013, time 33.92ms, mfu 9.22%
iter 1690: loss 1.2236, time 47.24ms, mfu 9.09%
iter 1700: loss 1.1837, time 45.01ms, mfu 9.01%
iter 1710: loss 1.1750, time 31.77ms, mfu 9.28%
iter 1720: loss 1.1883, time 33.86ms, mfu 9.45%
iter 1730: loss 1.2082, time 47.00ms, mfu 9.30%
iter 1740: loss 1.1984, time 48.30ms, mfu 9.14%
step 1750: train loss 1.1052, val loss 1.4958
saving checkpoint to out-hw1-swiglu-lr2e-3
iter 1750: loss 1.1975, time 5347.71ms, mfu 8.23%
iter 1760: loss 1.1920, time 44.98ms, mfu 8.24%
iter 1770: loss 1.1837, time 48.42ms, mfu 8.18%
iter 1780: loss 1.1784, time 47.19ms, mfu 8.16%
iter 1790: loss 1.2068, time 31.87ms, mfu 8.51%
iter 1800: loss 1.1760, time 47.11ms, mfu 8.45%
iter 1810: loss 1.1834, time 44.61ms, mfu 8.44%
iter 1820: loss 1.1330, time 31.88ms, mfu 8.76%
iter 1830: loss 1.1719, time 31.72ms, mfu 9.06%
iter 1840: loss 1.1495, time 47.27ms, mfu 8.94%
iter 1850: loss 1.1896, time 47.49ms, mfu 8.83%
iter 1860: loss 1.1709, time 32.96ms, mfu 9.08%
iter 1870: loss 1.1848, time 47.01ms, mfu 8.97%
iter 1880: loss 1.1560, time 47.13ms, mfu 8.86%
iter 1890: loss 1.1824, time 31.35ms, mfu 9.16%
iter 1900: loss 1.1735, time 47.00ms, mfu 9.04%
iter 1910: loss 1.1600, time 47.08ms, mfu 8.93%
iter 1920: loss 1.1699, time 31.30ms, mfu 9.22%
iter 1930: loss 1.1777, time 31.35ms, mfu 9.49%
iter 1940: loss 1.1690, time 47.81ms, mfu 9.32%
iter 1950: loss 1.1752, time 47.21ms, mfu 9.18%
iter 1960: loss 1.1681, time 31.94ms, mfu 9.43%
iter 1970: loss 1.1651, time 47.24ms, mfu 9.27%
iter 1980: loss 1.1972, time 47.44ms, mfu 9.13%
iter 1990: loss 1.1232, time 31.61ms, mfu 9.40%
step 2000: train loss 1.0595, val loss 1.5007
iter 2000: loss 1.1950, time 5282.69ms, mfu 8.46%
iter 2010: loss 1.1615, time 47.49ms, mfu 8.40%
iter 2020: loss 1.1597, time 31.36ms, mfu 8.75%
iter 2030: loss 1.1361, time 47.01ms, mfu 8.67%
iter 2040: loss 1.1319, time 47.11ms, mfu 8.59%
iter 2050: loss 1.1290, time 46.99ms, mfu 8.53%
iter 2060: loss 1.1331, time 47.24ms, mfu 8.46%
iter 2070: loss 1.1366, time 31.35ms, mfu 8.80%
iter 2080: loss 1.1377, time 49.61ms, mfu 8.68%
iter 2090: loss 1.1080, time 47.48ms, mfu 8.59%
iter 2100: loss 1.1357, time 47.39ms, mfu 8.52%
iter 2110: loss 1.1065, time 31.54ms, mfu 8.85%
iter 2120: loss 1.0923, time 31.76ms, mfu 9.14%
iter 2130: loss 1.1537, time 31.77ms, mfu 9.40%
iter 2140: loss 1.1382, time 48.91ms, mfu 9.22%
iter 2150: loss 1.0980, time 31.97ms, mfu 9.46%
iter 2160: loss 1.1066, time 31.61ms, mfu 9.70%
iter 2170: loss 1.1178, time 45.30ms, mfu 9.55%
iter 2180: loss 1.1327, time 47.46ms, mfu 9.38%
iter 2190: loss 1.1222, time 31.29ms, mfu 9.63%
iter 2200: loss 1.1446, time 31.69ms, mfu 9.84%
iter 2210: loss 1.1150, time 45.76ms, mfu 9.67%
iter 2220: loss 1.1127, time 47.42ms, mfu 9.49%
iter 2230: loss 1.1236, time 46.93ms, mfu 9.34%
iter 2240: loss 1.1277, time 31.46ms, mfu 9.59%
step 2250: train loss 1.0140, val loss 1.5133
iter 2250: loss 1.0750, time 5277.97ms, mfu 8.64%
iter 2260: loss 1.1117, time 31.64ms, mfu 8.95%
iter 2270: loss 1.1182, time 47.83ms, mfu 8.83%
iter 2280: loss 1.0887, time 31.54ms, mfu 9.13%
iter 2290: loss 1.1155, time 31.40ms, mfu 9.41%
iter 2300: loss 1.1248, time 47.39ms, mfu 9.25%
iter 2310: loss 1.1279, time 47.80ms, mfu 9.11%
iter 2320: loss 1.0955, time 47.17ms, mfu 8.99%
iter 2330: loss 1.1435, time 31.80ms, mfu 9.26%
iter 2340: loss 1.0945, time 47.43ms, mfu 9.12%
iter 2350: loss 1.0915, time 47.57ms, mfu 8.99%
iter 2360: loss 1.0818, time 31.73ms, mfu 9.27%
iter 2370: loss 1.1376, time 31.34ms, mfu 9.53%
iter 2380: loss 1.0835, time 31.30ms, mfu 9.77%
iter 2390: loss 1.0954, time 31.60ms, mfu 9.97%
iter 2400: loss 1.0831, time 47.21ms, mfu 9.76%
iter 2410: loss 1.0791, time 48.20ms, mfu 9.56%
iter 2420: loss 1.1252, time 47.18ms, mfu 9.39%
iter 2430: loss 1.1096, time 31.35ms, mfu 9.64%
iter 2440: loss 1.0808, time 47.00ms, mfu 9.47%
iter 2450: loss 1.0720, time 45.93ms, mfu 9.33%
iter 2460: loss 1.0726, time 31.40ms, mfu 9.59%
iter 2470: loss 1.0545, time 31.30ms, mfu 9.82%
iter 2480: loss 1.1020, time 31.23ms, mfu 10.03%
iter 2490: loss 1.1036, time 47.18ms, mfu 9.82%
step 2500: train loss 0.9713, val loss 1.5292
iter 2500: loss 1.1070, time 5273.74ms, mfu 8.84%
iter 2510: loss 1.0980, time 47.22ms, mfu 8.75%
iter 2520: loss 1.0871, time 31.40ms, mfu 9.06%
iter 2530: loss 1.0732, time 47.24ms, mfu 8.94%
iter 2540: loss 1.0698, time 47.07ms, mfu 8.84%
iter 2550: loss 1.0862, time 31.86ms, mfu 9.13%
iter 2560: loss 1.0545, time 31.28ms, mfu 9.40%
iter 2570: loss 1.0549, time 31.64ms, mfu 9.64%
iter 2580: loss 1.0699, time 47.03ms, mfu 9.47%
iter 2590: loss 1.0427, time 48.67ms, mfu 9.29%
iter 2600: loss 1.0281, time 31.58ms, mfu 9.54%
iter 2610: loss 1.0426, time 47.14ms, mfu 9.38%
iter 2620: loss 1.0244, time 47.37ms, mfu 9.22%
iter 2630: loss 1.0567, time 31.48ms, mfu 9.49%
iter 2640: loss 1.0322, time 31.34ms, mfu 9.73%
iter 2650: loss 1.0474, time 47.13ms, mfu 9.54%
iter 2660: loss 1.0922, time 47.23ms, mfu 9.38%
iter 2670: loss 1.0496, time 47.33ms, mfu 9.23%
iter 2680: loss 1.0505, time 31.41ms, mfu 9.49%
iter 2690: loss 1.0064, time 49.04ms, mfu 9.30%
iter 2700: loss 1.0278, time 44.87ms, mfu 9.20%
iter 2710: loss 1.0291, time 31.39ms, mfu 9.47%
iter 2720: loss 1.0176, time 47.35ms, mfu 9.31%
iter 2730: loss 1.0484, time 47.50ms, mfu 9.16%
iter 2740: loss 1.0125, time 47.51ms, mfu 9.03%
step 2750: train loss 0.9184, val loss 1.5433
iter 2750: loss 0.9987, time 5271.99ms, mfu 8.13%
iter 2760: loss 1.0286, time 33.47ms, mfu 8.43%
iter 2770: loss 1.0265, time 44.89ms, mfu 8.42%
iter 2780: loss 1.0368, time 47.26ms, mfu 8.37%
iter 2790: loss 1.0182, time 31.61ms, mfu 8.71%
iter 2800: loss 1.0349, time 31.77ms, mfu 9.01%
iter 2810: loss 1.0153, time 47.07ms, mfu 8.90%
iter 2820: loss 1.0149, time 31.42ms, mfu 9.20%
iter 2830: loss 1.0518, time 31.37ms, mfu 9.47%
iter 2840: loss 1.0174, time 47.18ms, mfu 9.31%
iter 2850: loss 1.0138, time 47.18ms, mfu 9.17%
iter 2860: loss 0.9813, time 45.53ms, mfu 9.07%
iter 2870: loss 1.0026, time 31.57ms, mfu 9.34%
iter 2880: loss 1.0194, time 48.33ms, mfu 9.18%
iter 2890: loss 1.0188, time 47.66ms, mfu 9.04%
iter 2900: loss 0.9981, time 31.33ms, mfu 9.33%
iter 2910: loss 1.0044, time 31.62ms, mfu 9.57%
iter 2920: loss 1.0104, time 47.70ms, mfu 9.40%
iter 2930: loss 1.0121, time 31.84ms, mfu 9.63%
iter 2940: loss 0.9729, time 49.33ms, mfu 9.42%
iter 2950: loss 0.9861, time 47.34ms, mfu 9.27%
iter 2960: loss 1.0044, time 31.65ms, mfu 9.52%
iter 2970: loss 1.0013, time 31.32ms, mfu 9.75%
iter 2980: loss 1.0074, time 47.50ms, mfu 9.56%
iter 2990: loss 1.0269, time 47.32ms, mfu 9.39%
step 3000: train loss 0.8682, val loss 1.5617
iter 3000: loss 0.9700, time 5266.41ms, mfu 8.46%
iter 3010: loss 0.9987, time 47.50ms, mfu 8.40%
iter 3020: loss 1.0026, time 31.73ms, mfu 8.74%
iter 3030: loss 0.9875, time 31.67ms, mfu 9.04%
iter 3040: loss 1.0082, time 31.73ms, mfu 9.31%
iter 3050: loss 0.9690, time 47.07ms, mfu 9.17%
iter 3060: loss 0.9854, time 31.75ms, mfu 9.43%
iter 3070: loss 0.9776, time 31.67ms, mfu 9.66%
iter 3080: loss 0.9616, time 47.41ms, mfu 9.48%
iter 3090: loss 0.9983, time 47.71ms, mfu 9.31%
iter 3100: loss 0.9906, time 31.73ms, mfu 9.56%
iter 3110: loss 0.9572, time 47.19ms, mfu 9.39%
iter 3120: loss 0.9993, time 47.22ms, mfu 9.24%
iter 3130: loss 0.9658, time 31.32ms, mfu 9.51%
iter 3140: loss 0.9888, time 47.24ms, mfu 9.34%
iter 3150: loss 0.9819, time 31.95ms, mfu 9.58%
iter 3160: loss 1.0129, time 49.61ms, mfu 9.37%
iter 3170: loss 1.0026, time 31.48ms, mfu 9.62%
iter 3180: loss 0.9299, time 47.61ms, mfu 9.44%
iter 3190: loss 0.9778, time 47.09ms, mfu 9.29%
iter 3200: loss 0.9771, time 45.37ms, mfu 9.18%
iter 3210: loss 0.9541, time 47.28ms, mfu 9.05%
iter 3220: loss 0.9842, time 30.71ms, mfu 9.36%
iter 3230: loss 0.9550, time 47.39ms, mfu 9.21%
iter 3240: loss 0.9349, time 47.50ms, mfu 9.07%
step 3250: train loss 0.8242, val loss 1.6046
iter 3250: loss 0.9598, time 5255.65ms, mfu 8.17%
iter 3260: loss 0.9336, time 47.41ms, mfu 8.14%
iter 3270: loss 0.9885, time 31.49ms, mfu 8.51%
iter 3280: loss 0.9457, time 47.46ms, mfu 8.44%
iter 3290: loss 0.9613, time 47.17ms, mfu 8.39%
iter 3300: loss 0.9339, time 47.53ms, mfu 8.33%
iter 3310: loss 0.9579, time 47.58ms, mfu 8.28%
iter 3320: loss 0.9394, time 31.66ms, mfu 8.63%
iter 3330: loss 0.9607, time 31.56ms, mfu 8.95%
iter 3340: loss 0.9603, time 31.31ms, mfu 9.24%
iter 3350: loss 0.9302, time 48.66ms, mfu 9.09%
iter 3360: loss 0.9594, time 31.64ms, mfu 9.36%
iter 3370: loss 0.9720, time 31.88ms, mfu 9.59%
iter 3380: loss 0.9655, time 47.43ms, mfu 9.42%
iter 3390: loss 0.9420, time 31.51ms, mfu 9.66%
iter 3400: loss 0.9351, time 32.80ms, mfu 9.83%
iter 3410: loss 0.9232, time 47.51ms, mfu 9.63%
iter 3420: loss 0.9254, time 47.43ms, mfu 9.45%
iter 3430: loss 0.9730, time 31.42ms, mfu 9.69%
iter 3440: loss 0.9399, time 47.04ms, mfu 9.52%
iter 3450: loss 0.9382, time 47.62ms, mfu 9.35%
iter 3460: loss 0.9579, time 47.65ms, mfu 9.19%
iter 3470: loss 0.9164, time 32.53ms, mfu 9.42%
iter 3480: loss 0.9084, time 31.97ms, mfu 9.64%
iter 3490: loss 0.9061, time 48.77ms, mfu 9.44%
step 3500: train loss 0.7751, val loss 1.6261
iter 3500: loss 0.9293, time 5264.74ms, mfu 8.51%
iter 3510: loss 0.9110, time 47.22ms, mfu 8.44%
iter 3520: loss 0.9281, time 47.22ms, mfu 8.39%
iter 3530: loss 0.9190, time 31.68ms, mfu 8.73%
iter 3540: loss 0.9001, time 31.59ms, mfu 9.03%
iter 3550: loss 0.9366, time 47.11ms, mfu 8.92%
iter 3560: loss 0.9098, time 47.65ms, mfu 8.81%
iter 3570: loss 0.9243, time 31.90ms, mfu 9.10%
iter 3580: loss 0.9214, time 31.57ms, mfu 9.37%
iter 3590: loss 0.8936, time 47.42ms, mfu 9.22%
iter 3600: loss 0.9055, time 33.11ms, mfu 9.42%
iter 3610: loss 0.9273, time 31.76ms, mfu 9.65%
iter 3620: loss 0.8912, time 47.33ms, mfu 9.47%
iter 3630: loss 0.9130, time 47.42ms, mfu 9.31%
iter 3640: loss 0.9035, time 31.67ms, mfu 9.56%
iter 3650: loss 0.9128, time 47.13ms, mfu 9.39%
iter 3660: loss 0.8805, time 46.60ms, mfu 9.25%
iter 3670: loss 0.9287, time 31.51ms, mfu 9.51%
iter 3680: loss 0.8880, time 47.31ms, mfu 9.35%
iter 3690: loss 0.9014, time 47.17ms, mfu 9.20%
iter 3700: loss 0.8982, time 44.27ms, mfu 9.12%
iter 3710: loss 0.8993, time 31.80ms, mfu 9.38%
iter 3720: loss 0.8818, time 31.38ms, mfu 9.63%
iter 3730: loss 0.8749, time 47.32ms, mfu 9.46%
iter 3740: loss 0.8779, time 47.25ms, mfu 9.30%
step 3750: train loss 0.7346, val loss 1.6604
iter 3750: loss 0.9052, time 5274.73ms, mfu 8.38%
iter 3760: loss 0.8709, time 47.39ms, mfu 8.33%
iter 3770: loss 0.9092, time 31.75ms, mfu 8.67%
iter 3780: loss 0.8808, time 47.31ms, mfu 8.59%
iter 3790: loss 0.8754, time 31.66ms, mfu 8.91%
iter 3800: loss 0.8912, time 31.52ms, mfu 9.20%
iter 3810: loss 0.9081, time 31.32ms, mfu 9.47%
iter 3820: loss 0.9016, time 47.39ms, mfu 9.31%
iter 3830: loss 0.8691, time 46.91ms, mfu 9.17%
iter 3840: loss 0.8887, time 47.15ms, mfu 9.04%
iter 3850: loss 0.8807, time 47.27ms, mfu 8.93%
iter 3860: loss 0.8755, time 47.10ms, mfu 8.83%
iter 3870: loss 0.8707, time 33.41ms, mfu 9.06%
iter 3880: loss 0.8901, time 31.61ms, mfu 9.33%
iter 3890: loss 0.8858, time 47.12ms, mfu 9.19%
iter 3900: loss 0.8737, time 31.28ms, mfu 9.46%
iter 3910: loss 0.8911, time 33.65ms, mfu 9.62%
iter 3920: loss 0.8703, time 47.08ms, mfu 9.45%
iter 3930: loss 0.8749, time 47.05ms, mfu 9.30%
iter 3940: loss 0.8859, time 47.46ms, mfu 9.15%
iter 3950: loss 0.8526, time 31.51ms, mfu 9.42%
iter 3960: loss 0.8596, time 33.69ms, mfu 9.59%
iter 3970: loss 0.8658, time 47.87ms, mfu 9.41%
iter 3980: loss 0.8869, time 31.91ms, mfu 9.63%
iter 3990: loss 0.8708, time 31.57ms, mfu 9.85%
step 4000: train loss 0.6962, val loss 1.6827
iter 4000: loss 0.8688, time 5269.67ms, mfu 8.87%
iter 4010: loss 0.8627, time 47.34ms, mfu 8.77%
iter 4020: loss 0.8425, time 32.00ms, mfu 9.06%
iter 4030: loss 0.8789, time 31.57ms, mfu 9.33%
iter 4040: loss 0.8683, time 46.73ms, mfu 9.20%
iter 4050: loss 0.8713, time 46.88ms, mfu 9.07%
iter 4060: loss 0.8783, time 31.48ms, mfu 9.35%
iter 4070: loss 0.8747, time 31.98ms, mfu 9.58%
iter 4080: loss 0.8488, time 47.39ms, mfu 9.41%
iter 4090: loss 0.8316, time 47.03ms, mfu 9.26%
iter 4100: loss 0.8428, time 31.95ms, mfu 9.50%
iter 4110: loss 0.8581, time 31.86ms, mfu 9.72%
iter 4120: loss 0.8393, time 47.13ms, mfu 9.54%
iter 4130: loss 0.8506, time 46.92ms, mfu 9.38%
iter 4140: loss 0.8634, time 31.36ms, mfu 9.63%
iter 4150: loss 0.8406, time 31.63ms, mfu 9.84%
iter 4160: loss 0.8601, time 45.20ms, mfu 9.68%
iter 4170: loss 0.8284, time 47.20ms, mfu 9.50%
iter 4180: loss 0.8141, time 31.85ms, mfu 9.72%
iter 4190: loss 0.8512, time 45.12ms, mfu 9.58%
iter 4200: loss 0.8419, time 47.08ms, mfu 9.41%
iter 4210: loss 0.8453, time 31.36ms, mfu 9.66%
iter 4220: loss 0.8621, time 31.56ms, mfu 9.87%
iter 4230: loss 0.8597, time 46.90ms, mfu 9.68%
iter 4240: loss 0.8493, time 31.93ms, mfu 9.88%
step 4250: train loss 0.6637, val loss 1.7060
iter 4250: loss 0.8331, time 5264.73ms, mfu 8.90%
iter 4260: loss 0.8589, time 47.12ms, mfu 8.80%
iter 4270: loss 0.8273, time 47.40ms, mfu 8.71%
iter 4280: loss 0.8223, time 47.00ms, mfu 8.63%
iter 4290: loss 0.8745, time 31.92ms, mfu 8.93%
iter 4300: loss 0.8617, time 31.58ms, mfu 9.22%
iter 4310: loss 0.8413, time 47.26ms, mfu 9.09%
iter 4320: loss 0.8287, time 47.57ms, mfu 8.96%
iter 4330: loss 0.8419, time 31.38ms, mfu 9.25%
iter 4340: loss 0.8182, time 31.46ms, mfu 9.51%
iter 4350: loss 0.8407, time 47.55ms, mfu 9.34%
iter 4360: loss 0.8332, time 47.46ms, mfu 9.19%
iter 4370: loss 0.8156, time 31.35ms, mfu 9.46%
iter 4380: loss 0.8223, time 47.25ms, mfu 9.31%
iter 4390: loss 0.8398, time 47.52ms, mfu 9.16%
iter 4400: loss 0.8305, time 32.00ms, mfu 9.41%
iter 4410: loss 0.8362, time 31.31ms, mfu 9.66%
iter 4420: loss 0.8363, time 47.48ms, mfu 9.48%
iter 4430: loss 0.8328, time 47.67ms, mfu 9.31%
iter 4440: loss 0.8030, time 31.50ms, mfu 9.56%
iter 4450: loss 0.8011, time 47.31ms, mfu 9.39%
iter 4460: loss 0.8419, time 47.53ms, mfu 9.24%
iter 4470: loss 0.8220, time 31.46ms, mfu 9.50%
iter 4480: loss 0.8103, time 45.70ms, mfu 9.36%
iter 4490: loss 0.8204, time 31.44ms, mfu 9.61%
step 4500: train loss 0.6412, val loss 1.7356
iter 4500: loss 0.8243, time 5276.88ms, mfu 8.66%
iter 4510: loss 0.8216, time 31.60ms, mfu 8.97%
iter 4520: loss 0.8211, time 46.58ms, mfu 8.88%
iter 4530: loss 0.8218, time 32.14ms, mfu 9.15%
iter 4540: loss 0.8121, time 47.20ms, mfu 9.02%
iter 4550: loss 0.8316, time 47.59ms, mfu 8.90%
iter 4560: loss 0.8170, time 31.31ms, mfu 9.20%
iter 4570: loss 0.8142, time 47.08ms, mfu 9.07%
iter 4580: loss 0.8287, time 31.82ms, mfu 9.34%
iter 4590: loss 0.8207, time 47.32ms, mfu 9.19%
iter 4600: loss 0.7984, time 31.79ms, mfu 9.44%
iter 4610: loss 0.8224, time 47.64ms, mfu 9.28%
iter 4620: loss 0.7890, time 48.33ms, mfu 9.12%
iter 4630: loss 0.8088, time 31.31ms, mfu 9.40%
iter 4640: loss 0.8095, time 47.09ms, mfu 9.25%
iter 4650: loss 0.8151, time 47.33ms, mfu 9.12%
iter 4660: loss 0.8102, time 47.57ms, mfu 8.99%
iter 4670: loss 0.8216, time 47.13ms, mfu 8.88%
iter 4680: loss 0.8044, time 31.63ms, mfu 9.17%
iter 4690: loss 0.8176, time 47.98ms, mfu 9.03%
iter 4700: loss 0.8113, time 31.37ms, mfu 9.31%
iter 4710: loss 0.8136, time 31.68ms, mfu 9.56%
iter 4720: loss 0.7921, time 47.91ms, mfu 9.38%
iter 4730: loss 0.8363, time 31.55ms, mfu 9.62%
iter 4740: loss 0.8013, time 47.25ms, mfu 9.45%
step 4750: train loss 0.6175, val loss 1.7655
iter 4750: loss 0.7801, time 5257.41ms, mfu 8.51%
iter 4760: loss 0.8038, time 31.23ms, mfu 8.85%
iter 4770: loss 0.8197, time 31.79ms, mfu 9.14%
iter 4780: loss 0.7984, time 31.39ms, mfu 9.41%
iter 4790: loss 0.7955, time 47.24ms, mfu 9.26%
iter 4800: loss 0.8141, time 46.58ms, mfu 9.14%
iter 4810: loss 0.7951, time 31.47ms, mfu 9.41%
iter 4820: loss 0.8144, time 47.59ms, mfu 9.25%
iter 4830: loss 0.7878, time 31.42ms, mfu 9.51%
iter 4840: loss 0.7913, time 48.71ms, mfu 9.32%
iter 4850: loss 0.8071, time 31.50ms, mfu 9.57%
iter 4860: loss 0.8017, time 47.18ms, mfu 9.41%
iter 4870: loss 0.8076, time 47.41ms, mfu 9.25%
iter 4880: loss 0.8166, time 31.39ms, mfu 9.51%
iter 4890: loss 0.7953, time 47.39ms, mfu 9.35%
iter 4900: loss 0.8192, time 32.14ms, mfu 9.57%
iter 4910: loss 0.8091, time 47.70ms, mfu 9.40%
iter 4920: loss 0.7948, time 33.44ms, mfu 9.57%
iter 4930: loss 0.7716, time 31.68ms, mfu 9.79%
iter 4940: loss 0.7964, time 47.59ms, mfu 9.59%
iter 4950: loss 0.7963, time 31.38ms, mfu 9.82%
iter 4960: loss 0.7833, time 47.55ms, mfu 9.62%
iter 4970: loss 0.7756, time 31.34ms, mfu 9.85%
iter 4980: loss 0.7968, time 47.02ms, mfu 9.66%
iter 4990: loss 0.7901, time 31.45ms, mfu 9.88%
step 5000: train loss 0.6000, val loss 1.7735
iter 5000: loss 0.8017, time 5255.13ms, mfu 8.90%
