Overriding config with config/hw1_swiglu.py:
# HW1 Q4 variant: swiglu. Same as train_shakespeare_char.py, one change only.
exec(open('config/train_shakespeare_char.py').read())
out_dir = 'out-hw1-swiglu'
compile = False # torch.compile needs triton, which isn't available on Windows/MPS
mlp_type = 'swiglu'

tokens per iteration will be: 16,384
found vocab_size = 65 (inside data\shakespeare_char\meta.pkl)
Initializing a new model from scratch
number of parameters: 10.65M
D:\hw1\Gengerative-AI\train.py:201: FutureWarning: `torch.cuda.amp.GradScaler(args...)` is deprecated. Please use `torch.amp.GradScaler('cuda', args...)` instead.
  scaler = torch.cuda.amp.GradScaler(enabled=(dtype == 'float16'))
num decayed parameter tensors: 26, with 10,740,096 parameters
num non-decayed parameter tensors: 13, with 4,992 parameters
using fused AdamW: True
step 0: train loss 4.2883, val loss 4.2923
iter 0: loss 4.2721, time 5257.94ms, mfu -100.00%
iter 10: loss 3.3601, time 31.42ms, mfu 11.86%
iter 20: loss 2.8823, time 48.56ms, mfu 11.44%
iter 30: loss 2.6152, time 34.24ms, mfu 11.38%
iter 40: loss 2.5404, time 47.14ms, mfu 11.04%
iter 50: loss 2.5096, time 45.23ms, mfu 10.76%
iter 60: loss 2.4848, time 31.45ms, mfu 10.87%
iter 70: loss 2.4588, time 31.34ms, mfu 10.97%
iter 80: loss 2.4455, time 47.11ms, mfu 10.66%
iter 90: loss 2.4470, time 31.28ms, mfu 10.79%
iter 100: loss 2.4168, time 47.41ms, mfu 10.49%
iter 110: loss 2.3789, time 31.84ms, mfu 10.62%
iter 120: loss 2.3873, time 47.38ms, mfu 10.34%
iter 130: loss 2.3833, time 46.96ms, mfu 10.10%
iter 140: loss 2.3418, time 31.31ms, mfu 10.28%
iter 150: loss 2.3218, time 46.99ms, mfu 10.04%
iter 160: loss 2.3285, time 31.47ms, mfu 10.22%
iter 170: loss 2.2811, time 47.29ms, mfu 9.99%
iter 180: loss 2.2369, time 31.44ms, mfu 10.18%
iter 190: loss 2.2138, time 31.32ms, mfu 10.35%
iter 200: loss 2.1364, time 46.92ms, mfu 10.11%
iter 210: loss 2.0720, time 31.39ms, mfu 10.28%
iter 220: loss 2.0237, time 31.97ms, mfu 10.42%
iter 230: loss 1.9423, time 47.12ms, mfu 10.17%
iter 240: loss 1.9154, time 31.49ms, mfu 10.34%
step 250: train loss 1.8149, val loss 1.9539
saving checkpoint to out-hw1-swiglu
iter 250: loss 1.8859, time 5316.05ms, mfu 9.31%
iter 260: loss 1.8598, time 31.37ms, mfu 9.57%
iter 270: loss 1.7977, time 31.35ms, mfu 9.80%
iter 280: loss 1.7855, time 47.32ms, mfu 9.61%
iter 290: loss 1.7704, time 30.17ms, mfu 9.88%
iter 300: loss 1.7541, time 47.55ms, mfu 9.68%
iter 310: loss 1.7233, time 31.52ms, mfu 9.89%
iter 320: loss 1.6978, time 47.83ms, mfu 9.68%
iter 330: loss 1.6730, time 31.29ms, mfu 9.90%
iter 340: loss 1.6796, time 33.89ms, mfu 10.01%
iter 350: loss 1.6135, time 47.57ms, mfu 9.79%
iter 360: loss 1.5964, time 31.38ms, mfu 10.00%
iter 370: loss 1.6103, time 47.83ms, mfu 9.78%
iter 380: loss 1.6056, time 31.45ms, mfu 9.99%
iter 390: loss 1.5908, time 47.72ms, mfu 9.77%
iter 400: loss 1.5817, time 49.20ms, mfu 9.55%
iter 410: loss 1.5975, time 47.31ms, mfu 9.38%
iter 420: loss 1.5301, time 36.51ms, mfu 9.47%
iter 430: loss 1.5394, time 47.35ms, mfu 9.31%
iter 440: loss 1.5418, time 47.37ms, mfu 9.16%
iter 450: loss 1.5474, time 33.31ms, mfu 9.36%
iter 460: loss 1.4911, time 46.05ms, mfu 9.24%
iter 470: loss 1.5350, time 33.70ms, mfu 9.42%
iter 480: loss 1.5232, time 43.87ms, mfu 9.33%
iter 490: loss 1.4965, time 47.48ms, mfu 9.18%
step 500: train loss 1.4105, val loss 1.6147
saving checkpoint to out-hw1-swiglu
iter 500: loss 1.4903, time 5290.78ms, mfu 8.27%
iter 510: loss 1.4971, time 34.04ms, mfu 8.54%
iter 520: loss 1.5122, time 45.11ms, mfu 8.51%
iter 530: loss 1.4804, time 47.39ms, mfu 8.44%
iter 540: loss 1.4546, time 47.01ms, mfu 8.39%
iter 550: loss 1.4852, time 31.44ms, mfu 8.74%
iter 560: loss 1.4257, time 45.04ms, mfu 8.69%
iter 570: loss 1.4352, time 47.04ms, mfu 8.61%
iter 580: loss 1.4100, time 31.32ms, mfu 8.94%
iter 590: loss 1.4564, time 32.11ms, mfu 9.21%
iter 600: loss 1.4036, time 33.42ms, mfu 9.40%
iter 610: loss 1.4221, time 31.37ms, mfu 9.65%
iter 620: loss 1.3981, time 44.05ms, mfu 9.53%
iter 630: loss 1.4224, time 47.54ms, mfu 9.36%
iter 640: loss 1.4200, time 31.83ms, mfu 9.60%
iter 650: loss 1.3978, time 44.97ms, mfu 9.47%
iter 660: loss 1.4175, time 33.95ms, mfu 9.62%
iter 670: loss 1.4027, time 31.68ms, mfu 9.83%
iter 680: loss 1.3819, time 47.21ms, mfu 9.64%
iter 690: loss 1.3749, time 47.72ms, mfu 9.45%
iter 700: loss 1.3670, time 31.53ms, mfu 9.69%
iter 710: loss 1.3419, time 31.94ms, mfu 9.89%
iter 720: loss 1.3653, time 47.51ms, mfu 9.68%
iter 730: loss 1.3547, time 31.39ms, mfu 9.90%
iter 740: loss 1.3544, time 47.23ms, mfu 9.70%
step 750: train loss 1.2877, val loss 1.5419
saving checkpoint to out-hw1-swiglu
iter 750: loss 1.3546, time 5299.09ms, mfu 8.74%
iter 760: loss 1.3513, time 47.08ms, mfu 8.66%
iter 770: loss 1.3555, time 47.34ms, mfu 8.58%
iter 780: loss 1.3443, time 30.32ms, mfu 8.95%
iter 790: loss 1.3401, time 47.72ms, mfu 8.83%
iter 800: loss 1.3625, time 47.97ms, mfu 8.73%
iter 810: loss 1.3210, time 31.33ms, mfu 9.04%
iter 820: loss 1.3051, time 47.34ms, mfu 8.93%
iter 830: loss 1.3056, time 31.26ms, mfu 9.23%
iter 840: loss 1.3342, time 31.84ms, mfu 9.47%
iter 850: loss 1.3251, time 47.39ms, mfu 9.31%
iter 860: loss 1.3047, time 31.40ms, mfu 9.57%
iter 870: loss 1.3279, time 46.95ms, mfu 9.40%
iter 880: loss 1.2914, time 31.55ms, mfu 9.65%
iter 890: loss 1.3183, time 31.57ms, mfu 9.86%
iter 900: loss 1.2755, time 47.05ms, mfu 9.67%
iter 910: loss 1.2712, time 48.18ms, mfu 9.47%
iter 920: loss 1.3094, time 47.70ms, mfu 9.31%
iter 930: loss 1.2687, time 45.54ms, mfu 9.19%
iter 940: loss 1.2958, time 47.93ms, mfu 9.05%
iter 950: loss 1.3190, time 32.08ms, mfu 9.31%
iter 960: loss 1.2740, time 31.39ms, mfu 9.57%
iter 970: loss 1.2925, time 47.68ms, mfu 9.39%
iter 980: loss 1.2745, time 31.17ms, mfu 9.65%
iter 990: loss 1.2671, time 47.64ms, mfu 9.46%
step 1000: train loss 1.2169, val loss 1.5100
saving checkpoint to out-hw1-swiglu
iter 1000: loss 1.2736, time 5310.44ms, mfu 8.52%
iter 1010: loss 1.2832, time 31.54ms, mfu 8.85%
iter 1020: loss 1.2243, time 47.65ms, mfu 8.75%
iter 1030: loss 1.2741, time 31.50ms, mfu 9.06%
iter 1040: loss 1.2585, time 31.86ms, mfu 9.32%
iter 1050: loss 1.2727, time 47.08ms, mfu 9.18%
iter 1060: loss 1.2387, time 47.51ms, mfu 9.05%
iter 1070: loss 1.2611, time 31.47ms, mfu 9.33%
iter 1080: loss 1.2433, time 47.66ms, mfu 9.18%
iter 1090: loss 1.2681, time 47.61ms, mfu 9.04%
iter 1100: loss 1.2612, time 31.52ms, mfu 9.32%
iter 1110: loss 1.2580, time 47.64ms, mfu 9.17%
iter 1120: loss 1.2341, time 47.11ms, mfu 9.04%
iter 1130: loss 1.2649, time 31.59ms, mfu 9.32%
iter 1140: loss 1.2323, time 47.97ms, mfu 9.16%
iter 1150: loss 1.2990, time 47.30ms, mfu 9.03%
iter 1160: loss 1.2674, time 31.62ms, mfu 9.31%
iter 1170: loss 1.2746, time 31.68ms, mfu 9.56%
iter 1180: loss 1.2567, time 47.73ms, mfu 9.38%
iter 1190: loss 1.2518, time 33.57ms, mfu 9.55%
iter 1200: loss 1.2330, time 31.58ms, mfu 9.78%
iter 1210: loss 1.2287, time 31.84ms, mfu 9.97%
iter 1220: loss 1.2097, time 47.12ms, mfu 9.76%
iter 1230: loss 1.2299, time 31.36ms, mfu 9.98%
iter 1240: loss 1.2434, time 31.65ms, mfu 10.16%
step 1250: train loss 1.1487, val loss 1.4930
saving checkpoint to out-hw1-swiglu
iter 1250: loss 1.2276, time 5283.41ms, mfu 9.15%
iter 1260: loss 1.2256, time 31.77ms, mfu 9.40%
iter 1270: loss 1.2342, time 31.72ms, mfu 9.64%
iter 1280: loss 1.2170, time 47.31ms, mfu 9.46%
iter 1290: loss 1.2260, time 47.56ms, mfu 9.30%
iter 1300: loss 1.2098, time 47.70ms, mfu 9.15%
iter 1310: loss 1.2426, time 31.52ms, mfu 9.42%
iter 1320: loss 1.2440, time 47.68ms, mfu 9.26%
iter 1330: loss 1.2263, time 46.97ms, mfu 9.13%
iter 1340: loss 1.1762, time 31.79ms, mfu 9.39%
iter 1350: loss 1.2227, time 47.12ms, mfu 9.24%
iter 1360: loss 1.2282, time 47.40ms, mfu 9.10%
iter 1370: loss 1.1895, time 30.96ms, mfu 9.39%
iter 1380: loss 1.2197, time 47.40ms, mfu 9.24%
iter 1390: loss 1.2138, time 31.92ms, mfu 9.48%
iter 1400: loss 1.1748, time 46.95ms, mfu 9.33%
iter 1410: loss 1.2127, time 47.52ms, mfu 9.18%
iter 1420: loss 1.1890, time 31.30ms, mfu 9.45%
iter 1430: loss 1.1628, time 47.17ms, mfu 9.30%
iter 1440: loss 1.1706, time 33.67ms, mfu 9.47%
iter 1450: loss 1.2036, time 47.18ms, mfu 9.32%
iter 1460: loss 1.1561, time 47.39ms, mfu 9.17%
iter 1470: loss 1.1613, time 31.69ms, mfu 9.43%
iter 1480: loss 1.2071, time 47.33ms, mfu 9.27%
iter 1490: loss 1.1667, time 31.37ms, mfu 9.53%
step 1500: train loss 1.0930, val loss 1.4957
iter 1500: loss 1.1495, time 5196.25ms, mfu 8.59%
iter 1510: loss 1.1515, time 46.98ms, mfu 8.52%
iter 1520: loss 1.1641, time 31.53ms, mfu 8.85%
iter 1530: loss 1.1769, time 31.88ms, mfu 9.14%
iter 1540: loss 1.1903, time 47.23ms, mfu 9.01%
iter 1550: loss 1.1568, time 31.52ms, mfu 9.29%
iter 1560: loss 1.1613, time 47.39ms, mfu 9.15%
iter 1570: loss 1.1364, time 47.00ms, mfu 9.03%
iter 1580: loss 1.1435, time 30.97ms, mfu 9.33%
iter 1590: loss 1.1645, time 47.09ms, mfu 9.19%
iter 1600: loss 1.1319, time 47.57ms, mfu 9.05%
iter 1610: loss 1.1550, time 31.52ms, mfu 9.33%
iter 1620: loss 1.1729, time 46.10ms, mfu 9.20%
iter 1630: loss 1.1381, time 31.43ms, mfu 9.47%
iter 1640: loss 1.1692, time 31.95ms, mfu 9.69%
iter 1650: loss 1.1485, time 47.27ms, mfu 9.51%
iter 1660: loss 1.1351, time 31.44ms, mfu 9.74%
iter 1670: loss 1.1490, time 31.46ms, mfu 9.95%
iter 1680: loss 1.1312, time 47.33ms, mfu 9.74%
iter 1690: loss 1.1513, time 47.03ms, mfu 9.56%
iter 1700: loss 1.1228, time 31.97ms, mfu 9.77%
iter 1710: loss 1.1163, time 47.50ms, mfu 9.58%
iter 1720: loss 1.1192, time 31.30ms, mfu 9.81%
iter 1730: loss 1.1422, time 47.89ms, mfu 9.61%
iter 1740: loss 1.1358, time 33.35ms, mfu 9.76%
step 1750: train loss 1.0386, val loss 1.5009
iter 1750: loss 1.1321, time 5205.40ms, mfu 8.80%
iter 1760: loss 1.1323, time 47.50ms, mfu 8.70%
iter 1770: loss 1.1261, time 47.43ms, mfu 8.62%
iter 1780: loss 1.1324, time 31.64ms, mfu 8.93%
iter 1790: loss 1.1501, time 47.10ms, mfu 8.83%
iter 1800: loss 1.1156, time 31.62ms, mfu 9.13%
iter 1810: loss 1.1160, time 46.96ms, mfu 9.01%
iter 1820: loss 1.0743, time 47.08ms, mfu 8.90%
iter 1830: loss 1.1012, time 31.97ms, mfu 9.17%
iter 1840: loss 1.0854, time 47.69ms, mfu 9.04%
iter 1850: loss 1.1221, time 31.72ms, mfu 9.31%
iter 1860: loss 1.1145, time 31.40ms, mfu 9.56%
iter 1870: loss 1.1204, time 47.07ms, mfu 9.40%
iter 1880: loss 1.0920, time 47.54ms, mfu 9.24%
iter 1890: loss 1.1090, time 31.55ms, mfu 9.50%
iter 1900: loss 1.1147, time 32.71ms, mfu 9.69%
iter 1910: loss 1.0840, time 47.43ms, mfu 9.51%
iter 1920: loss 1.1081, time 31.87ms, mfu 9.72%
iter 1930: loss 1.1003, time 31.27ms, mfu 9.94%
iter 1940: loss 1.0986, time 47.56ms, mfu 9.73%
iter 1950: loss 1.1055, time 31.54ms, mfu 9.94%
iter 1960: loss 1.1094, time 47.80ms, mfu 9.73%
iter 1970: loss 1.1012, time 47.15ms, mfu 9.54%
iter 1980: loss 1.1249, time 31.31ms, mfu 9.78%
iter 1990: loss 1.0606, time 47.22ms, mfu 9.59%
step 2000: train loss 0.9850, val loss 1.5143
iter 2000: loss 1.1247, time 5197.69ms, mfu 8.64%
iter 2010: loss 1.0868, time 45.00ms, mfu 8.60%
iter 2020: loss 1.0954, time 47.38ms, mfu 8.53%
iter 2030: loss 1.0691, time 31.78ms, mfu 8.85%
iter 2040: loss 1.0708, time 47.01ms, mfu 8.76%
iter 2050: loss 1.0668, time 31.84ms, mfu 9.05%
iter 2060: loss 1.0589, time 45.47ms, mfu 8.97%
iter 2070: loss 1.0677, time 47.14ms, mfu 8.86%
iter 2080: loss 1.0662, time 31.57ms, mfu 9.15%
iter 2090: loss 1.0398, time 31.88ms, mfu 9.41%
iter 2100: loss 1.0808, time 45.29ms, mfu 9.29%
iter 2110: loss 1.0429, time 47.24ms, mfu 9.15%
iter 2120: loss 1.0276, time 31.55ms, mfu 9.42%
iter 2130: loss 1.0810, time 31.42ms, mfu 9.66%
iter 2140: loss 1.0701, time 47.09ms, mfu 9.48%
iter 2150: loss 1.0284, time 32.47ms, mfu 9.68%
iter 2160: loss 1.0341, time 31.82ms, mfu 9.89%
iter 2170: loss 1.0355, time 46.99ms, mfu 9.69%
iter 2180: loss 1.0740, time 31.32ms, mfu 9.91%
iter 2190: loss 1.0525, time 47.13ms, mfu 9.71%
iter 2200: loss 1.0762, time 47.40ms, mfu 9.53%
iter 2210: loss 1.0514, time 31.34ms, mfu 9.76%
iter 2220: loss 1.0405, time 47.72ms, mfu 9.57%
iter 2230: loss 1.0437, time 31.51ms, mfu 9.79%
iter 2240: loss 1.0544, time 47.57ms, mfu 9.60%
step 2250: train loss 0.9297, val loss 1.5492
iter 2250: loss 0.9982, time 5221.47ms, mfu 8.64%
iter 2260: loss 1.0526, time 31.71ms, mfu 8.96%
iter 2270: loss 1.0526, time 47.35ms, mfu 8.85%
iter 2280: loss 1.0236, time 31.38ms, mfu 9.15%
iter 2290: loss 1.0340, time 47.39ms, mfu 9.02%
iter 2300: loss 1.0538, time 46.82ms, mfu 8.91%
iter 2310: loss 1.0548, time 31.84ms, mfu 9.19%
iter 2320: loss 1.0161, time 47.49ms, mfu 9.06%
iter 2330: loss 1.0574, time 47.57ms, mfu 8.94%
iter 2340: loss 1.0234, time 31.49ms, mfu 9.23%
iter 2350: loss 1.0205, time 47.83ms, mfu 9.08%
iter 2360: loss 1.0112, time 31.42ms, mfu 9.36%
iter 2370: loss 1.0632, time 47.68ms, mfu 9.21%
iter 2380: loss 1.0114, time 47.38ms, mfu 9.07%
iter 2390: loss 1.0217, time 31.68ms, mfu 9.34%
iter 2400: loss 1.0060, time 47.24ms, mfu 9.20%
iter 2410: loss 1.0100, time 31.70ms, mfu 9.45%
iter 2420: loss 1.0440, time 31.31ms, mfu 9.70%
iter 2430: loss 1.0330, time 47.38ms, mfu 9.51%
iter 2440: loss 1.0105, time 31.89ms, mfu 9.73%
iter 2450: loss 0.9961, time 47.48ms, mfu 9.54%
iter 2460: loss 1.0078, time 31.34ms, mfu 9.78%
iter 2470: loss 0.9792, time 31.57ms, mfu 9.98%
iter 2480: loss 1.0309, time 47.41ms, mfu 9.77%
iter 2490: loss 1.0346, time 31.37ms, mfu 9.98%
step 2500: train loss 0.8749, val loss 1.5738
iter 2500: loss 1.0285, time 5205.32ms, mfu 8.99%
iter 2510: loss 1.0249, time 31.35ms, mfu 9.28%
iter 2520: loss 1.0040, time 49.95ms, mfu 9.10%
iter 2530: loss 1.0106, time 31.68ms, mfu 9.36%
iter 2540: loss 0.9959, time 47.15ms, mfu 9.22%
iter 2550: loss 1.0062, time 48.85ms, mfu 9.06%
iter 2560: loss 0.9855, time 31.56ms, mfu 9.33%
iter 2570: loss 0.9777, time 47.53ms, mfu 9.18%
iter 2580: loss 0.9978, time 31.28ms, mfu 9.46%
iter 2590: loss 0.9580, time 47.53ms, mfu 9.29%
iter 2600: loss 0.9577, time 47.16ms, mfu 9.16%
iter 2610: loss 0.9636, time 31.34ms, mfu 9.43%
iter 2620: loss 0.9569, time 47.15ms, mfu 9.28%
iter 2630: loss 0.9835, time 31.71ms, mfu 9.52%
iter 2640: loss 0.9543, time 47.47ms, mfu 9.36%
iter 2650: loss 0.9899, time 47.96ms, mfu 9.20%
iter 2660: loss 1.0062, time 31.37ms, mfu 9.47%
iter 2670: loss 0.9862, time 47.56ms, mfu 9.30%
iter 2680: loss 0.9652, time 47.24ms, mfu 9.16%
iter 2690: loss 0.9314, time 31.51ms, mfu 9.43%
iter 2700: loss 0.9517, time 47.12ms, mfu 9.28%
iter 2710: loss 0.9618, time 31.40ms, mfu 9.53%
iter 2720: loss 0.9502, time 47.36ms, mfu 9.37%
iter 2730: loss 0.9634, time 31.54ms, mfu 9.61%
iter 2740: loss 0.9474, time 31.55ms, mfu 9.83%
step 2750: train loss 0.8208, val loss 1.6047
iter 2750: loss 0.9309, time 5205.25ms, mfu 8.86%
iter 2760: loss 0.9565, time 31.71ms, mfu 9.15%
iter 2770: loss 0.9683, time 47.36ms, mfu 9.02%
iter 2780: loss 0.9617, time 31.30ms, mfu 9.31%
iter 2790: loss 0.9442, time 31.70ms, mfu 9.55%
iter 2800: loss 0.9582, time 47.20ms, mfu 9.39%
iter 2810: loss 0.9395, time 47.02ms, mfu 9.24%
iter 2820: loss 0.9269, time 31.64ms, mfu 9.49%
iter 2830: loss 0.9798, time 47.53ms, mfu 9.33%
iter 2840: loss 0.9495, time 31.31ms, mfu 9.59%
iter 2850: loss 0.9365, time 43.03ms, mfu 9.49%
iter 2860: loss 0.8994, time 30.38ms, mfu 9.77%
iter 2870: loss 0.9238, time 47.23ms, mfu 9.58%
iter 2880: loss 0.9293, time 31.77ms, mfu 9.80%
iter 2890: loss 0.9397, time 47.18ms, mfu 9.61%
iter 2900: loss 0.9277, time 31.82ms, mfu 9.82%
iter 2910: loss 0.9290, time 31.50ms, mfu 10.02%
iter 2920: loss 0.9300, time 47.03ms, mfu 9.81%
iter 2930: loss 0.9216, time 32.23ms, mfu 9.98%
iter 2940: loss 0.9043, time 47.78ms, mfu 9.77%
iter 2950: loss 0.9161, time 47.48ms, mfu 9.57%
iter 2960: loss 0.9286, time 31.39ms, mfu 9.80%
iter 2970: loss 0.9271, time 47.45ms, mfu 9.61%
iter 2980: loss 0.9405, time 34.01ms, mfu 9.74%
iter 2990: loss 0.9543, time 45.23ms, mfu 9.59%
step 3000: train loss 0.7622, val loss 1.6434
iter 3000: loss 0.9008, time 5209.34ms, mfu 8.64%
iter 3010: loss 0.9248, time 31.38ms, mfu 8.96%
iter 3020: loss 0.9166, time 47.47ms, mfu 8.85%
iter 3030: loss 0.9119, time 31.89ms, mfu 9.14%
iter 3040: loss 0.9325, time 44.95ms, mfu 9.05%
iter 3050: loss 0.9001, time 34.50ms, mfu 9.23%
iter 3060: loss 0.9046, time 47.39ms, mfu 9.09%
iter 3070: loss 0.8954, time 49.30ms, mfu 8.94%
iter 3080: loss 0.8878, time 31.51ms, mfu 9.23%
iter 3090: loss 0.9153, time 47.37ms, mfu 9.09%
iter 3100: loss 0.9077, time 31.88ms, mfu 9.35%
iter 3110: loss 0.8772, time 31.73ms, mfu 9.59%
iter 3120: loss 0.9204, time 46.58ms, mfu 9.43%
iter 3130: loss 0.8785, time 33.91ms, mfu 9.59%
iter 3140: loss 0.9120, time 47.43ms, mfu 9.41%
iter 3150: loss 0.8973, time 47.58ms, mfu 9.25%
iter 3160: loss 0.9195, time 47.61ms, mfu 9.11%
iter 3170: loss 0.9153, time 45.12ms, mfu 9.03%
iter 3180: loss 0.8547, time 47.06ms, mfu 8.92%
iter 3190: loss 0.9021, time 31.49ms, mfu 9.21%
iter 3200: loss 0.9027, time 47.92ms, mfu 9.06%
iter 3210: loss 0.8738, time 47.41ms, mfu 8.94%
iter 3220: loss 0.8866, time 31.84ms, mfu 9.22%
iter 3230: loss 0.8830, time 47.47ms, mfu 9.08%
iter 3240: loss 0.8632, time 31.49ms, mfu 9.36%
step 3250: train loss 0.7148, val loss 1.6828
iter 3250: loss 0.8687, time 5206.90ms, mfu 8.43%
iter 3260: loss 0.8612, time 45.05ms, mfu 8.41%
iter 3270: loss 0.8894, time 31.37ms, mfu 8.76%
iter 3280: loss 0.8739, time 32.96ms, mfu 9.01%
iter 3290: loss 0.8655, time 31.37ms, mfu 9.30%
iter 3300: loss 0.8445, time 31.61ms, mfu 9.55%
iter 3310: loss 0.8842, time 46.98ms, mfu 9.39%
iter 3320: loss 0.8661, time 31.36ms, mfu 9.64%
iter 3330: loss 0.8835, time 46.99ms, mfu 9.47%
iter 3340: loss 0.8848, time 33.86ms, mfu 9.62%
iter 3350: loss 0.8597, time 44.84ms, mfu 9.49%
iter 3360: loss 0.8779, time 47.03ms, mfu 9.33%
iter 3370: loss 0.8885, time 47.61ms, mfu 9.18%
iter 3380: loss 0.8845, time 45.18ms, mfu 9.09%
iter 3390: loss 0.8727, time 31.60ms, mfu 9.36%
iter 3400: loss 0.8538, time 47.09ms, mfu 9.21%
iter 3410: loss 0.8535, time 31.40ms, mfu 9.48%
iter 3420: loss 0.8408, time 32.09ms, mfu 9.69%
iter 3430: loss 0.8923, time 44.82ms, mfu 9.55%
iter 3440: loss 0.8674, time 31.52ms, mfu 9.78%
iter 3450: loss 0.8554, time 47.33ms, mfu 9.59%
iter 3460: loss 0.8639, time 31.27ms, mfu 9.82%
iter 3470: loss 0.8320, time 32.42ms, mfu 9.99%
iter 3480: loss 0.8317, time 47.07ms, mfu 9.78%
iter 3490: loss 0.8282, time 31.83ms, mfu 9.98%
step 3500: train loss 0.6681, val loss 1.7136
iter 3500: loss 0.8525, time 5207.25ms, mfu 8.99%
iter 3510: loss 0.8338, time 47.15ms, mfu 8.88%
iter 3520: loss 0.8426, time 31.73ms, mfu 9.16%
iter 3530: loss 0.8310, time 47.41ms, mfu 9.03%
iter 3540: loss 0.8165, time 47.33ms, mfu 8.92%
iter 3550: loss 0.8582, time 31.93ms, mfu 9.19%
iter 3560: loss 0.8321, time 47.05ms, mfu 9.07%
iter 3570: loss 0.8515, time 31.28ms, mfu 9.35%
iter 3580: loss 0.8427, time 47.39ms, mfu 9.20%
iter 3590: loss 0.8207, time 47.86ms, mfu 9.06%
iter 3600: loss 0.8098, time 31.28ms, mfu 9.34%
iter 3610: loss 0.8559, time 31.51ms, mfu 9.59%
iter 3620: loss 0.8279, time 31.73ms, mfu 9.81%
iter 3630: loss 0.8337, time 31.71ms, mfu 10.00%
iter 3640: loss 0.8306, time 31.30ms, mfu 10.19%
iter 3650: loss 0.8337, time 32.00ms, mfu 10.34%
iter 3660: loss 0.8106, time 31.39ms, mfu 10.49%
iter 3670: loss 0.8497, time 47.51ms, mfu 10.23%
iter 3680: loss 0.8153, time 31.32ms, mfu 10.39%
iter 3690: loss 0.8069, time 31.78ms, mfu 10.53%
iter 3700: loss 0.8190, time 47.83ms, mfu 10.25%
iter 3710: loss 0.8250, time 31.41ms, mfu 10.41%
iter 3720: loss 0.8047, time 47.51ms, mfu 10.16%
iter 3730: loss 0.8028, time 31.54ms, mfu 10.32%
iter 3740: loss 0.8103, time 31.39ms, mfu 10.48%
step 3750: train loss 0.6252, val loss 1.7529
iter 3750: loss 0.8205, time 5200.52ms, mfu 9.44%
iter 3760: loss 0.7971, time 31.83ms, mfu 9.66%
iter 3770: loss 0.8266, time 47.21ms, mfu 9.49%
iter 3780: loss 0.8026, time 31.30ms, mfu 9.73%
iter 3790: loss 0.7979, time 31.31ms, mfu 9.95%
iter 3800: loss 0.8238, time 47.41ms, mfu 9.74%
iter 3810: loss 0.8212, time 31.29ms, mfu 9.95%
iter 3820: loss 0.8215, time 32.10ms, mfu 10.12%
iter 3830: loss 0.7916, time 47.16ms, mfu 9.90%
iter 3840: loss 0.8136, time 31.36ms, mfu 10.10%
iter 3850: loss 0.8141, time 47.48ms, mfu 9.87%
iter 3860: loss 0.7986, time 47.65ms, mfu 9.67%
iter 3870: loss 0.7919, time 31.78ms, mfu 9.87%
iter 3880: loss 0.8115, time 48.72ms, mfu 9.65%
iter 3890: loss 0.8006, time 47.39ms, mfu 9.47%
iter 3900: loss 0.8018, time 31.28ms, mfu 9.71%
iter 3910: loss 0.8042, time 47.53ms, mfu 9.53%
iter 3920: loss 0.8040, time 31.41ms, mfu 9.76%
iter 3930: loss 0.8042, time 31.49ms, mfu 9.97%
iter 3940: loss 0.8143, time 47.51ms, mfu 9.76%
iter 3950: loss 0.7829, time 47.59ms, mfu 9.56%
iter 3960: loss 0.7801, time 32.16ms, mfu 9.77%
iter 3970: loss 0.7900, time 47.37ms, mfu 9.58%
iter 3980: loss 0.8209, time 47.59ms, mfu 9.40%
iter 3990: loss 0.7956, time 31.34ms, mfu 9.65%
step 4000: train loss 0.5918, val loss 1.7840
iter 4000: loss 0.7865, time 5285.95ms, mfu 8.69%
iter 4010: loss 0.7864, time 31.81ms, mfu 8.99%
iter 4020: loss 0.7632, time 47.16ms, mfu 8.88%
iter 4030: loss 0.7922, time 31.33ms, mfu 9.19%
iter 4040: loss 0.7961, time 31.83ms, mfu 9.44%
iter 4050: loss 0.7909, time 47.67ms, mfu 9.28%
iter 4060: loss 0.7832, time 47.23ms, mfu 9.14%
iter 4070: loss 0.7896, time 31.56ms, mfu 9.40%
iter 4080: loss 0.7825, time 31.36ms, mfu 9.65%
iter 4090: loss 0.7623, time 47.45ms, mfu 9.47%
iter 4100: loss 0.7724, time 31.51ms, mfu 9.71%
iter 4110: loss 0.7880, time 46.98ms, mfu 9.53%
iter 4120: loss 0.7605, time 47.42ms, mfu 9.36%
iter 4130: loss 0.7762, time 31.51ms, mfu 9.61%
iter 4140: loss 0.7800, time 31.86ms, mfu 9.82%
iter 4150: loss 0.7718, time 31.51ms, mfu 10.02%
iter 4160: loss 0.7857, time 47.58ms, mfu 9.80%
iter 4170: loss 0.7576, time 31.50ms, mfu 10.00%
iter 4180: loss 0.7306, time 31.88ms, mfu 10.17%
iter 4190: loss 0.7784, time 31.82ms, mfu 10.33%
iter 4200: loss 0.7561, time 47.12ms, mfu 10.08%
iter 4210: loss 0.7638, time 47.19ms, mfu 9.86%
iter 4220: loss 0.7746, time 31.34ms, mfu 10.07%
iter 4230: loss 0.7752, time 31.41ms, mfu 10.25%
iter 4240: loss 0.7797, time 47.45ms, mfu 10.01%
step 4250: train loss 0.5575, val loss 1.8167
iter 4250: loss 0.7557, time 5169.76ms, mfu 9.01%
iter 4260: loss 0.7731, time 47.55ms, mfu 8.90%
iter 4270: loss 0.7568, time 47.71ms, mfu 8.79%
iter 4280: loss 0.7428, time 31.40ms, mfu 9.10%
iter 4290: loss 0.7904, time 31.38ms, mfu 9.37%
iter 4300: loss 0.7870, time 47.70ms, mfu 9.22%
iter 4310: loss 0.7742, time 31.64ms, mfu 9.47%
iter 4320: loss 0.7655, time 31.67ms, mfu 9.70%
iter 4330: loss 0.7796, time 31.30ms, mfu 9.92%
iter 4340: loss 0.7555, time 47.30ms, mfu 9.72%
iter 4350: loss 0.7727, time 47.32ms, mfu 9.53%
iter 4360: loss 0.7595, time 31.31ms, mfu 9.77%
iter 4370: loss 0.7464, time 31.29ms, mfu 9.98%
iter 4380: loss 0.7507, time 46.94ms, mfu 9.78%
iter 4390: loss 0.7568, time 47.32ms, mfu 9.59%
iter 4400: loss 0.7527, time 47.82ms, mfu 9.41%
iter 4410: loss 0.7652, time 30.62ms, mfu 9.69%
iter 4420: loss 0.7549, time 47.39ms, mfu 9.50%
iter 4430: loss 0.7597, time 47.30ms, mfu 9.34%
iter 4440: loss 0.7328, time 31.34ms, mfu 9.60%
iter 4450: loss 0.7289, time 32.10ms, mfu 9.80%
iter 4460: loss 0.7711, time 47.34ms, mfu 9.60%
iter 4470: loss 0.7522, time 47.02ms, mfu 9.44%
iter 4480: loss 0.7389, time 31.52ms, mfu 9.67%
iter 4490: loss 0.7425, time 47.01ms, mfu 9.50%
step 4500: train loss 0.5362, val loss 1.8366
iter 4500: loss 0.7524, time 5197.68ms, mfu 8.56%
iter 4510: loss 0.7594, time 47.57ms, mfu 8.48%
iter 4520: loss 0.7470, time 47.39ms, mfu 8.42%
iter 4530: loss 0.7411, time 31.91ms, mfu 8.75%
iter 4540: loss 0.7420, time 47.53ms, mfu 8.66%
iter 4550: loss 0.7595, time 31.32ms, mfu 8.98%
iter 4560: loss 0.7439, time 47.24ms, mfu 8.87%
iter 4570: loss 0.7546, time 47.55ms, mfu 8.77%
iter 4580: loss 0.7600, time 31.46ms, mfu 9.08%
iter 4590: loss 0.7616, time 31.91ms, mfu 9.34%
iter 4600: loss 0.7276, time 47.07ms, mfu 9.19%
iter 4610: loss 0.7492, time 47.82ms, mfu 9.05%
iter 4620: loss 0.7176, time 31.60ms, mfu 9.33%
iter 4630: loss 0.7246, time 32.01ms, mfu 9.56%
iter 4640: loss 0.7320, time 32.00ms, mfu 9.77%
iter 4650: loss 0.7570, time 45.28ms, mfu 9.61%
iter 4660: loss 0.7445, time 47.62ms, mfu 9.43%
iter 4670: loss 0.7426, time 31.97ms, mfu 9.66%
iter 4680: loss 0.7378, time 31.79ms, mfu 9.86%
iter 4690: loss 0.7488, time 31.37ms, mfu 10.07%
iter 4700: loss 0.7368, time 31.50ms, mfu 10.24%
iter 4710: loss 0.7498, time 47.36ms, mfu 10.00%
iter 4720: loss 0.7298, time 47.82ms, mfu 9.78%
iter 4730: loss 0.7454, time 31.75ms, mfu 9.98%
iter 4740: loss 0.7269, time 31.81ms, mfu 10.15%
step 4750: train loss 0.5149, val loss 1.8788
iter 4750: loss 0.7156, time 5172.14ms, mfu 9.14%
iter 4760: loss 0.7344, time 31.67ms, mfu 9.41%
iter 4770: loss 0.7496, time 48.92ms, mfu 9.23%
iter 4780: loss 0.7177, time 47.45ms, mfu 9.09%
iter 4790: loss 0.7259, time 31.58ms, mfu 9.36%
iter 4800: loss 0.7402, time 31.38ms, mfu 9.61%
iter 4810: loss 0.7276, time 47.14ms, mfu 9.44%
iter 4820: loss 0.7504, time 47.02ms, mfu 9.29%
iter 4830: loss 0.7154, time 31.74ms, mfu 9.53%
iter 4840: loss 0.7207, time 31.63ms, mfu 9.76%
iter 4850: loss 0.7323, time 47.03ms, mfu 9.58%
iter 4860: loss 0.7445, time 47.05ms, mfu 9.41%
iter 4870: loss 0.7317, time 47.72ms, mfu 9.25%
iter 4880: loss 0.7511, time 31.69ms, mfu 9.50%
iter 4890: loss 0.7299, time 31.27ms, mfu 9.74%
iter 4900: loss 0.7543, time 46.98ms, mfu 9.56%
iter 4910: loss 0.7303, time 31.30ms, mfu 9.80%
iter 4920: loss 0.7279, time 47.51ms, mfu 9.60%
iter 4930: loss 0.7127, time 47.40ms, mfu 9.43%
iter 4940: loss 0.7202, time 47.32ms, mfu 9.27%
iter 4950: loss 0.7196, time 31.45ms, mfu 9.53%
iter 4960: loss 0.7147, time 31.83ms, mfu 9.75%
iter 4970: loss 0.7109, time 47.02ms, mfu 9.56%
iter 4980: loss 0.7347, time 31.63ms, mfu 9.79%
iter 4990: loss 0.7166, time 47.17ms, mfu 9.60%
step 5000: train loss 0.5013, val loss 1.8808
iter 5000: loss 0.7344, time 5179.63ms, mfu 8.64%
